Archive member included to satisfy reference by file (symbol)

C:\Users\Javi\AppData\Local\Temp\arduino-sketch-CE17654890BAE2EA24103D929A24FD4C/..\arduino-core-cache\core_adafruit_samd_adafruit_feather_m0_4ac7819664878dff9063eadadc7bf4c4.a(Print.cpp.o)
                              C:\Users\Javi\AppData\Local\Temp\arduino-sketch-CE17654890BAE2EA24103D929A24FD4C\sketch\TEST_0.ino.cpp.o (Print::print(char const*))
C:\Users\Javi\AppData\Local\Temp\arduino-sketch-CE17654890BAE2EA24103D929A24FD4C/..\arduino-core-cache\core_adafruit_samd_adafruit_feather_m0_4ac7819664878dff9063eadadc7bf4c4.a(SERCOM.cpp.o)
                              C:\Users\Javi\AppData\Local\Temp\arduino-sketch-CE17654890BAE2EA24103D929A24FD4C\core\variant.cpp.o (SERCOM::SERCOM(Sercom*))
C:\Users\Javi\AppData\Local\Temp\arduino-sketch-CE17654890BAE2EA24103D929A24FD4C/..\arduino-core-cache\core_adafruit_samd_adafruit_feather_m0_4ac7819664878dff9063eadadc7bf4c4.a(Uart.cpp.o)
                              C:\Users\Javi\AppData\Local\Temp\arduino-sketch-CE17654890BAE2EA24103D929A24FD4C\sketch\TEST_0.ino.cpp.o (Uart::begin(unsigned long))
C:\Users\Javi\AppData\Local\Temp\arduino-sketch-CE17654890BAE2EA24103D929A24FD4C/..\arduino-core-cache\core_adafruit_samd_adafruit_feather_m0_4ac7819664878dff9063eadadc7bf4c4.a(abi.cpp.o)
                              C:\Users\Javi\AppData\Local\Temp\arduino-sketch-CE17654890BAE2EA24103D929A24FD4C/..\arduino-core-cache\core_adafruit_samd_adafruit_feather_m0_4ac7819664878dff9063eadadc7bf4c4.a(Print.cpp.o) (__cxa_pure_virtual)
C:\Users\Javi\AppData\Local\Temp\arduino-sketch-CE17654890BAE2EA24103D929A24FD4C/..\arduino-core-cache\core_adafruit_samd_adafruit_feather_m0_4ac7819664878dff9063eadadc7bf4c4.a(cortex_handlers.c.o)
                              (Reset_Handler)
C:\Users\Javi\AppData\Local\Temp\arduino-sketch-CE17654890BAE2EA24103D929A24FD4C/..\arduino-core-cache\core_adafruit_samd_adafruit_feather_m0_4ac7819664878dff9063eadadc7bf4c4.a(delay.c.o)
                              C:\Users\Javi\AppData\Local\Temp\arduino-sketch-CE17654890BAE2EA24103D929A24FD4C/..\arduino-core-cache\core_adafruit_samd_adafruit_feather_m0_4ac7819664878dff9063eadadc7bf4c4.a(cortex_handlers.c.o) (SysTick_DefaultHandler)
C:\Users\Javi\AppData\Local\Temp\arduino-sketch-CE17654890BAE2EA24103D929A24FD4C/..\arduino-core-cache\core_adafruit_samd_adafruit_feather_m0_4ac7819664878dff9063eadadc7bf4c4.a(hooks.c.o)
                              C:\Users\Javi\AppData\Local\Temp\arduino-sketch-CE17654890BAE2EA24103D929A24FD4C/..\arduino-core-cache\core_adafruit_samd_adafruit_feather_m0_4ac7819664878dff9063eadadc7bf4c4.a(delay.c.o) (yield)
C:\Users\Javi\AppData\Local\Temp\arduino-sketch-CE17654890BAE2EA24103D929A24FD4C/..\arduino-core-cache\core_adafruit_samd_adafruit_feather_m0_4ac7819664878dff9063eadadc7bf4c4.a(main.cpp.o)
                              c:/users/javi/appdata/local/arduino15/packages/arduino/tools/arm-none-eabi-gcc/7-2017q4/bin/../lib/gcc/arm-none-eabi/7.2.1/../../../../arm-none-eabi/lib/thumb/v6-m/crt0.o (main)
C:\Users\Javi\AppData\Local\Temp\arduino-sketch-CE17654890BAE2EA24103D929A24FD4C/..\arduino-core-cache\core_adafruit_samd_adafruit_feather_m0_4ac7819664878dff9063eadadc7bf4c4.a(startup.c.o)
                              C:\Users\Javi\AppData\Local\Temp\arduino-sketch-CE17654890BAE2EA24103D929A24FD4C/..\arduino-core-cache\core_adafruit_samd_adafruit_feather_m0_4ac7819664878dff9063eadadc7bf4c4.a(cortex_handlers.c.o) (SystemInit)
C:\Users\Javi\AppData\Local\Temp\arduino-sketch-CE17654890BAE2EA24103D929A24FD4C/..\arduino-core-cache\core_adafruit_samd_adafruit_feather_m0_4ac7819664878dff9063eadadc7bf4c4.a(wiring.c.o)
                              C:\Users\Javi\AppData\Local\Temp\arduino-sketch-CE17654890BAE2EA24103D929A24FD4C/..\arduino-core-cache\core_adafruit_samd_adafruit_feather_m0_4ac7819664878dff9063eadadc7bf4c4.a(main.cpp.o) (init)
C:\Users\Javi\AppData\Local\Temp\arduino-sketch-CE17654890BAE2EA24103D929A24FD4C/..\arduino-core-cache\core_adafruit_samd_adafruit_feather_m0_4ac7819664878dff9063eadadc7bf4c4.a(wiring_analog.c.o)
                              C:\Users\Javi\AppData\Local\Temp\arduino-sketch-CE17654890BAE2EA24103D929A24FD4C/..\arduino-core-cache\core_adafruit_samd_adafruit_feather_m0_4ac7819664878dff9063eadadc7bf4c4.a(wiring.c.o) (analogReference)
C:\Users\Javi\AppData\Local\Temp\arduino-sketch-CE17654890BAE2EA24103D929A24FD4C/..\arduino-core-cache\core_adafruit_samd_adafruit_feather_m0_4ac7819664878dff9063eadadc7bf4c4.a(wiring_digital.c.o)
                              C:\Users\Javi\AppData\Local\Temp\arduino-sketch-CE17654890BAE2EA24103D929A24FD4C/..\arduino-core-cache\core_adafruit_samd_adafruit_feather_m0_4ac7819664878dff9063eadadc7bf4c4.a(Uart.cpp.o) (pinMode)
C:\Users\Javi\AppData\Local\Temp\arduino-sketch-CE17654890BAE2EA24103D929A24FD4C/..\arduino-core-cache\core_adafruit_samd_adafruit_feather_m0_4ac7819664878dff9063eadadc7bf4c4.a(wiring_private.c.o)
[...]
Memory Configuration

Name             Origin             Length             Attributes
FLASH            0x00000000         0x00040000         xr
RAM              0x20000000         0x00008000         xrw
*default*        0x00000000         0xffffffff

Linker script and memory map

LOAD c:/users/javi/appdata/local/arduino15/packages/arduino/tools/arm-none-eabi-gcc/7-2017q4/bin/../lib/gcc/arm-none-eabi/7.2.1/thumb/v6-m/crti.o
LOAD c:/users/javi/appdata/local/arduino15/packages/arduino/tools/arm-none-eabi-gcc/7-2017q4/bin/../lib/gcc/arm-none-eabi/7.2.1/thumb/v6-m/crtbegin.o
LOAD c:/users/javi/appdata/local/arduino15/packages/arduino/tools/arm-none-eabi-gcc/7-2017q4/bin/../lib/gcc/arm-none-eabi/7.2.1/../../../../arm-none-eabi/lib/thumb/v6-m/crt0.o
LOAD C:\Users\Javi\AppData\Local\Temp\arduino-sketch-CE17654890BAE2EA24103D929A24FD4C\sketch\TEST_0.ino.cpp.o
LOAD C:\Users\Javi\AppData\Local\Temp\arduino-sketch-CE17654890BAE2EA24103D929A24FD4C\libraries\0012-batt_FlashStorage\batt_FlashAsEEPROM.cpp.o
LOAD C:\Users\Javi\AppData\Local\Temp\arduino-sketch-CE17654890BAE2EA24103D929A24FD4C\libraries\0012-batt_FlashStorage\batt_FlashStorage.cpp.o
LOAD C:\Users\Javi\AppData\Local\Temp\arduino-sketch-CE17654890BAE2EA24103D929A24FD4C\core\variant.cpp.o
START GROUP
LOAD C:\Users\Javi\AppData\Local\Arduino15\packages\adafruit\tools\CMSIS\5.4.0/CMSIS/Lib/GCC/\libarm_cortexM0l_math.a
LOAD C:\Users\Javi\AppData\Local\Temp\arduino-sketch-CE17654890BAE2EA24103D929A24FD4C/..\arduino-core-cache\core_adafruit_samd_adafruit_feather_m0_4ac7819664878dff9063eadadc7bf4c4.a
END GROUP
LOAD c:/users/javi/appdata/local/arduino15/packages/arduino/tools/arm-none-eabi-gcc/7-2017q4/bin/../lib/gcc/arm-none-eabi/7.2.1/../../../../arm-none-eabi/lib/thumb/v6-m\libstdc++_nano.a
LOAD c:/users/javi/appdata/local/arduino15/packages/arduino/tools/arm-none-eabi-gcc/7-2017q4/bin/../lib/gcc/arm-none-eabi/7.2.1/../../../../arm-none-eabi/lib/thumb/v6-m\libm.a
START GROUP
LOAD c:/users/javi/appdata/local/arduino15/packages/arduino/tools/arm-none-eabi-gcc/7-2017q4/bin/../lib/gcc/arm-none-eabi/7.2.1/thumb/v6-m\libgcc.a
LOAD c:/users/javi/appdata/local/arduino15/packages/arduino/tools/arm-none-eabi-gcc/7-2017q4/bin/../lib/gcc/arm-none-eabi/7.2.1/../../../../arm-none-eabi/lib/thumb/v6-m\libc_nano.a
END GROUP
START GROUP
LOAD c:/users/javi/appdata/local/arduino15/packages/arduino/tools/arm-none-eabi-gcc/7-2017q4/bin/../lib/gcc/arm-none-eabi/7.2.1/thumb/v6-m\libgcc.a
LOAD c:/users/javi/appdata/local/arduino15/packages/arduino/tools/arm-none-eabi-gcc/7-2017q4/bin/../lib/gcc/arm-none-eabi/7.2.1/../../../../arm-none-eabi/lib/thumb/v6-m\libc_nano.a
LOAD c:/users/javi/appdata/local/arduino15/packages/arduino/tools/arm-none-eabi-gcc/7-2017q4/bin/../lib/gcc/arm-none-eabi/7.2.1/../../../../arm-none-eabi/lib/thumb/v6-m\libnosys.a
END GROUP
START GROUP
LOAD c:/users/javi/appdata/local/arduino15/packages/arduino/tools/arm-none-eabi-gcc/7-2017q4/bin/../lib/gcc/arm-none-eabi/7.2.1/thumb/v6-m\libgcc.a
LOAD c:/users/javi/appdata/local/arduino15/packages/arduino/tools/arm-none-eabi-gcc/7-2017q4/bin/../lib/gcc/arm-none-eabi/7.2.1/../../../../arm-none-eabi/lib/thumb/v6-m\libc_nano.a
LOAD c:/users/javi/appdata/local/arduino15/packages/arduino/tools/arm-none-eabi-gcc/7-2017q4/bin/../lib/gcc/arm-none-eabi/7.2.1/../../../../arm-none-eabi/lib/thumb/v6-m\libnosys.a
END GROUP
LOAD c:/users/javi/appdata/local/arduino15/packages/arduino/tools/arm-none-eabi-gcc/7-2017q4/bin/../lib/gcc/arm-none-eabi/7.2.1/thumb/v6-m/crtend.o
LOAD c:/users/javi/appdata/local/arduino15/packages/arduino/tools/arm-none-eabi-gcc/7-2017q4/bin/../lib/gcc/arm-none-eabi/7.2.1/thumb/v6-m/crtn.o

.text           0x00000000     0x354c
                0x00000000                __text_start__ = .
 *(.isr_vector)
 .isr_vector    0x00000000       0xb4 C:\Users\Javi\AppData\Local\Temp\arduino-sketch-CE17654890BAE2EA24103D929A24FD4C/..\arduino-core-cache\core_adafruit_samd_adafruit_feather_m0_4ac7819664878dff9063eadadc7bf4c4.a(cortex_handlers.c.o)
                0x00000000                exception_table
 *(.text*)
 .text          0x000000b4       0x48 c:/users/javi/appdata/local/arduino15/packages/arduino/tools/arm-none-eabi-gcc/7-2017q4/bin/../lib/gcc/arm-none-eabi/7.2.1/thumb/v6-m/crtbegin.o
 .text.loop     0x000000fc        0x2 C:\Users\Javi\AppData\Local\Temp\arduino-sketch-CE17654890BAE2EA24103D929A24FD4C\sketch\TEST_0.ino.cpp.o
                0x000000fc                loop
 *fill*         0x000000fe        0x2 
 .text.startup._GLOBAL__sub_I_flash_eeprom
                0x00000100       0x18 C:\Users\Javi\AppData\Local\Temp\arduino-sketch-CE17654890BAE2EA24103D929A24FD4C\sketch\TEST_0.ino.cpp.o
 .text.setup    0x00000118      0x22c C:\Users\Javi\AppData\Local\Temp\arduino-sketch-CE17654890BAE2EA24103D929A24FD4C\sketch\TEST_0.ino.cpp.o
                0x00000118                setup
 .text.startup._GLOBAL__sub_I_eeprom_storage
                0x00000344       0x2c C:\Users\Javi\AppData\Local\Temp\arduino-sketch-CE17654890BAE2EA24103D929A24FD4C\libraries\0012-batt_FlashStorage\batt_FlashAsEEPROM.cpp.o
 .text._ZN10FlashClassC2EPKvm
                0x00000370       0x30 C:\Users\Javi\AppData\Local\Temp\arduino-sketch-CE17654890BAE2EA24103D929A24FD4C\libraries\0012-batt_FlashStorage\batt_FlashStorage.cpp.o
                0x00000370                FlashClass::FlashClass(void const*, unsigned long)
                0x00000370                FlashClass::FlashClass(void const*, unsigned long)
 .text._ZN10FlashClass5writeEPVKvPKvm
                0x000003a0       0x84 C:\Users\Javi\AppData\Local\Temp\arduino-sketch-CE17654890BAE2EA24103D929A24FD4C\libraries\0012-batt_FlashStorage\batt_FlashStorage.cpp.o
                0x000003a0                FlashClass::write(void const volatile*, void const*, unsigned long)
 .text._ZN10FlashClass5eraseEPVKv
                0x00000424       0x1c C:\Users\Javi\AppData\Local\Temp\arduino-sketch-CE17654890BAE2EA24103D929A24FD4C\libraries\0012-batt_FlashStorage\batt_FlashStorage.cpp.o
                0x00000424                FlashClass::erase(void const volatile*)
 .text._ZN10FlashClass5eraseEPVKvm
                0x00000440       0x24 C:\Users\Javi\AppData\Local\Temp\arduino-sketch-CE17654890BAE2EA24103D929A24FD4C\libraries\0012-batt_FlashStorage\batt_FlashStorage.cpp.o
                0x00000440                FlashClass::erase(void const volatile*, unsigned long)
 .text._ZN10FlashClass4readEPVKvPvm
                0x00000464        0xc C:\Users\Javi\AppData\Local\Temp\arduino-sketch-CE17654890BAE2EA24103D929A24FD4C\libraries\0012-batt_FlashStorage\batt_FlashStorage.cpp.o
                0x00000464                FlashClass::read(void const volatile*, void*, unsigned long)
 .text.SERCOM0_Handler
                0x00000470       0x10 C:\Users\Javi\AppData\Local\Temp\arduino-sketch-CE17654890BAE2EA24103D929A24FD4C\core\variant.cpp.o
                0x00000470                SERCOM0_Handler
 .text.SERCOM5_Handler
                0x00000480       0x10 C:\Users\Javi\AppData\Local\Temp\arduino-sketch-CE17654890BAE2EA24103D929A24FD4C\core\variant.cpp.o
                0x00000480                SERCOM5_Handler
 .text.startup._GLOBAL__sub_I_g_APinDescription
                0x00000490       0x94 C:\Users\Javi\AppData\Local\Temp\arduino-sketch-CE17654890BAE2EA24103D929A24FD4C\core\variant.cpp.o
 .text._ZN5Print5writeEPKhj
                0x00000524       0x28 C:\Users\Javi\AppData\Local\Temp\arduino-sketch-CE17654890BAE2EA24103D929A24FD4C/..\arduino-core-cache\core_adafruit_samd_adafruit_feather_m0_4ac7819664878dff9063eadadc7bf4c4.a(Print.cpp.o)
                0x00000524                Print::write(unsigned char const*, unsigned int)
 .text._ZN5Print5writeEPKc.part.2
                0x0000054c       0x1a C:\Users\Javi\AppData\Local\Temp\arduino-sketch-CE17654890BAE2EA24103D929A24FD4C/..\arduino-core-cache\core_adafruit_samd_adafruit_feather_m0_4ac7819664878dff9063eadadc7bf4c4.a(Print.cpp.o)
 .text._ZN5Print5writeEPKc
                0x00000566       0x10 C:\Users\Javi\AppData\Local\Temp\arduino-sketch-CE17654890BAE2EA24103D929A24FD4C/..\arduino-core-cache\core_adafruit_samd_adafruit_feather_m0_4ac7819664878dff9063eadadc7bf4c4.a(Print.cpp.o)
                0x00000566                Print::write(char const*)
 .text._ZN5Print5printEPKc
                0x00000576        0x8 C:\Users\Javi\AppData\Local\Temp\arduino-sketch-CE17654890BAE2EA24103D929A24FD4C/..\arduino-core-cache\core_adafruit_samd_adafruit_feather_m0_4ac7819664878dff9063eadadc7bf4c4.a(Print.cpp.o)
                0x00000576                Print::print(char const*)
 .text._ZN5Print5printEc
                0x0000057e        0xa C:\Users\Javi\AppData\Local\Temp\arduino-sketch-CE17654890BAE2EA24103D929A24FD4C/..\arduino-core-cache\core_adafruit_samd_adafruit_feather_m0_4ac7819664878dff9063eadadc7bf4c4.a(Print.cpp.o)
                0x0000057e                Print::print(char)
 .text._ZN5Print7printlnEv
                0x00000588       0x10 C:\Users\Javi\AppData\Local\Temp\arduino-sketch-CE17654890BAE2EA24103D929A24FD4C/..\arduino-core-cache\core_adafruit_samd_adafruit_feather_m0_4ac7819664878dff9063eadadc7bf4c4.a(Print.cpp.o)
                0x00000588                Print::println()
 .text._ZN5Print7printlnEPKc
                0x00000598       0x14 C:\Users\Javi\AppData\Local\Temp\arduino-sketch-CE17654890BAE2EA24103D929A24FD4C/..\arduino-core-cache\core_adafruit_samd_adafruit_feather_m0_4ac7819664878dff9063eadadc7bf4c4.a(Print.cpp.o)
                0x00000598                Print::println(char const*)
 .text._ZN5Print11printNumberEmh
                0x000005ac       0x48 C:\Users\Javi\AppData\Local\Temp\arduino-sketch-CE17654890BAE2EA24103D929A24FD4C/..\arduino-core-cache\core_adafruit_samd_adafruit_feather_m0_4ac7819664878dff9063eadadc7bf4c4.a(Print.cpp.o)
                0x000005ac                Print::printNumber(unsigned long, unsigned char)
 .text._ZN5Print5printEli
                0x000005f4       0x3e C:\Users\Javi\AppData\Local\Temp\arduino-sketch-CE17654890BAE2EA24103D929A24FD4C/..\arduino-core-cache\core_adafruit_samd_adafruit_feather_m0_4ac7819664878dff9063eadadc7bf4c4.a(Print.cpp.o)
                0x000005f4                Print::print(long, int)
 .text._ZN5Print5printEii
                0x00000632        0x8 C:\Users\Javi\AppData\Local\Temp\arduino-sketch-CE17654890BAE2EA24103D929A24FD4C/..\arduino-core-cache\core_adafruit_samd_adafruit_feather_m0_4ac7819664878dff9063eadadc7bf4c4.a(Print.cpp.o)
                0x00000632                Print::print(int, int)
 .text._ZN5Print7printlnEii
                0x0000063a       0x14 C:\Users\Javi\AppData\Local\Temp\arduino-sketch-CE17654890BAE2EA24103D929A24FD4C/..\arduino-core-cache\core_adafruit_samd_adafruit_feather_m0_4ac7819664878dff9063eadadc7bf4c4.a(Print.cpp.o)
                0x0000063a                Print::println(int, int)
 .text._ZN5Print5printEmi
                0x0000064e       0x18 C:\Users\Javi\AppData\Local\Temp\arduino-sketch-CE17654890BAE2EA24103D929A24FD4C/..\arduino-core-cache\core_adafruit_samd_adafruit_feather_m0_4ac7819664878dff9063eadadc7bf4c4.a(Print.cpp.o)
                0x0000064e                Print::print(unsigned long, int)
 .text._ZN5Print7printlnEhi
                0x00000666       0x14 C:\Users\Javi\AppData\Local\Temp\arduino-sketch-CE17654890BAE2EA24103D929A24FD4C/..\arduino-core-cache\core_adafruit_samd_adafruit_feather_m0_4ac7819664878dff9063eadadc7bf4c4.a(Print.cpp.o)
                0x00000666                Print::println(unsigned char, int)
 .text._ZN6SERCOMC2EP6Sercom
                0x0000067a        0x4 C:\Users\Javi\AppData\Local\Temp\arduino-sketch-CE17654890BAE2EA24103D929A24FD4C/..\arduino-core-cache\core_adafruit_samd_adafruit_feather_m0_4ac7819664878dff9063eadadc7bf4c4.a(SERCOM.cpp.o)
                0x0000067a                SERCOM::SERCOM(Sercom*)
                0x0000067a                SERCOM::SERCOM(Sercom*)
 .text._ZN6SERCOM9initFrameE18SercomUartCharSize15SercomDataOrder16SercomParityMode19SercomNumberStopBit
                0x0000067e       0x3a C:\Users\Javi\AppData\Local\Temp\arduino-sketch-CE17654890BAE2EA24103D929A24FD4C/..\arduino-core-cache\core_adafruit_samd_adafruit_feather_m0_4ac7819664878dff9063eadadc7bf4c4.a(SERCOM.cpp.o)
                0x0000067e                SERCOM::initFrame(SercomUartCharSize, SercomDataOrder, SercomParityMode, SercomNumberStopBit)
 .text._ZN6SERCOM8initPadsE15SercomUartTXPad11SercomRXPad
                0x000006b8       0x26 C:\Users\Javi\AppData\Local\Temp\arduino-sketch-CE17654890BAE2EA24103D929A24FD4C/..\arduino-core-cache\core_adafruit_samd_adafruit_feather_m0_4ac7819664878dff9063eadadc7bf4c4.a(SERCOM.cpp.o)
                0x000006b8                SERCOM::initPads(SercomUartTXPad, SercomRXPad)
 .text._ZN6SERCOM9resetUARTEv
                0x000006de       0x1a C:\Users\Javi\AppData\Local\Temp\arduino-sketch-CE17654890BAE2EA24103D929A24FD4C/..\arduino-core-cache\core_adafruit_samd_adafruit_feather_m0_4ac7819664878dff9063eadadc7bf4c4.a(SERCOM.cpp.o)
                0x000006de                SERCOM::resetUART()
 .text._ZN6SERCOM10enableUARTEv
                0x000006f8       0x14 C:\Users\Javi\AppData\Local\Temp\arduino-sketch-CE17654890BAE2EA24103D929A24FD4C/..\arduino-core-cache\core_adafruit_samd_adafruit_feather_m0_4ac7819664878dff9063eadadc7bf4c4.a(SERCOM.cpp.o)
                0x000006f8                SERCOM::enableUART()
 .text._ZN6SERCOM9flushUARTEv
                0x0000070c       0x10 C:\Users\Javi\AppData\Local\Temp\arduino-sketch-CE17654890BAE2EA24103D929A24FD4C/..\arduino-core-cache\core_adafruit_samd_adafruit_feather_m0_4ac7819664878dff9063eadadc7bf4c4.a(SERCOM.cpp.o)
                0x0000070c                SERCOM::flushUART()
 .text._ZN6SERCOM15clearStatusUARTEv
                0x0000071c        0x8 C:\Users\Javi\AppData\Local\Temp\arduino-sketch-CE17654890BAE2EA24103D929A24FD4C/..\arduino-core-cache\core_adafruit_samd_adafruit_feather_m0_4ac7819664878dff9063eadadc7bf4c4.a(SERCOM.cpp.o)
                0x0000071c                SERCOM::clearStatusUART()
 .text._ZN6SERCOM17availableDataUARTEv
                0x00000724        0xa C:\Users\Javi\AppData\Local\Temp\arduino-sketch-CE17654890BAE2EA24103D929A24FD4C/..\arduino-core-cache\core_adafruit_samd_adafruit_feather_m0_4ac7819664878dff9063eadadc7bf4c4.a(SERCOM.cpp.o)
                0x00000724                SERCOM::availableDataUART()
 .text._ZN6SERCOM11isUARTErrorEv
                0x0000072e        0x8 C:\Users\Javi\AppData\Local\Temp\arduino-sketch-CE17654890BAE2EA24103D929A24FD4C/..\arduino-core-cache\core_adafruit_samd_adafruit_feather_m0_4ac7819664878dff9063eadadc7bf4c4.a(SERCOM.cpp.o)
                0x0000072e                SERCOM::isUARTError()
 .text._ZN6SERCOM20acknowledgeUARTErrorEv
                0x00000736        0xe C:\Users\Javi\AppData\Local\Temp\arduino-sketch-CE17654890BAE2EA24103D929A24FD4C/..\arduino-core-cache\core_adafruit_samd_adafruit_feather_m0_4ac7819664878dff9063eadadc7bf4c4.a(SERCOM.cpp.o)
                0x00000736                SERCOM::acknowledgeUARTError()
 .text._ZN6SERCOM16isFrameErrorUARTEv
                0x00000744        0xa C:\Users\Javi\AppData\Local\Temp\arduino-sketch-CE17654890BAE2EA24103D929A24FD4C/..\arduino-core-cache\core_adafruit_samd_adafruit_feather_m0_4ac7819664878dff9063eadadc7bf4c4.a(SERCOM.cpp.o)
                0x00000744                SERCOM::isFrameErrorUART()
 .text._ZN6SERCOM19clearFrameErrorUARTEv
                0x0000074e        0xc C:\Users\Javi\AppData\Local\Temp\arduino-sketch-CE17654890BAE2EA24103D929A24FD4C/..\arduino-core-cache\core_adafruit_samd_adafruit_feather_m0_4ac7819664878dff9063eadadc7bf4c4.a(SERCOM.cpp.o)
                0x0000074e                SERCOM::clearFrameErrorUART()
 .text._ZN6SERCOM23isDataRegisterEmptyUARTEv
                0x0000075a        0xa C:\Users\Javi\AppData\Local\Temp\arduino-sketch-CE17654890BAE2EA24103D929A24FD4C/..\arduino-core-cache\core_adafruit_samd_adafruit_feather_m0_4ac7819664878dff9063eadadc7bf4c4.a(SERCOM.cpp.o)
                0x0000075a                SERCOM::isDataRegisterEmptyUART()
 .text._ZN6SERCOM12readDataUARTEv
                0x00000764        0x8 C:\Users\Javi\AppData\Local\Temp\arduino-sketch-CE17654890BAE2EA24103D929A24FD4C/..\arduino-core-cache\core_adafruit_samd_adafruit_feather_m0_4ac7819664878dff9063eadadc7bf4c4.a(SERCOM.cpp.o)
                0x00000764                SERCOM::readDataUART()
 .text._ZN6SERCOM13writeDataUARTEh
                0x0000076c       0x10 C:\Users\Javi\AppData\Local\Temp\arduino-sketch-CE17654890BAE2EA24103D929A24FD4C/..\arduino-core-cache\core_adafruit_samd_adafruit_feather_m0_4ac7819664878dff9063eadadc7bf4c4.a(SERCOM.cpp.o)
                0x0000076c                SERCOM::writeDataUART(unsigned char)
 .text._ZN6SERCOM36enableDataRegisterEmptyInterruptUARTEv
                0x0000077c        0x8 C:\Users\Javi\AppData\Local\Temp\arduino-sketch-CE17654890BAE2EA24103D929A24FD4C/..\arduino-core-cache\core_adafruit_samd_adafruit_feather_m0_4ac7819664878dff9063eadadc7bf4c4.a(SERCOM.cpp.o)
                0x0000077c                SERCOM::enableDataRegisterEmptyInterruptUART()
 .text._ZN6SERCOM37disableDataRegisterEmptyInterruptUARTEv
                0x00000784        0x8 C:\Users\Javi\AppData\Local\Temp\arduino-sketch-CE17654890BAE2EA24103D929A24FD4C/..\arduino-core-cache\core_adafruit_samd_adafruit_feather_m0_4ac7819664878dff9063eadadc7bf4c4.a(SERCOM.cpp.o)
                0x00000784                SERCOM::disableDataRegisterEmptyInterruptUART()
 .text._ZN6SERCOM14getSercomIndexEv
                0x0000078c       0x5c C:\Users\Javi\AppData\Local\Temp\arduino-sketch-CE17654890BAE2EA24103D929A24FD4C/..\arduino-core-cache\core_adafruit_samd_adafruit_feather_m0_4ac7819664878dff9063eadadc7bf4c4.a(SERCOM.cpp.o)
                0x0000078c                SERCOM::getSercomIndex()
 .text._ZN6SERCOM13initClockNVICEv
                0x000007e8       0x90 C:\Users\Javi\AppData\Local\Temp\arduino-sketch-CE17654890BAE2EA24103D929A24FD4C/..\arduino-core-cache\core_adafruit_samd_adafruit_feather_m0_4ac7819664878dff9063eadadc7bf4c4.a(SERCOM.cpp.o)
                0x000007e8                SERCOM::initClockNVIC()
 .text._ZN6SERCOM8initUARTE14SercomUartMode20SercomUartSampleRatem
                0x00000878       0x6c C:\Users\Javi\AppData\Local\Temp\arduino-sketch-CE17654890BAE2EA24103D929A24FD4C/..\arduino-core-cache\core_adafruit_samd_adafruit_feather_m0_4ac7819664878dff9063eadadc7bf4c4.a(SERCOM.cpp.o)
                0x00000878                SERCOM::initUART(SercomUartMode, SercomUartSampleRate, unsigned long)
 .text._ZN4UartcvbEv
                0x000008e4        0x4 C:\Users\Javi\AppData\Local\Temp\arduino-sketch-CE17654890BAE2EA24103D929A24FD4C/..\arduino-core-cache\core_adafruit_samd_adafruit_feather_m0_4ac7819664878dff9063eadadc7bf4c4.a(Uart.cpp.o)
                0x000008e4                Uart::operator bool()
 .text._ZN4Uart5beginEm
                0x000008e8       0x10 C:\Users\Javi\AppData\Local\Temp\arduino-sketch-CE17654890BAE2EA24103D929A24FD4C/..\arduino-core-cache\core_adafruit_samd_adafruit_feather_m0_4ac7819664878dff9063eadadc7bf4c4.a(Uart.cpp.o)
                0x000008e8                Uart::begin(unsigned long)
 .text._ZN4Uart4peekEv
                0x000008f8       0x1a C:\Users\Javi\AppData\Local\Temp\arduino-sketch-CE17654890BAE2EA24103D929A24FD4C/..\arduino-core-cache\core_adafruit_samd_adafruit_feather_m0_4ac7819664878dff9063eadadc7bf4c4.a(Uart.cpp.o)
                0x000008f8                Uart::peek()
 .text._ZN4Uart3endEv
                0x00000912       0x20 C:\Users\Javi\AppData\Local\Temp\arduino-sketch-CE17654890BAE2EA24103D929A24FD4C/..\arduino-core-cache\core_adafruit_samd_adafruit_feather_m0_4ac7819664878dff9063eadadc7bf4c4.a(Uart.cpp.o)
                0x00000912                Uart::end()
 .text._ZN4Uart16extractNbStopBitEt
                0x00000932        0xc C:\Users\Javi\AppData\Local\Temp\arduino-sketch-CE17654890BAE2EA24103D929A24FD4C/..\arduino-core-cache\core_adafruit_samd_adafruit_feather_m0_4ac7819664878dff9063eadadc7bf4c4.a(Uart.cpp.o)
                0x00000932                Uart::extractNbStopBit(unsigned short)
 .text._ZN4Uart15extractCharSizeEt
                0x0000093e       0x28 C:\Users\Javi\AppData\Local\Temp\arduino-sketch-CE17654890BAE2EA24103D929A24FD4C/..\arduino-core-cache\core_adafruit_samd_adafruit_feather_m0_4ac7819664878dff9063eadadc7bf4c4.a(Uart.cpp.o)
                0x0000093e                Uart::extractCharSize(unsigned short)
 .text._ZN4Uart13extractParityEt
                0x00000966       0x14 C:\Users\Javi\AppData\Local\Temp\arduino-sketch-CE17654890BAE2EA24103D929A24FD4C/..\arduino-core-cache\core_adafruit_samd_adafruit_feather_m0_4ac7819664878dff9063eadadc7bf4c4.a(Uart.cpp.o)
                0x00000966                Uart::extractParity(unsigned short)
 *fill*         0x0000097a        0x2 
 .text._ZN4Uart5beginEmt
                0x0000097c       0xf8 C:\Users\Javi\AppData\Local\Temp\arduino-sketch-CE17654890BAE2EA24103D929A24FD4C/..\arduino-core-cache\core_adafruit_samd_adafruit_feather_m0_4ac7819664878dff9063eadadc7bf4c4.a(Uart.cpp.o)
                0x0000097c                Uart::begin(unsigned long, unsigned short)
 .text._ZN11RingBufferNILi350EEC2Ev
                0x00000a74       0x1c C:\Users\Javi\AppData\Local\Temp\arduino-sketch-CE17654890BAE2EA24103D929A24FD4C/..\arduino-core-cache\core_adafruit_samd_adafruit_feather_m0_4ac7819664878dff9063eadadc7bf4c4.a(Uart.cpp.o)
                0x00000a74                RingBufferN<350>::RingBufferN()
                0x00000a74                RingBufferN<350>::RingBufferN()
 .text._ZN4UartC2EP6SERCOMhh11SercomRXPad15SercomUartTXPad
                0x00000a90       0x74 C:\Users\Javi\AppData\Local\Temp\arduino-sketch-CE17654890BAE2EA24103D929A24FD4C/..\arduino-core-cache\core_adafruit_samd_adafruit_feather_m0_4ac7819664878dff9063eadadc7bf4c4.a(Uart.cpp.o)
                0x00000a90                Uart::Uart(SERCOM*, unsigned char, unsigned char, SercomRXPad, SercomUartTXPad)
                0x00000a90                Uart::Uart(SERCOM*, unsigned char, unsigned char, SercomRXPad, SercomUartTXPad)
 .text._ZN11RingBufferNILi350EE9availableEv
                0x00000b04       0x12 C:\Users\Javi\AppData\Local\Temp\arduino-sketch-CE17654890BAE2EA24103D929A24FD4C/..\arduino-core-cache\core_adafruit_samd_adafruit_feather_m0_4ac7819664878dff9063eadadc7bf4c4.a(Uart.cpp.o)
                0x00000b04                RingBufferN<350>::available()
 .text._ZN4Uart5flushEv
                0x00000b16       0x1a C:\Users\Javi\AppData\Local\Temp\arduino-sketch-CE17654890BAE2EA24103D929A24FD4C/..\arduino-core-cache\core_adafruit_samd_adafruit_feather_m0_4ac7819664878dff9063eadadc7bf4c4.a(Uart.cpp.o)
                0x00000b16                Uart::flush()
 .text._ZN4Uart9availableEv
                0x00000b30        0xa C:\Users\Javi\AppData\Local\Temp\arduino-sketch-CE17654890BAE2EA24103D929A24FD4C/..\arduino-core-cache\core_adafruit_samd_adafruit_feather_m0_4ac7819664878dff9063eadadc7bf4c4.a(Uart.cpp.o)
                0x00000b30                Uart::available()
 .text._ZN11RingBufferNILi350EE17availableForStoreEv
                0x00000b3a       0x22 C:\Users\Javi\AppData\Local\Temp\arduino-sketch-CE17654890BAE2EA24103D929A24FD4C/..\arduino-core-cache\core_adafruit_samd_adafruit_feather_m0_4ac7819664878dff9063eadadc7bf4c4.a(Uart.cpp.o)
                0x00000b3a                RingBufferN<350>::availableForStore()
 .text._ZN4Uart17availableForWriteEv
                0x00000b5c        0xc C:\Users\Javi\AppData\Local\Temp\arduino-sketch-CE17654890BAE2EA24103D929A24FD4C/..\arduino-core-cache\core_adafruit_samd_adafruit_feather_m0_4ac7819664878dff9063eadadc7bf4c4.a(Uart.cpp.o)
                0x00000b5c                Uart::availableForWrite()
 .text._ZN4Uart10IrqHandlerEv
                0x00000b68       0xda C:\Users\Javi\AppData\Local\Temp\arduino-sketch-CE17654890BAE2EA24103D929A24FD4C/..\arduino-core-cache\core_adafruit_samd_adafruit_feather_m0_4ac7819664878dff9063eadadc7bf4c4.a(Uart.cpp.o)
                0x00000b68                Uart::IrqHandler()
 *fill*         0x00000c42        0x2 
 .text._ZN4Uart5writeEh
                0x00000c44       0xbc C:\Users\Javi\AppData\Local\Temp\arduino-sketch-CE17654890BAE2EA24103D929A24FD4C/..\arduino-core-cache\core_adafruit_samd_adafruit_feather_m0_4ac7819664878dff9063eadadc7bf4c4.a(Uart.cpp.o)
                0x00000c44                Uart::write(unsigned char)
 .text._ZN4Uart4readEv
                0x00000d00       0x52 C:\Users\Javi\AppData\Local\Temp\arduino-sketch-CE17654890BAE2EA24103D929A24FD4C/..\arduino-core-cache\core_adafruit_samd_adafruit_feather_m0_4ac7819664878dff9063eadadc7bf4c4.a(Uart.cpp.o)
                0x00000d00                Uart::read()
 .text.Dummy_Handler
                0x00000d52        0x2 C:\Users\Javi\AppData\Local\Temp\arduino-sketch-CE17654890BAE2EA24103D929A24FD4C/..\arduino-core-cache\core_adafruit_samd_adafruit_feather_m0_4ac7819664878dff9063eadadc7bf4c4.a(cortex_handlers.c.o)
                0x00000d52                DMAC_Handler
                0x00000d52                HardFault_Handler
                0x00000d52                AC_Handler
                0x00000d52                PendSV_Handler
                0x00000d52                NMI_Handler
                0x00000d52                TC7_Handler
                0x00000d52                SERCOM1_Handler
                0x00000d52                ADC_Handler
                0x00000d52                TCC1_Handler
                0x00000d52                SERCOM2_Handler
                0x00000d52                TCC0_Handler
                0x00000d52                RTC_Handler
                0x00000d52                EIC_Handler
                0x00000d52                TC6_Handler
                0x00000d52                WDT_Handler
                0x00000d52                TC4_Handler
                0x00000d52                TC3_Handler
                0x00000d52                Dummy_Handler
                0x00000d52                PM_Handler
                0x00000d52                SVC_Handler
                0x00000d52                TCC2_Handler
                0x00000d52                EVSYS_Handler
                0x00000d52                SERCOM3_Handler
                0x00000d52                SERCOM4_Handler
                0x00000d52                I2S_Handler
                0x00000d52                NVMCTRL_Handler
                0x00000d52                DAC_Handler
                0x00000d52                PTC_Handler
                0x00000d52                SYSCTRL_Handler
 .text.USB_Handler
                0x00000d54       0x14 C:\Users\Javi\AppData\Local\Temp\arduino-sketch-CE17654890BAE2EA24103D929A24FD4C/..\arduino-core-cache\core_adafruit_samd_adafruit_feather_m0_4ac7819664878dff9063eadadc7bf4c4.a(cortex_handlers.c.o)
                0x00000d54                USB_Handler
 .text.Reset_Handler
                0x00000d68       0x54 C:\Users\Javi\AppData\Local\Temp\arduino-sketch-CE17654890BAE2EA24103D929A24FD4C/..\arduino-core-cache\core_adafruit_samd_adafruit_feather_m0_4ac7819664878dff9063eadadc7bf4c4.a(cortex_handlers.c.o)
                0x00000d68                Reset_Handler
 .text.SysTick_Handler
                0x00000dbc       0x10 C:\Users\Javi\AppData\Local\Temp\arduino-sketch-CE17654890BAE2EA24103D929A24FD4C/..\arduino-core-cache\core_adafruit_samd_adafruit_feather_m0_4ac7819664878dff9063eadadc7bf4c4.a(cortex_handlers.c.o)
                0x00000dbc                SysTick_Handler
 .text.USB_SetHandler
                0x00000dcc        0xc C:\Users\Javi\AppData\Local\Temp\arduino-sketch-CE17654890BAE2EA24103D929A24FD4C/..\arduino-core-cache\core_adafruit_samd_adafruit_feather_m0_4ac7819664878dff9063eadadc7bf4c4.a(cortex_handlers.c.o)
                0x00000dcc                USB_SetHandler
 .text.micros   0x00000dd8       0x60 C:\Users\Javi\AppData\Local\Temp\arduino-sketch-CE17654890BAE2EA24103D929A24FD4C/..\arduino-core-cache\core_adafruit_samd_adafruit_feather_m0_4ac7819664878dff9063eadadc7bf4c4.a(delay.c.o)
                0x00000dd8                micros
 .text.delay    0x00000e38       0x30 C:\Users\Javi\AppData\Local\Temp\arduino-sketch-CE17654890BAE2EA24103D929A24FD4C/..\arduino-core-cache\core_adafruit_samd_adafruit_feather_m0_4ac7819664878dff9063eadadc7bf4c4.a(delay.c.o)
                0x00000e38                delay
 .text.SysTick_DefaultHandler
                0x00000e68       0x14 C:\Users\Javi\AppData\Local\Temp\arduino-sketch-CE17654890BAE2EA24103D929A24FD4C/..\arduino-core-cache\core_adafruit_samd_adafruit_feather_m0_4ac7819664878dff9063eadadc7bf4c4.a(delay.c.o)
                0x00000e68                SysTick_DefaultHandler
 .text.__empty  0x00000e7c        0x2 C:\Users\Javi\AppData\Local\Temp\arduino-sketch-CE17654890BAE2EA24103D929A24FD4C/..\arduino-core-cache\core_adafruit_samd_adafruit_feather_m0_4ac7819664878dff9063eadadc7bf4c4.a(hooks.c.o)
                0x00000e7c                yield
 .text.__false  0x00000e7e        0x4 C:\Users\Javi\AppData\Local\Temp\arduino-sketch-CE17654890BAE2EA24103D929A24FD4C/..\arduino-core-cache\core_adafruit_samd_adafruit_feather_m0_4ac7819664878dff9063eadadc7bf4c4.a(hooks.c.o)
                0x00000e7e                sysTickHook
 .text._Z11initVariantv
                0x00000e82        0x2 C:\Users\Javi\AppData\Local\Temp\arduino-sketch-CE17654890BAE2EA24103D929A24FD4C/..\arduino-core-cache\core_adafruit_samd_adafruit_feather_m0_4ac7819664878dff9063eadadc7bf4c4.a(main.cpp.o)
                0x00000e82                initVariant()
 .text.startup.main
                0x00000e84       0x44 C:\Users\Javi\AppData\Local\Temp\arduino-sketch-CE17654890BAE2EA24103D929A24FD4C/..\arduino-core-cache\core_adafruit_samd_adafruit_feather_m0_4ac7819664878dff9063eadadc7bf4c4.a(main.cpp.o)
                0x00000e84                main
 .text.SystemInit
                0x00000ec8      0x160 C:\Users\Javi\AppData\Local\Temp\arduino-sketch-CE17654890BAE2EA24103D929A24FD4C/..\arduino-core-cache\core_adafruit_samd_adafruit_feather_m0_4ac7819664878dff9063eadadc7bf4c4.a(startup.c.o)
                0x00000ec8                SystemInit
 .text.init     0x00001028       0xe0 C:\Users\Javi\AppData\Local\Temp\arduino-sketch-CE17654890BAE2EA24103D929A24FD4C/..\arduino-core-cache\core_adafruit_samd_adafruit_feather_m0_4ac7819664878dff9063eadadc7bf4c4.a(wiring.c.o)
                0x00001028                init
 .text.analogReference
                0x00001108       0x88 C:\Users\Javi\AppData\Local\Temp\arduino-sketch-CE17654890BAE2EA24103D929A24FD4C/..\arduino-core-cache\core_adafruit_samd_adafruit_feather_m0_4ac7819664878dff9063eadadc7bf4c4.a(wiring_analog.c.o)
                0x00001108                analogReference
 .text.pinMode  0x00001190       0x60 C:\Users\Javi\AppData\Local\Temp\arduino-sketch-CE17654890BAE2EA24103D929A24FD4C/..\arduino-core-cache\core_adafruit_samd_adafruit_feather_m0_4ac7819664878dff9063eadadc7bf4c4.a(wiring_digital.c.o)
                0x00001190                pinMode
 .text.digitalWrite
                0x000011f0       0x58 C:\Users\Javi\AppData\Local\Temp\arduino-sketch-CE17654890BAE2EA24103D929A24FD4C/..\arduino-core-cache\core_adafruit_samd_adafruit_feather_m0_4ac7819664878dff9063eadadc7bf4c4.a(wiring_digital.c.o)
                0x000011f0                digitalWrite
 .text.pinPeripheral
                0x00001248       0xc4 C:\Users\Javi\AppData\Local\Temp\arduino-sketch-CE17654890BAE2EA24103D929A24FD4C/..\arduino-core-cache\core_adafruit_samd_adafruit_feather_m0_4ac7819664878dff9063eadadc7bf4c4.a(wiring_private.c.o)
                0x00001248                pinPeripheral
 .text.initiateReset
                0x0000130c        0xc C:\Users\Javi\AppData\Local\Temp\arduino-sketch-CE17654890BAE2EA24103D929A24FD4C/..\arduino-core-cache\core_adafruit_samd_adafruit_feather_m0_4ac7819664878dff9063eadadc7bf4c4.a(Reset.cpp.o)
                0x0000130c                initiateReset
 .text.cancelReset
                0x00001318       0x10 C:\Users\Javi\AppData\Local\Temp\arduino-sketch-CE17654890BAE2EA24103D929A24FD4C/..\arduino-core-cache\core_adafruit_samd_adafruit_feather_m0_4ac7819664878dff9063eadadc7bf4c4.a(Reset.cpp.o)
                0x00001318                cancelReset
 .text.tickReset
                0x00001328       0x78 C:\Users\Javi\AppData\Local\Temp\arduino-sketch-CE17654890BAE2EA24103D929A24FD4C/..\arduino-core-cache\core_adafruit_samd_adafruit_feather_m0_4ac7819664878dff9063eadadc7bf4c4.a(Reset.cpp.o)
                0x00001328                tickReset
 .text._ZN26DoubleBufferedEPOutHandler4initEv
                0x000013a0        0x2 C:\Users\Javi\AppData\Local\Temp\arduino-sketch-CE17654890BAE2EA24103D929A24FD4C/..\arduino-core-cache\core_adafruit_samd_adafruit_feather_m0_4ac7819664878dff9063eadadc7bf4c4.a(USBCore.cpp.o)
                0x000013a0                DoubleBufferedEPOutHandler::init()
 .text._ZL5utox8mPc
                0x000013a2       0x24 C:\Users\Javi\AppData\Local\Temp\arduino-sketch-CE17654890BAE2EA24103D929A24FD4C/..\arduino-core-cache\core_adafruit_samd_adafruit_feather_m0_4ac7819664878dff9063eadadc7bf4c4.a(USBCore.cpp.o)
 .text._ZN26DoubleBufferedEPOutHandlerD2Ev
                0x000013c6       0x14 C:\Users\Javi\AppData\Local\Temp\arduino-sketch-CE17654890BAE2EA24103D929A24FD4C/..\arduino-core-cache\core_adafruit_samd_adafruit_feather_m0_4ac7819664878dff9063eadadc7bf4c4.a(USBCore.cpp.o)
                0x000013c6                DoubleBufferedEPOutHandler::~DoubleBufferedEPOutHandler()
                0x000013c6                DoubleBufferedEPOutHandler::~DoubleBufferedEPOutHandler()
 .text._ZN26DoubleBufferedEPOutHandlerD0Ev
                0x000013da       0x12 C:\Users\Javi\AppData\Local\Temp\arduino-sketch-CE17654890BAE2EA24103D929A24FD4C/..\arduino-core-cache\core_adafruit_samd_adafruit_feather_m0_4ac7819664878dff9063eadadc7bf4c4.a(USBCore.cpp.o)
                0x000013da                DoubleBufferedEPOutHandler::~DoubleBufferedEPOutHandler()
 .text._ZN14USBDeviceClass6initEPEmm.part.5
                0x000013ec       0xe8 C:\Users\Javi\AppData\Local\Temp\arduino-sketch-CE17654890BAE2EA24103D929A24FD4C/..\arduino-core-cache\core_adafruit_samd_adafruit_feather_m0_4ac7819664878dff9063eadadc7bf4c4.a(USBCore.cpp.o)
 .text._ZN7__GuardC2Ev
                0x000014d4        0xe C:\Users\Javi\AppData\Local\Temp\arduino-sketch-CE17654890BAE2EA24103D929A24FD4C/..\arduino-core-cache\core_adafruit_samd_adafruit_feather_m0_4ac7819664878dff9063eadadc7bf4c4.a(USBCore.cpp.o)
                0x000014d4                __Guard::__Guard()
                0x000014d4                __Guard::__Guard()
 .text._ZN7__GuardD2Ev
                0x000014e2        0xe C:\Users\Javi\AppData\Local\Temp\arduino-sketch-CE17654890BAE2EA24103D929A24FD4C/..\arduino-core-cache\core_adafruit_samd_adafruit_feather_m0_4ac7819664878dff9063eadadc7bf4c4.a(USBCore.cpp.o)
                0x000014e2                __Guard::~__Guard()
                0x000014e2                __Guard::~__Guard()
 .text._ZNK26DoubleBufferedEPOutHandler9availableEv
                0x000014f0       0x5e C:\Users\Javi\AppData\Local\Temp\arduino-sketch-CE17654890BAE2EA24103D929A24FD4C/..\arduino-core-cache\core_adafruit_samd_adafruit_feather_m0_4ac7819664878dff9063eadadc7bf4c4.a(USBCore.cpp.o)
                0x000014f0                DoubleBufferedEPOutHandler::available() const
 *fill*         0x0000154e        0x2 
 .text._ZN26DoubleBufferedEPOutHandler7releaseEv
                0x00001550       0x64 C:\Users\Javi\AppData\Local\Temp\arduino-sketch-CE17654890BAE2EA24103D929A24FD4C/..\arduino-core-cache\core_adafruit_samd_adafruit_feather_m0_4ac7819664878dff9063eadadc7bf4c4.a(USBCore.cpp.o)
                0x00001550                DoubleBufferedEPOutHandler::release()
 .text._ZN26DoubleBufferedEPOutHandler4recvEPvm
                0x000015b4      0x11e C:\Users\Javi\AppData\Local\Temp\arduino-sketch-CE17654890BAE2EA24103D929A24FD4C/..\arduino-core-cache\core_adafruit_samd_adafruit_feather_m0_4ac7819664878dff9063eadadc7bf4c4.a(USBCore.cpp.o)
                0x000015b4                DoubleBufferedEPOutHandler::recv(void*, unsigned long)
 .text._ZN26DoubleBufferedEPOutHandler14handleEndpointEv
                0x000016d2       0xc2 C:\Users\Javi\AppData\Local\Temp\arduino-sketch-CE17654890BAE2EA24103D929A24FD4C/..\arduino-core-cache\core_adafruit_samd_adafruit_feather_m0_4ac7819664878dff9063eadadc7bf4c4.a(USBCore.cpp.o)
                0x000016d2                DoubleBufferedEPOutHandler::handleEndpoint()
 .text._ZN14USBDeviceClass14SendInterfacesEPm
                0x00001794       0x2c C:\Users\Javi\AppData\Local\Temp\arduino-sketch-CE17654890BAE2EA24103D929A24FD4C/..\arduino-core-cache\core_adafruit_samd_adafruit_feather_m0_4ac7819664878dff9063eadadc7bf4c4.a(USBCore.cpp.o)
                0x00001794                USBDeviceClass::SendInterfaces(unsigned long*)
 .text._ZN14USBDeviceClass14handleEndpointEh
                0x000017c0       0x44 C:\Users\Javi\AppData\Local\Temp\arduino-sketch-CE17654890BAE2EA24103D929A24FD4C/..\arduino-core-cache\core_adafruit_samd_adafruit_feather_m0_4ac7819664878dff9063eadadc7bf4c4.a(USBCore.cpp.o)
                0x000017c0                USBDeviceClass::handleEndpoint(unsigned char)
 .text._ZN14USBDeviceClass4initEv
                0x00001804       0xf4 C:\Users\Javi\AppData\Local\Temp\arduino-sketch-CE17654890BAE2EA24103D929A24FD4C/..\arduino-core-cache\core_adafruit_samd_adafruit_feather_m0_4ac7819664878dff9063eadadc7bf4c4.a(USBCore.cpp.o)
                0x00001804                USBDeviceClass::init()
 .text._ZN14USBDeviceClass6attachEv
                0x000018f8       0x34 C:\Users\Javi\AppData\Local\Temp\arduino-sketch-CE17654890BAE2EA24103D929A24FD4C/..\arduino-core-cache\core_adafruit_samd_adafruit_feather_m0_4ac7819664878dff9063eadadc7bf4c4.a(USBCore.cpp.o)
                0x000018f8                USBDeviceClass::attach()
 .text._ZN14USBDeviceClass10setAddressEm
                0x0000192c       0x48 C:\Users\Javi\AppData\Local\Temp\arduino-sketch-CE17654890BAE2EA24103D929A24FD4C/..\arduino-core-cache\core_adafruit_samd_adafruit_feather_m0_4ac7819664878dff9063eadadc7bf4c4.a(USBCore.cpp.o)
                0x0000192c                USBDeviceClass::setAddress(unsigned long)
 .text._ZN14USBDeviceClass25handleClassInterfaceSetupER8USBSetup
                0x00001974       0x44 C:\Users\Javi\AppData\Local\Temp\arduino-sketch-CE17654890BAE2EA24103D929A24FD4C/..\arduino-core-cache\core_adafruit_samd_adafruit_feather_m0_4ac7819664878dff9063eadadc7bf4c4.a(USBCore.cpp.o)
                0x00001974                USBDeviceClass::handleClassInterfaceSetup(USBSetup&)
 .text._ZN14USBDeviceClass6initEPEmm
                0x000019b8       0xf8 C:\Users\Javi\AppData\Local\Temp\arduino-sketch-CE17654890BAE2EA24103D929A24FD4C/..\arduino-core-cache\core_adafruit_samd_adafruit_feather_m0_4ac7819664878dff9063eadadc7bf4c4.a(USBCore.cpp.o)
                0x000019b8                USBDeviceClass::initEP(unsigned long, unsigned long)
 .text._ZN14USBDeviceClass13initEndpointsEv
                0x00001ab0       0x24 C:\Users\Javi\AppData\Local\Temp\arduino-sketch-CE17654890BAE2EA24103D929A24FD4C/..\arduino-core-cache\core_adafruit_samd_adafruit_feather_m0_4ac7819664878dff9063eadadc7bf4c4.a(USBCore.cpp.o)
                0x00001ab0                USBDeviceClass::initEndpoints()
 .text._ZN14USBDeviceClass9availableEm
                0x00001ad4       0x2c C:\Users\Javi\AppData\Local\Temp\arduino-sketch-CE17654890BAE2EA24103D929A24FD4C/..\arduino-core-cache\core_adafruit_samd_adafruit_feather_m0_4ac7819664878dff9063eadadc7bf4c4.a(USBCore.cpp.o)
                0x00001ad4                USBDeviceClass::available(unsigned long)
 .text._ZN14USBDeviceClass5flushEm
                0x00001b00       0x2c C:\Users\Javi\AppData\Local\Temp\arduino-sketch-CE17654890BAE2EA24103D929A24FD4C/..\arduino-core-cache\core_adafruit_samd_adafruit_feather_m0_4ac7819664878dff9063eadadc7bf4c4.a(USBCore.cpp.o)
                0x00001b00                USBDeviceClass::flush(unsigned long)
 .text._ZN14USBDeviceClass14armRecvCtrlOUTEm
                0x00001b2c       0x5c C:\Users\Javi\AppData\Local\Temp\arduino-sketch-CE17654890BAE2EA24103D929A24FD4C/..\arduino-core-cache\core_adafruit_samd_adafruit_feather_m0_4ac7819664878dff9063eadadc7bf4c4.a(USBCore.cpp.o)
                0x00001b2c                USBDeviceClass::armRecvCtrlOUT(unsigned long)
 .text._ZN14USBDeviceClass11recvControlEPvm
                0x00001b88       0x3c C:\Users\Javi\AppData\Local\Temp\arduino-sketch-CE17654890BAE2EA24103D929A24FD4C/..\arduino-core-cache\core_adafruit_samd_adafruit_feather_m0_4ac7819664878dff9063eadadc7bf4c4.a(USBCore.cpp.o)
                0x00001b88                USBDeviceClass::recvControl(void*, unsigned long)
 .text._ZN14USBDeviceClass7armRecvEm
                0x00001bc4       0x38 C:\Users\Javi\AppData\Local\Temp\arduino-sketch-CE17654890BAE2EA24103D929A24FD4C/..\arduino-core-cache\core_adafruit_samd_adafruit_feather_m0_4ac7819664878dff9063eadadc7bf4c4.a(USBCore.cpp.o)
                0x00001bc4                USBDeviceClass::armRecv(unsigned long)
 .text._ZN14USBDeviceClass4recvEmPvm
                0x00001bfc       0xd8 C:\Users\Javi\AppData\Local\Temp\arduino-sketch-CE17654890BAE2EA24103D929A24FD4C/..\arduino-core-cache\core_adafruit_samd_adafruit_feather_m0_4ac7819664878dff9063eadadc7bf4c4.a(USBCore.cpp.o)
                0x00001bfc                USBDeviceClass::recv(unsigned long, void*, unsigned long)
 .text._ZN14USBDeviceClass4recvEm
                0x00001cd4       0x1c C:\Users\Javi\AppData\Local\Temp\arduino-sketch-CE17654890BAE2EA24103D929A24FD4C/..\arduino-core-cache\core_adafruit_samd_adafruit_feather_m0_4ac7819664878dff9063eadadc7bf4c4.a(USBCore.cpp.o)
                0x00001cd4                USBDeviceClass::recv(unsigned long)
 .text._ZN14USBDeviceClass4sendEmPKvm
                0x00001cf0      0x110 C:\Users\Javi\AppData\Local\Temp\arduino-sketch-CE17654890BAE2EA24103D929A24FD4C/..\arduino-core-cache\core_adafruit_samd_adafruit_feather_m0_4ac7819664878dff9063eadadc7bf4c4.a(USBCore.cpp.o)
                0x00001cf0                USBDeviceClass::send(unsigned long, void const*, unsigned long)
 .text._ZN14USBDeviceClass7armSendEmPKvm
                0x00001e00       0x48 C:\Users\Javi\AppData\Local\Temp\arduino-sketch-CE17654890BAE2EA24103D929A24FD4C/..\arduino-core-cache\core_adafruit_samd_adafruit_feather_m0_4ac7819664878dff9063eadadc7bf4c4.a(USBCore.cpp.o)
                0x00001e00                USBDeviceClass::armSend(unsigned long, void const*, unsigned long)
 .text._ZN14USBDeviceClass11sendControlEPKvm
                0x00001e48       0x54 C:\Users\Javi\AppData\Local\Temp\arduino-sketch-CE17654890BAE2EA24103D929A24FD4C/..\arduino-core-cache\core_adafruit_samd_adafruit_feather_m0_4ac7819664878dff9063eadadc7bf4c4.a(USBCore.cpp.o)
                0x00001e48                USBDeviceClass::sendControl(void const*, unsigned long)
 .text._ZN14USBDeviceClass20sendStringDescriptorEPKhh
                0x00001e9c       0x68 C:\Users\Javi\AppData\Local\Temp\arduino-sketch-CE17654890BAE2EA24103D929A24FD4C/..\arduino-core-cache\core_adafruit_samd_adafruit_feather_m0_4ac7819664878dff9063eadadc7bf4c4.a(USBCore.cpp.o)
                0x00001e9c                USBDeviceClass::sendStringDescriptor(unsigned char const*, unsigned char)
 .text._ZN14USBDeviceClass17sendConfigurationEm
                0x00001f04       0x80 C:\Users\Javi\AppData\Local\Temp\arduino-sketch-CE17654890BAE2EA24103D929A24FD4C/..\arduino-core-cache\core_adafruit_samd_adafruit_feather_m0_4ac7819664878dff9063eadadc7bf4c4.a(USBCore.cpp.o)
                0x00001f04                USBDeviceClass::sendConfiguration(unsigned long)
 .text._ZN14USBDeviceClass14sendDescriptorER8USBSetup
                0x00001f84       0xe4 C:\Users\Javi\AppData\Local\Temp\arduino-sketch-CE17654890BAE2EA24103D929A24FD4C/..\arduino-core-cache\core_adafruit_samd_adafruit_feather_m0_4ac7819664878dff9063eadadc7bf4c4.a(USBCore.cpp.o)
                0x00001f84                USBDeviceClass::sendDescriptor(USBSetup&)
 .text._ZN14USBDeviceClass19handleStandardSetupER8USBSetup
                0x00002068      0x104 C:\Users\Javi\AppData\Local\Temp\arduino-sketch-CE17654890BAE2EA24103D929A24FD4C/..\arduino-core-cache\core_adafruit_samd_adafruit_feather_m0_4ac7819664878dff9063eadadc7bf4c4.a(USBCore.cpp.o)
                0x00002068                USBDeviceClass::handleStandardSetup(USBSetup&)
 .text._ZN14USBDeviceClass10ISRHandlerEv
                0x0000216c      0x150 C:\Users\Javi\AppData\Local\Temp\arduino-sketch-CE17654890BAE2EA24103D929A24FD4C/..\arduino-core-cache\core_adafruit_samd_adafruit_feather_m0_4ac7819664878dff9063eadadc7bf4c4.a(USBCore.cpp.o)
                0x0000216c                USBDeviceClass::ISRHandler()
 .text.UDD_Handler
                0x000022bc       0x10 C:\Users\Javi\AppData\Local\Temp\arduino-sketch-CE17654890BAE2EA24103D929A24FD4C/..\arduino-core-cache\core_adafruit_samd_adafruit_feather_m0_4ac7819664878dff9063eadadc7bf4c4.a(USBCore.cpp.o)
                0x000022bc                UDD_Handler
 .text.startup._GLOBAL__sub_I_usbd
                0x000022cc       0x10 C:\Users\Javi\AppData\Local\Temp\arduino-sketch-CE17654890BAE2EA24103D929A24FD4C/..\arduino-core-cache\core_adafruit_samd_adafruit_feather_m0_4ac7819664878dff9063eadadc7bf4c4.a(USBCore.cpp.o)
 .text._Znwj    0x000022dc        0x8 C:\Users\Javi\AppData\Local\Temp\arduino-sketch-CE17654890BAE2EA24103D929A24FD4C/..\arduino-core-cache\core_adafruit_samd_adafruit_feather_m0_4ac7819664878dff9063eadadc7bf4c4.a(new.cpp.o)
                0x000022dc                operator new(unsigned int)
 .text._ZdlPv   0x000022e4        0x8 C:\Users\Javi\AppData\Local\Temp\arduino-sketch-CE17654890BAE2EA24103D929A24FD4C/..\arduino-core-cache\core_adafruit_samd_adafruit_feather_m0_4ac7819664878dff9063eadadc7bf4c4.a(new.cpp.o)
                0x000022e4                operator delete(void*)
 .text._ZN7Serial_17availableForWriteEv
                0x000022ec        0x4 C:\Users\Javi\AppData\Local\Temp\arduino-sketch-CE17654890BAE2EA24103D929A24FD4C/..\arduino-core-cache\core_adafruit_samd_adafruit_feather_m0_4ac7819664878dff9063eadadc7bf4c4.a(CDC.cpp.o)
                0x000022ec                Serial_::availableForWrite()
 .text._ZN7Serial_5writeEh
                0x000022f0       0x14 C:\Users\Javi\AppData\Local\Temp\arduino-sketch-CE17654890BAE2EA24103D929A24FD4C/..\arduino-core-cache\core_adafruit_samd_adafruit_feather_m0_4ac7819664878dff9063eadadc7bf4c4.a(CDC.cpp.o)
                0x000022f0                Serial_::write(unsigned char)
 .text._ZN7Serial_9availableEv
                0x00002304        0xc C:\Users\Javi\AppData\Local\Temp\arduino-sketch-CE17654890BAE2EA24103D929A24FD4C/..\arduino-core-cache\core_adafruit_samd_adafruit_feather_m0_4ac7819664878dff9063eadadc7bf4c4.a(CDC.cpp.o)
                0x00002304                Serial_::available()
 .text._ZN7Serial_5flushEv
                0x00002310        0xc C:\Users\Javi\AppData\Local\Temp\arduino-sketch-CE17654890BAE2EA24103D929A24FD4C/..\arduino-core-cache\core_adafruit_samd_adafruit_feather_m0_4ac7819664878dff9063eadadc7bf4c4.a(CDC.cpp.o)
                0x00002310                Serial_::flush()
 .text._ZN7Serial_5writeEPKhj
                0x0000231c       0x2c C:\Users\Javi\AppData\Local\Temp\arduino-sketch-CE17654890BAE2EA24103D929A24FD4C/..\arduino-core-cache\core_adafruit_samd_adafruit_feather_m0_4ac7819664878dff9063eadadc7bf4c4.a(CDC.cpp.o)
                0x0000231c                Serial_::write(unsigned char const*, unsigned int)
 .text._ZN7Serial_4peekEv
                0x00002348       0x1c C:\Users\Javi\AppData\Local\Temp\arduino-sketch-CE17654890BAE2EA24103D929A24FD4C/..\arduino-core-cache\core_adafruit_samd_adafruit_feather_m0_4ac7819664878dff9063eadadc7bf4c4.a(CDC.cpp.o)
                0x00002348                Serial_::peek()
 .text._ZN7Serial_4readEv
                0x00002364       0x24 C:\Users\Javi\AppData\Local\Temp\arduino-sketch-CE17654890BAE2EA24103D929A24FD4C/..\arduino-core-cache\core_adafruit_samd_adafruit_feather_m0_4ac7819664878dff9063eadadc7bf4c4.a(CDC.cpp.o)
                0x00002364                Serial_::read()
 .text._Z16CDC_GetInterfacePh
                0x00002388       0x1c C:\Users\Javi\AppData\Local\Temp\arduino-sketch-CE17654890BAE2EA24103D929A24FD4C/..\arduino-core-cache\core_adafruit_samd_adafruit_feather_m0_4ac7819664878dff9063eadadc7bf4c4.a(CDC.cpp.o)
                0x00002388                CDC_GetInterface(unsigned char*)
 .text._Z9CDC_SetupR8USBSetup
                0x000023a4       0x7c C:\Users\Javi\AppData\Local\Temp\arduino-sketch-CE17654890BAE2EA24103D929A24FD4C/..\arduino-core-cache\core_adafruit_samd_adafruit_feather_m0_4ac7819664878dff9063eadadc7bf4c4.a(CDC.cpp.o)
                0x000023a4                CDC_Setup(USBSetup&)
 .text.startup._GLOBAL__sub_I__Z17_CDC_GetInterfacev
                0x00002420       0x28 C:\Users\Javi\AppData\Local\Temp\arduino-sketch-CE17654890BAE2EA24103D929A24FD4C/..\arduino-core-cache\core_adafruit_samd_adafruit_feather_m0_4ac7819664878dff9063eadadc7bf4c4.a(CDC.cpp.o)
 .text._ZN13PluggableUSB_12getInterfaceEPh
                0x00002448       0x28 C:\Users\Javi\AppData\Local\Temp\arduino-sketch-CE17654890BAE2EA24103D929A24FD4C/..\arduino-core-cache\core_adafruit_samd_adafruit_feather_m0_4ac7819664878dff9063eadadc7bf4c4.a(PluggableUSB.cpp.o)
                0x00002448                PluggableUSB_::getInterface(unsigned char*)
 .text._ZN13PluggableUSB_13getDescriptorER8USBSetup
                0x00002470       0x20 C:\Users\Javi\AppData\Local\Temp\arduino-sketch-CE17654890BAE2EA24103D929A24FD4C/..\arduino-core-cache\core_adafruit_samd_adafruit_feather_m0_4ac7819664878dff9063eadadc7bf4c4.a(PluggableUSB.cpp.o)
                0x00002470                PluggableUSB_::getDescriptor(USBSetup&)
 .text._ZN13PluggableUSB_5setupER8USBSetup
                0x00002490       0x20 C:\Users\Javi\AppData\Local\Temp\arduino-sketch-CE17654890BAE2EA24103D929A24FD4C/..\arduino-core-cache\core_adafruit_samd_adafruit_feather_m0_4ac7819664878dff9063eadadc7bf4c4.a(PluggableUSB.cpp.o)
                0x00002490                PluggableUSB_::setup(USBSetup&)
 .text._Z12PluggableUSBv
                0x000024b0       0x24 C:\Users\Javi\AppData\Local\Temp\arduino-sketch-CE17654890BAE2EA24103D929A24FD4C/..\arduino-core-cache\core_adafruit_samd_adafruit_feather_m0_4ac7819664878dff9063eadadc7bf4c4.a(PluggableUSB.cpp.o)
                0x000024b0                PluggableUSB()
 .text._ZN20USBDevice_SAMD21G18x5resetEv
                0x000024d4       0x2e C:\Users\Javi\AppData\Local\Temp\arduino-sketch-CE17654890BAE2EA24103D929A24FD4C/..\arduino-core-cache\core_adafruit_samd_adafruit_feather_m0_4ac7819664878dff9063eadadc7bf4c4.a(SAMD21_USBDevice.cpp.o)
                0x000024d4                USBDevice_SAMD21G18x::reset()
 *fill*         0x00002502        0x2 
 .text._ZN20USBDevice_SAMD21G18x9calibrateEv
                0x00002504       0x60 C:\Users\Javi\AppData\Local\Temp\arduino-sketch-CE17654890BAE2EA24103D929A24FD4C/..\arduino-core-cache\core_adafruit_samd_adafruit_feather_m0_4ac7819664878dff9063eadadc7bf4c4.a(SAMD21_USBDevice.cpp.o)
                0x00002504                USBDevice_SAMD21G18x::calibrate()
 .text          0x00002564       0x14 c:/users/javi/appdata/local/arduino15/packages/arduino/tools/arm-none-eabi-gcc/7-2017q4/bin/../lib/gcc/arm-none-eabi/7.2.1/thumb/v6-m\libgcc.a(_thumb1_case_uqi.o)
                0x00002564                __gnu_thumb1_case_uqi
 .text          0x00002578      0x114 c:/users/javi/appdata/local/arduino15/packages/arduino/tools/arm-none-eabi-gcc/7-2017q4/bin/../lib/gcc/arm-none-eabi/7.2.1/thumb/v6-m\libgcc.a(_udivsi3.o)
                0x00002578                __aeabi_uidiv
                0x00002578                __udivsi3
                0x00002684                __aeabi_uidivmod
 .text          0x0000268c        0x4 c:/users/javi/appdata/local/arduino15/packages/arduino/tools/arm-none-eabi-gcc/7-2017q4/bin/../lib/gcc/arm-none-eabi/7.2.1/thumb/v6-m\libgcc.a(_dvmd_tls.o)
                0x0000268c                __aeabi_idiv0
                0x0000268c                __aeabi_ldiv0
 .text.__libc_init_array
                0x00002690       0x48 c:/users/javi/appdata/local/arduino15/packages/arduino/tools/arm-none-eabi-gcc/7-2017q4/bin/../lib/gcc/arm-none-eabi/7.2.1/../../../../arm-none-eabi/lib/thumb/v6-m\libc_nano.a(lib_a-init.o)
                0x00002690                __libc_init_array
 .text.malloc   0x000026d8       0x14 c:/users/javi/appdata/local/arduino15/packages/arduino/tools/arm-none-eabi-gcc/7-2017q4/bin/../lib/gcc/arm-none-eabi/7.2.1/../../../../arm-none-eabi/lib/thumb/v6-m\libc_nano.a(lib_a-malloc.o)
                0x000026d8                malloc
 .text.free     0x000026ec       0x14 c:/users/javi/appdata/local/arduino15/packages/arduino/tools/arm-none-eabi-gcc/7-2017q4/bin/../lib/gcc/arm-none-eabi/7.2.1/../../../../arm-none-eabi/lib/thumb/v6-m\libc_nano.a(lib_a-malloc.o)
                0x000026ec                free
 .text.memcpy   0x00002700       0x12 c:/users/javi/appdata/local/arduino15/packages/arduino/tools/arm-none-eabi-gcc/7-2017q4/bin/../lib/gcc/arm-none-eabi/7.2.1/../../../../arm-none-eabi/lib/thumb/v6-m\libc_nano.a(lib_a-memcpy-stub.o)
                0x00002700                memcpy
 .text.memset   0x00002712       0x10 c:/users/javi/appdata/local/arduino15/packages/arduino/tools/arm-none-eabi-gcc/7-2017q4/bin/../lib/gcc/arm-none-eabi/7.2.1/../../../../arm-none-eabi/lib/thumb/v6-m\libc_nano.a(lib_a-memset.o)
                0x00002712                memset
 *fill*         0x00002722        0x2 
 .text._free_r  0x00002724       0x94 c:/users/javi/appdata/local/arduino15/packages/arduino/tools/arm-none-eabi-gcc/7-2017q4/bin/../lib/gcc/arm-none-eabi/7.2.1/../../../../arm-none-eabi/lib/thumb/v6-m\libc_nano.a(lib_a-nano-freer.o)
                0x00002724                _free_r
 .text._malloc_r
                0x000027b8       0xbc c:/users/javi/appdata/local/arduino15/packages/arduino/tools/arm-none-eabi-gcc/7-2017q4/bin/../lib/gcc/arm-none-eabi/7.2.1/../../../../arm-none-eabi/lib/thumb/v6-m\libc_nano.a(lib_a-nano-mallocr.o)
                0x000027b8                _malloc_r
 .text._sbrk_r  0x00002874       0x24 c:/users/javi/appdata/local/arduino15/packages/arduino/tools/arm-none-eabi-gcc/7-2017q4/bin/../lib/gcc/arm-none-eabi/7.2.1/../../../../arm-none-eabi/lib/thumb/v6-m\libc_nano.a(lib_a-sbrkr.o)
                0x00002874                _sbrk_r
 .text          0x00002898        0xe c:/users/javi/appdata/local/arduino15/packages/arduino/tools/arm-none-eabi-gcc/7-2017q4/bin/../lib/gcc/arm-none-eabi/7.2.1/../../../../arm-none-eabi/lib/thumb/v6-m\libc_nano.a(lib_a-strlen.o)
                0x00002898                strlen
 .text.__malloc_lock
                0x000028a6        0x2 c:/users/javi/appdata/local/arduino15/packages/arduino/tools/arm-none-eabi-gcc/7-2017q4/bin/../lib/gcc/arm-none-eabi/7.2.1/../../../../arm-none-eabi/lib/thumb/v6-m\libc_nano.a(lib_a-mlock.o)
                0x000028a6                __malloc_lock
 .text.__malloc_unlock
                0x000028a8        0x2 c:/users/javi/appdata/local/arduino15/packages/arduino/tools/arm-none-eabi-gcc/7-2017q4/bin/../lib/gcc/arm-none-eabi/7.2.1/../../../../arm-none-eabi/lib/thumb/v6-m\libc_nano.a(lib_a-mlock.o)
                0x000028a8                __malloc_unlock
 *fill*         0x000028aa        0x2 
 .text._sbrk    0x000028ac       0x1c c:/users/javi/appdata/local/arduino15/packages/arduino/tools/arm-none-eabi-gcc/7-2017q4/bin/../lib/gcc/arm-none-eabi/7.2.1/../../../../arm-none-eabi/lib/thumb/v6-m\libnosys.a(sbrk.o)
                0x000028ac                _sbrk
 *(.init)
 .init          0x000028c8        0x4 c:/users/javi/appdata/local/arduino15/packages/arduino/tools/arm-none-eabi-gcc/7-2017q4/bin/../lib/gcc/arm-none-eabi/7.2.1/thumb/v6-m/crti.o
                0x000028c8                _init
 .init          0x000028cc        0x8 c:/users/javi/appdata/local/arduino15/packages/arduino/tools/arm-none-eabi-gcc/7-2017q4/bin/../lib/gcc/arm-none-eabi/7.2.1/thumb/v6-m/crtn.o
 *(.fini)
 .fini          0x000028d4        0x4 c:/users/javi/appdata/local/arduino15/packages/arduino/tools/arm-none-eabi-gcc/7-2017q4/bin/../lib/gcc/arm-none-eabi/7.2.1/thumb/v6-m/crti.o
                0x000028d4                _fini
 .fini          0x000028d8        0x8 c:/users/javi/appdata/local/arduino15/packages/arduino/tools/arm-none-eabi-gcc/7-2017q4/bin/../lib/gcc/arm-none-eabi/7.2.1/thumb/v6-m/crtn.o
 *crtbegin.o(.ctors)
 *crtbegin?.o(.ctors)
 *(EXCLUDE_FILE(*crtend.o *crtend?.o) .ctors)
 *(SORT_BY_NAME(.ctors.*))
 *(.ctors)
 *crtbegin.o(.dtors)
 *crtbegin?.o(.dtors)
 *(EXCLUDE_FILE(*crtend.o *crtend?.o) .dtors)
 *(SORT_BY_NAME(.dtors.*))
 *(.dtors)
 *(.rodata*)
 *fill*         0x000028e0       0x20 
 .rodata._ZL17_dataflash_eeprom
                0x00002900      0x100 C:\Users\Javi\AppData\Local\Temp\arduino-sketch-CE17654890BAE2EA24103D929A24FD4C\sketch\TEST_0.ino.cpp.o
 .rodata.setup.str1.1
                0x00002a00       0x8f C:\Users\Javi\AppData\Local\Temp\arduino-sketch-CE17654890BAE2EA24103D929A24FD4C\sketch\TEST_0.ino.cpp.o
 *fill*         0x00002a8f       0x71 
 .rodata._ZL19_dataeeprom_storage
                0x00002b00      0x500 C:\Users\Javi\AppData\Local\Temp\arduino-sketch-CE17654890BAE2EA24103D929A24FD4C\libraries\0012-batt_FlashStorage\batt_FlashAsEEPROM.cpp.o
 .rodata._ZL9pageSizes
                0x00003000       0x20 C:\Users\Javi\AppData\Local\Temp\arduino-sketch-CE17654890BAE2EA24103D929A24FD4C\libraries\0012-batt_FlashStorage\batt_FlashStorage.cpp.o
 .rodata.g_APinDescription
                0x00003020      0x450 C:\Users\Javi\AppData\Local\Temp\arduino-sketch-CE17654890BAE2EA24103D929A24FD4C\core\variant.cpp.o
                0x00003020                g_APinDescription
 .rodata._ZN5Print7printlnEv.str1.1
                0x00003470        0x3 C:\Users\Javi\AppData\Local\Temp\arduino-sketch-CE17654890BAE2EA24103D929A24FD4C/..\arduino-core-cache\core_adafruit_samd_adafruit_feather_m0_4ac7819664878dff9063eadadc7bf4c4.a(Print.cpp.o)
 *fill*         0x00003473        0x1 
 .rodata._ZL10sercomData
                0x00003474       0x30 C:\Users\Javi\AppData\Local\Temp\arduino-sketch-CE17654890BAE2EA24103D929A24FD4C/..\arduino-core-cache\core_adafruit_samd_adafruit_feather_m0_4ac7819664878dff9063eadadc7bf4c4.a(SERCOM.cpp.o)
 .rodata._ZTV4Uart
                0x000034a4       0x34 C:\Users\Javi\AppData\Local\Temp\arduino-sketch-CE17654890BAE2EA24103D929A24FD4C/..\arduino-core-cache\core_adafruit_samd_adafruit_feather_m0_4ac7819664878dff9063eadadc7bf4c4.a(Uart.cpp.o)
                0x000034a4                vtable for Uart
 .rodata._ZTV26DoubleBufferedEPOutHandler
                0x000034d8       0x20 C:\Users\Javi\AppData\Local\Temp\arduino-sketch-CE17654890BAE2EA24103D929A24FD4C/..\arduino-core-cache\core_adafruit_samd_adafruit_feather_m0_4ac7819664878dff9063eadadc7bf4c4.a(USBCore.cpp.o)
                0x000034d8                vtable for DoubleBufferedEPOutHandler
 .rodata._ZL14STRING_PRODUCT
                0x000034f8        0xb C:\Users\Javi\AppData\Local\Temp\arduino-sketch-CE17654890BAE2EA24103D929A24FD4C/..\arduino-core-cache\core_adafruit_samd_adafruit_feather_m0_4ac7819664878dff9063eadadc7bf4c4.a(USBCore.cpp.o)
 *fill*         0x00003503        0x1 
 .rodata._ZL15STRING_LANGUAGE
                0x00003504        0x4 C:\Users\Javi\AppData\Local\Temp\arduino-sketch-CE17654890BAE2EA24103D929A24FD4C/..\arduino-core-cache\core_adafruit_samd_adafruit_feather_m0_4ac7819664878dff9063eadadc7bf4c4.a(USBCore.cpp.o)
 .rodata._ZL19STRING_MANUFACTURER
                0x00003508        0x9 C:\Users\Javi\AppData\Local\Temp\arduino-sketch-CE17654890BAE2EA24103D929A24FD4C/..\arduino-core-cache\core_adafruit_samd_adafruit_feather_m0_4ac7819664878dff9063eadadc7bf4c4.a(USBCore.cpp.o)
 .rodata._ZL21USB_DeviceDescriptorB
                0x00003511       0x12 C:\Users\Javi\AppData\Local\Temp\arduino-sketch-CE17654890BAE2EA24103D929A24FD4C/..\arduino-core-cache\core_adafruit_samd_adafruit_feather_m0_4ac7819664878dff9063eadadc7bf4c4.a(USBCore.cpp.o)
 *fill*         0x00003523        0x1 
 .rodata._ZTV7Serial_
                0x00003524       0x24 C:\Users\Javi\AppData\Local\Temp\arduino-sketch-CE17654890BAE2EA24103D929A24FD4C/..\arduino-core-cache\core_adafruit_samd_adafruit_feather_m0_4ac7819664878dff9063eadadc7bf4c4.a(CDC.cpp.o)
                0x00003524                vtable for Serial_
 *(.eh_frame*)
 .eh_frame      0x00003548        0x0 c:/users/javi/appdata/local/arduino15/packages/arduino/tools/arm-none-eabi-gcc/7-2017q4/bin/../lib/gcc/arm-none-eabi/7.2.1/thumb/v6-m/crtbegin.o
 .eh_frame      0x00003548        0x4 c:/users/javi/appdata/local/arduino15/packages/arduino/tools/arm-none-eabi-gcc/7-2017q4/bin/../lib/gcc/arm-none-eabi/7.2.1/thumb/v6-m/crtend.o

.glue_7         0x0000354c        0x0
 .glue_7        0x0000354c        0x0 linker stubs

.glue_7t        0x0000354c        0x0
 .glue_7t       0x0000354c        0x0 linker stubs

.vfp11_veneer   0x0000354c        0x0
 .vfp11_veneer  0x0000354c        0x0 linker stubs

.v4_bx          0x0000354c        0x0
 .v4_bx         0x0000354c        0x0 linker stubs

.iplt           0x0000354c        0x0
 .iplt          0x0000354c        0x0 c:/users/javi/appdata/local/arduino15/packages/arduino/tools/arm-none-eabi-gcc/7-2017q4/bin/../lib/gcc/arm-none-eabi/7.2.1/thumb/v6-m/crtbegin.o

.rel.dyn        0x0000354c        0x0
 .rel.iplt      0x0000354c        0x0 c:/users/javi/appdata/local/arduino15/packages/arduino/tools/arm-none-eabi-gcc/7-2017q4/bin/../lib/gcc/arm-none-eabi/7.2.1/thumb/v6-m/crtbegin.o

.ARM.extab
 *(.ARM.extab* .gnu.linkonce.armextab.*)
                0x0000354c                __exidx_start = .

.ARM.exidx
 *(.ARM.exidx* .gnu.linkonce.armexidx.*)
                0x0000354c                __exidx_end = .
                0x0000354c                __etext = .

.data           0x20000000      0x110 load address 0x0000354c
                0x20000000                __data_start__ = .
 *(vtable)
 *(.data*)
 .data.SystemCoreClock
                0x20000000        0x4 C:\Users\Javi\AppData\Local\Temp\arduino-sketch-CE17654890BAE2EA24103D929A24FD4C/..\arduino-core-cache\core_adafruit_samd_adafruit_feather_m0_4ac7819664878dff9063eadadc7bf4c4.a(wiring.c.o)
                0x20000000                SystemCoreClock
 .data._ZL5ticks
                0x20000004        0x4 C:\Users\Javi\AppData\Local\Temp\arduino-sketch-CE17654890BAE2EA24103D929A24FD4C/..\arduino-core-cache\core_adafruit_samd_adafruit_feather_m0_4ac7819664878dff9063eadadc7bf4c4.a(Reset.cpp.o)
 .data.EndPoints
                0x20000008       0x28 C:\Users\Javi\AppData\Local\Temp\arduino-sketch-CE17654890BAE2EA24103D929A24FD4C/..\arduino-core-cache\core_adafruit_samd_adafruit_feather_m0_4ac7819664878dff9063eadadc7bf4c4.a(USBCore.cpp.o)
                0x20000008                EndPoints
 .data._ZL10breakValue
                0x20000030        0x4 C:\Users\Javi\AppData\Local\Temp\arduino-sketch-CE17654890BAE2EA24103D929A24FD4C/..\arduino-core-cache\core_adafruit_samd_adafruit_feather_m0_4ac7819664878dff9063eadadc7bf4c4.a(CDC.cpp.o)
 .data._ZL12_usbLineInfo
                0x20000034        0x8 C:\Users\Javi\AppData\Local\Temp\arduino-sketch-CE17654890BAE2EA24103D929A24FD4C/..\arduino-core-cache\core_adafruit_samd_adafruit_feather_m0_4ac7819664878dff9063eadadc7bf4c4.a(CDC.cpp.o)
 .data._ZL13_cdcInterface
                0x2000003c       0x42 C:\Users\Javi\AppData\Local\Temp\arduino-sketch-CE17654890BAE2EA24103D929A24FD4C/..\arduino-core-cache\core_adafruit_samd_adafruit_feather_m0_4ac7819664878dff9063eadadc7bf4c4.a(CDC.cpp.o)
 *fill*         0x2000007e        0x2 
 .data._serialPeek
                0x20000080        0x4 C:\Users\Javi\AppData\Local\Temp\arduino-sketch-CE17654890BAE2EA24103D929A24FD4C/..\arduino-core-cache\core_adafruit_samd_adafruit_feather_m0_4ac7819664878dff9063eadadc7bf4c4.a(CDC.cpp.o)
                0x20000080                _serialPeek
 .data._impure_ptr
                0x20000084        0x4 c:/users/javi/appdata/local/arduino15/packages/arduino/tools/arm-none-eabi-gcc/7-2017q4/bin/../lib/gcc/arm-none-eabi/7.2.1/../../../../arm-none-eabi/lib/thumb/v6-m\libc_nano.a(lib_a-impure.o)
                0x20000084                _impure_ptr
 .data.impure_data
                0x20000088       0x60 c:/users/javi/appdata/local/arduino15/packages/arduino/tools/arm-none-eabi-gcc/7-2017q4/bin/../lib/gcc/arm-none-eabi/7.2.1/../../../../arm-none-eabi/lib/thumb/v6-m\libc_nano.a(lib_a-impure.o)
                0x200000e8                . = ALIGN (0x4)
                0x200000e8                PROVIDE (__preinit_array_start, .)
 *(.preinit_array)
                0x200000e8                PROVIDE (__preinit_array_end, .)
                0x200000e8                . = ALIGN (0x4)
                0x200000e8                PROVIDE (__init_array_start, .)
 *(SORT_BY_NAME(.init_array.*))
 *(.init_array)
 .init_array    0x200000e8        0x4 c:/users/javi/appdata/local/arduino15/packages/arduino/tools/arm-none-eabi-gcc/7-2017q4/bin/../lib/gcc/arm-none-eabi/7.2.1/thumb/v6-m/crtbegin.o
 .init_array    0x200000ec        0x4 C:\Users\Javi\AppData\Local\Temp\arduino-sketch-CE17654890BAE2EA24103D929A24FD4C\sketch\TEST_0.ino.cpp.o
 .init_array    0x200000f0        0x4 C:\Users\Javi\AppData\Local\Temp\arduino-sketch-CE17654890BAE2EA24103D929A24FD4C\libraries\0012-batt_FlashStorage\batt_FlashAsEEPROM.cpp.o
 .init_array    0x200000f4        0x4 C:\Users\Javi\AppData\Local\Temp\arduino-sketch-CE17654890BAE2EA24103D929A24FD4C\core\variant.cpp.o
 .init_array    0x200000f8        0x4 C:\Users\Javi\AppData\Local\Temp\arduino-sketch-CE17654890BAE2EA24103D929A24FD4C/..\arduino-core-cache\core_adafruit_samd_adafruit_feather_m0_4ac7819664878dff9063eadadc7bf4c4.a(USBCore.cpp.o)
 .init_array    0x200000fc        0x4 C:\Users\Javi\AppData\Local\Temp\arduino-sketch-CE17654890BAE2EA24103D929A24FD4C/..\arduino-core-cache\core_adafruit_samd_adafruit_feather_m0_4ac7819664878dff9063eadadc7bf4c4.a(CDC.cpp.o)
                0x20000100                PROVIDE (__init_array_end, .)
                0x20000100                . = ALIGN (0x4)
                [!provide]                PROVIDE (__fini_array_start, .)
 *(SORT_BY_NAME(.fini_array.*))
 *(.fini_array)
 .fini_array    0x20000100        0x4 c:/users/javi/appdata/local/arduino15/packages/arduino/tools/arm-none-eabi-gcc/7-2017q4/bin/../lib/gcc/arm-none-eabi/7.2.1/thumb/v6-m/crtbegin.o
                [!provide]                PROVIDE (__fini_array_end, .)
 *(.jcr*)
                0x20000110                . = ALIGN (0x10)
 *fill*         0x20000104        0xc 
                0x20000110                __data_end__ = .

.igot.plt       0x20000110        0x0 load address 0x0000365c
 .igot.plt      0x20000110        0x0 c:/users/javi/appdata/local/arduino15/packages/arduino/tools/arm-none-eabi-gcc/7-2017q4/bin/../lib/gcc/arm-none-eabi/7.2.1/thumb/v6-m/crtbegin.o

.bss            0x20000110     0x1128 load address 0x0000365c
                0x20000110                . = ALIGN (0x4)
                0x20000110                __bss_start__ = .
 *(.bss*)
 .bss           0x20000110       0x1c c:/users/javi/appdata/local/arduino15/packages/arduino/tools/arm-none-eabi-gcc/7-2017q4/bin/../lib/gcc/arm-none-eabi/7.2.1/thumb/v6-m/crtbegin.o
 .bss.flash_eeprom
                0x2000012c       0x18 C:\Users\Javi\AppData\Local\Temp\arduino-sketch-CE17654890BAE2EA24103D929A24FD4C\sketch\TEST_0.ino.cpp.o
                0x2000012c                flash_eeprom
 .bss.local_eeprom
                0x20000144       0xcc C:\Users\Javi\AppData\Local\Temp\arduino-sketch-CE17654890BAE2EA24103D929A24FD4C\sketch\TEST_0.ino.cpp.o
                0x20000144                local_eeprom
 .bss.EEPROM    0x20000210      0x403 C:\Users\Javi\AppData\Local\Temp\arduino-sketch-CE17654890BAE2EA24103D929A24FD4C\libraries\0012-batt_FlashStorage\batt_FlashAsEEPROM.cpp.o
                0x20000210                EEPROM
 *fill*         0x20000613        0x1 
 .bss.eeprom_storage
                0x20000614       0x18 C:\Users\Javi\AppData\Local\Temp\arduino-sketch-CE17654890BAE2EA24103D929A24FD4C\libraries\0012-batt_FlashStorage\batt_FlashAsEEPROM.cpp.o
                0x20000614                eeprom_storage
 .bss.Serial1   0x2000062c      0x2fc C:\Users\Javi\AppData\Local\Temp\arduino-sketch-CE17654890BAE2EA24103D929A24FD4C\core\variant.cpp.o
                0x2000062c                Serial1
 .bss.Serial5   0x20000928      0x2fc C:\Users\Javi\AppData\Local\Temp\arduino-sketch-CE17654890BAE2EA24103D929A24FD4C\core\variant.cpp.o
                0x20000928                Serial5
 .bss.sercom0   0x20000c24        0x4 C:\Users\Javi\AppData\Local\Temp\arduino-sketch-CE17654890BAE2EA24103D929A24FD4C\core\variant.cpp.o
                0x20000c24                sercom0
 .bss.sercom1   0x20000c28        0x4 C:\Users\Javi\AppData\Local\Temp\arduino-sketch-CE17654890BAE2EA24103D929A24FD4C\core\variant.cpp.o
                0x20000c28                sercom1
 .bss.sercom2   0x20000c2c        0x4 C:\Users\Javi\AppData\Local\Temp\arduino-sketch-CE17654890BAE2EA24103D929A24FD4C\core\variant.cpp.o
                0x20000c2c                sercom2
 .bss.sercom3   0x20000c30        0x4 C:\Users\Javi\AppData\Local\Temp\arduino-sketch-CE17654890BAE2EA24103D929A24FD4C\core\variant.cpp.o
                0x20000c30                sercom3
 .bss.sercom4   0x20000c34        0x4 C:\Users\Javi\AppData\Local\Temp\arduino-sketch-CE17654890BAE2EA24103D929A24FD4C\core\variant.cpp.o
                0x20000c34                sercom4
 .bss.sercom5   0x20000c38        0x4 C:\Users\Javi\AppData\Local\Temp\arduino-sketch-CE17654890BAE2EA24103D929A24FD4C\core\variant.cpp.o
                0x20000c38                sercom5
 .bss.usb_isr   0x20000c3c        0x4 C:\Users\Javi\AppData\Local\Temp\arduino-sketch-CE17654890BAE2EA24103D929A24FD4C/..\arduino-core-cache\core_adafruit_samd_adafruit_feather_m0_4ac7819664878dff9063eadadc7bf4c4.a(cortex_handlers.c.o)
 .bss._ulTickCount
                0x20000c40        0x4 C:\Users\Javi\AppData\Local\Temp\arduino-sketch-CE17654890BAE2EA24103D929A24FD4C/..\arduino-core-cache\core_adafruit_samd_adafruit_feather_m0_4ac7819664878dff9063eadadc7bf4c4.a(delay.c.o)
 .bss.USBDevice
                0x20000c44        0x1 C:\Users\Javi\AppData\Local\Temp\arduino-sketch-CE17654890BAE2EA24103D929A24FD4C/..\arduino-core-cache\core_adafruit_samd_adafruit_feather_m0_4ac7819664878dff9063eadadc7bf4c4.a(USBCore.cpp.o)
                0x20000c44                USBDevice
 *fill*         0x20000c45        0x3 
 .bss._ZL10epHandlers
                0x20000c48       0x1c C:\Users\Javi\AppData\Local\Temp\arduino-sketch-CE17654890BAE2EA24103D929A24FD4C/..\arduino-core-cache\core_adafruit_samd_adafruit_feather_m0_4ac7819664878dff9063eadadc7bf4c4.a(USBCore.cpp.o)
 .bss._ZL10rxLEDPulse
                0x20000c64        0x1 C:\Users\Javi\AppData\Local\Temp\arduino-sketch-CE17654890BAE2EA24103D929A24FD4C/..\arduino-core-cache\core_adafruit_samd_adafruit_feather_m0_4ac7819664878dff9063eadadc7bf4c4.a(USBCore.cpp.o)
 .bss._ZL10txLEDPulse
                0x20000c65        0x1 C:\Users\Javi\AppData\Local\Temp\arduino-sketch-CE17654890BAE2EA24103D929A24FD4C/..\arduino-core-cache\core_adafruit_samd_adafruit_feather_m0_4ac7819664878dff9063eadadc7bf4c4.a(USBCore.cpp.o)
 .bss._ZL14isEndpointHalt
                0x20000c66        0x1 C:\Users\Javi\AppData\Local\Temp\arduino-sketch-CE17654890BAE2EA24103D929A24FD4C/..\arduino-core-cache\core_adafruit_samd_adafruit_feather_m0_4ac7819664878dff9063eadadc7bf4c4.a(USBCore.cpp.o)
 .bss._ZL20LastTransmitTimedOut
                0x20000c67        0x7 C:\Users\Javi\AppData\Local\Temp\arduino-sketch-CE17654890BAE2EA24103D929A24FD4C/..\arduino-core-cache\core_adafruit_samd_adafruit_feather_m0_4ac7819664878dff9063eadadc7bf4c4.a(USBCore.cpp.o)
 .bss._ZL21isRemoteWakeUpEnabled
                0x20000c6e        0x1 C:\Users\Javi\AppData\Local\Temp\arduino-sketch-CE17654890BAE2EA24103D929A24FD4C/..\arduino-core-cache\core_adafruit_samd_adafruit_feather_m0_4ac7819664878dff9063eadadc7bf4c4.a(USBCore.cpp.o)
 *fill*         0x20000c6f        0x1 
 .bss._ZL22udd_ep_in_cache_buffer
                0x20000c70      0x1c0 C:\Users\Javi\AppData\Local\Temp\arduino-sketch-CE17654890BAE2EA24103D929A24FD4C/..\arduino-core-cache\core_adafruit_samd_adafruit_feather_m0_4ac7819664878dff9063eadadc7bf4c4.a(USBCore.cpp.o)
 .bss._ZL23udd_ep_out_cache_buffer
                0x20000e30      0x1c0 C:\Users\Javi\AppData\Local\Temp\arduino-sketch-CE17654890BAE2EA24103D929A24FD4C/..\arduino-core-cache\core_adafruit_samd_adafruit_feather_m0_4ac7819664878dff9063eadadc7bf4c4.a(USBCore.cpp.o)
 .bss._dry_run  0x20000ff0        0x1 C:\Users\Javi\AppData\Local\Temp\arduino-sketch-CE17654890BAE2EA24103D929A24FD4C/..\arduino-core-cache\core_adafruit_samd_adafruit_feather_m0_4ac7819664878dff9063eadadc7bf4c4.a(USBCore.cpp.o)
                0x20000ff0                _dry_run
 .bss._pack_buffer
                0x20000ff1      0x100 C:\Users\Javi\AppData\Local\Temp\arduino-sketch-CE17654890BAE2EA24103D929A24FD4C/..\arduino-core-cache\core_adafruit_samd_adafruit_feather_m0_4ac7819664878dff9063eadadc7bf4c4.a(USBCore.cpp.o)
                0x20000ff1                _pack_buffer
 .bss._pack_message
                0x200010f1        0x1 C:\Users\Javi\AppData\Local\Temp\arduino-sketch-CE17654890BAE2EA24103D929A24FD4C/..\arduino-core-cache\core_adafruit_samd_adafruit_feather_m0_4ac7819664878dff9063eadadc7bf4c4.a(USBCore.cpp.o)
                0x200010f1                _pack_message
 .bss._pack_size
                0x200010f2        0x2 C:\Users\Javi\AppData\Local\Temp\arduino-sketch-CE17654890BAE2EA24103D929A24FD4C/..\arduino-core-cache\core_adafruit_samd_adafruit_feather_m0_4ac7819664878dff9063eadadc7bf4c4.a(USBCore.cpp.o)
                0x200010f2                _pack_size
 .bss._usbConfiguration
                0x200010f4        0x4 C:\Users\Javi\AppData\Local\Temp\arduino-sketch-CE17654890BAE2EA24103D929A24FD4C/..\arduino-core-cache\core_adafruit_samd_adafruit_feather_m0_4ac7819664878dff9063eadadc7bf4c4.a(USBCore.cpp.o)
                0x200010f4                _usbConfiguration
 .bss._usbSetInterface
                0x200010f8        0x4 C:\Users\Javi\AppData\Local\Temp\arduino-sketch-CE17654890BAE2EA24103D929A24FD4C/..\arduino-core-cache\core_adafruit_samd_adafruit_feather_m0_4ac7819664878dff9063eadadc7bf4c4.a(USBCore.cpp.o)
                0x200010f8                _usbSetInterface
 .bss.usbd      0x200010fc      0x104 C:\Users\Javi\AppData\Local\Temp\arduino-sketch-CE17654890BAE2EA24103D929A24FD4C/..\arduino-core-cache\core_adafruit_samd_adafruit_feather_m0_4ac7819664878dff9063eadadc7bf4c4.a(USBCore.cpp.o)
                0x200010fc                usbd
 .bss.Serial    0x20001200       0x1c C:\Users\Javi\AppData\Local\Temp\arduino-sketch-CE17654890BAE2EA24103D929A24FD4C/..\arduino-core-cache\core_adafruit_samd_adafruit_feather_m0_4ac7819664878dff9063eadadc7bf4c4.a(CDC.cpp.o)
                0x20001200                Serial
 .bss._ZGVZ12PluggableUSBvE3obj
                0x2000121c        0x4 C:\Users\Javi\AppData\Local\Temp\arduino-sketch-CE17654890BAE2EA24103D929A24FD4C/..\arduino-core-cache\core_adafruit_samd_adafruit_feather_m0_4ac7819664878dff9063eadadc7bf4c4.a(PluggableUSB.cpp.o)
 .bss._ZZ12PluggableUSBvE3obj
                0x20001220        0x8 C:\Users\Javi\AppData\Local\Temp\arduino-sketch-CE17654890BAE2EA24103D929A24FD4C/..\arduino-core-cache\core_adafruit_samd_adafruit_feather_m0_4ac7819664878dff9063eadadc7bf4c4.a(PluggableUSB.cpp.o)
 .bss.__malloc_free_list
                0x20001228        0x4 c:/users/javi/appdata/local/arduino15/packages/arduino/tools/arm-none-eabi-gcc/7-2017q4/bin/../lib/gcc/arm-none-eabi/7.2.1/../../../../arm-none-eabi/lib/thumb/v6-m\libc_nano.a(lib_a-nano-mallocr.o)
                0x20001228                __malloc_free_list
 .bss.__malloc_sbrk_start
                0x2000122c        0x4 c:/users/javi/appdata/local/arduino15/packages/arduino/tools/arm-none-eabi-gcc/7-2017q4/bin/../lib/gcc/arm-none-eabi/7.2.1/../../../../arm-none-eabi/lib/thumb/v6-m\libc_nano.a(lib_a-nano-mallocr.o)
                0x2000122c                __malloc_sbrk_start
 .bss.heap_end.4102
                0x20001230        0x4 c:/users/javi/appdata/local/arduino15/packages/arduino/tools/arm-none-eabi-gcc/7-2017q4/bin/../lib/gcc/arm-none-eabi/7.2.1/../../../../arm-none-eabi/lib/thumb/v6-m\libnosys.a(sbrk.o)
 *(COMMON)
 COMMON         0x20001234        0x4 c:/users/javi/appdata/local/arduino15/packages/arduino/tools/arm-none-eabi-gcc/7-2017q4/bin/../lib/gcc/arm-none-eabi/7.2.1/../../../../arm-none-eabi/lib/thumb/v6-m\libc_nano.a(lib_a-reent.o)
                0x20001234                errno
                0x20001238                . = ALIGN (0x4)
                0x20001238                __bss_end__ = .

.heap           0x20001238        0x0
                0x20001238                __end__ = .
                0x20001238                PROVIDE (end, .)
 *(.heap*)
                0x20001238                __HeapLimit = .

.stack_dummy    0x20001238        0x0
 *(.stack*)
                0x20008000                __StackTop = (ORIGIN (RAM) + LENGTH (RAM))
                0x20008000                __StackLimit = (__StackTop - SIZEOF (.stack_dummy))
                0x20008000                PROVIDE (__stack, __StackTop)
                0x20007fff                __ram_end__ = ((ORIGIN (RAM) + LENGTH (RAM)) - 0x1)
                0x00000001                ASSERT ((__StackLimit >= __HeapLimit), region RAM overflowed with stack)
OUTPUT(C:\Users\Javi\AppData\Local\Temp\arduino-sketch-CE17654890BAE2EA24103D929A24FD4C/TEST_0.ino.elf elf32-littlearm)

.ARM.attributes
                0x00000000       0x28
 .ARM.attributes
                0x00000000       0x1e c:/users/javi/appdata/local/arduino15/packages/arduino/tools/arm-none-eabi-gcc/7-2017q4/bin/../lib/gcc/arm-none-eabi/7.2.1/thumb/v6-m/crti.o
 .ARM.attributes
                0x0000001e       0x2c c:/users/javi/appdata/local/arduino15/packages/arduino/tools/arm-none-eabi-gcc/7-2017q4/bin/../lib/gcc/arm-none-eabi/7.2.1/thumb/v6-m/crtbegin.o
 .ARM.attributes
                0x0000004a       0x32 C:\Users\Javi\AppData\Local\Temp\arduino-sketch-CE17654890BAE2EA24103D929A24FD4C\sketch\TEST_0.ino.cpp.o
 .ARM.attributes
                0x0000007c       0x32 C:\Users\Javi\AppData\Local\Temp\arduino-sketch-CE17654890BAE2EA24103D929A24FD4C\libraries\0012-batt_FlashStorage\batt_FlashAsEEPROM.cpp.o
 .ARM.attributes
                0x000000ae       0x32 C:\Users\Javi\AppData\Local\Temp\arduino-sketch-CE17654890BAE2EA24103D929A24FD4C\libraries\0012-batt_FlashStorage\batt_FlashStorage.cpp.o
 .ARM.attributes
                0x000000e0       0x2c C:\Users\Javi\AppData\Local\Temp\arduino-sketch-CE17654890BAE2EA24103D929A24FD4C\core\variant.cpp.o
 .ARM.attributes
                0x0000010c       0x32 C:\Users\Javi\AppData\Local\Temp\arduino-sketch-CE17654890BAE2EA24103D929A24FD4C/..\arduino-core-cache\core_adafruit_samd_adafruit_feather_m0_4ac7819664878dff9063eadadc7bf4c4.a(Print.cpp.o)
 .ARM.attributes
                0x0000013e       0x32 C:\Users\Javi\AppData\Local\Temp\arduino-sketch-CE17654890BAE2EA24103D929A24FD4C/..\arduino-core-cache\core_adafruit_samd_adafruit_feather_m0_4ac7819664878dff9063eadadc7bf4c4.a(SERCOM.cpp.o)
 .ARM.attributes
                0x00000170       0x32 C:\Users\Javi\AppData\Local\Temp\arduino-sketch-CE17654890BAE2EA24103D929A24FD4C/..\arduino-core-cache\core_adafruit_samd_adafruit_feather_m0_4ac7819664878dff9063eadadc7bf4c4.a(Uart.cpp.o)
 .ARM.attributes
                0x000001a2       0x32 C:\Users\Javi\AppData\Local\Temp\arduino-sketch-CE17654890BAE2EA24103D929A24FD4C/..\arduino-core-cache\core_adafruit_samd_adafruit_feather_m0_4ac7819664878dff9063eadadc7bf4c4.a(cortex_handlers.c.o)
 .ARM.attributes
                0x000001d4       0x32 C:\Users\Javi\AppData\Local\Temp\arduino-sketch-CE17654890BAE2EA24103D929A24FD4C/..\arduino-core-cache\core_adafruit_samd_adafruit_feather_m0_4ac7819664878dff9063eadadc7bf4c4.a(delay.c.o)
 .ARM.attributes
                0x00000206       0x32 C:\Users\Javi\AppData\Local\Temp\arduino-sketch-CE17654890BAE2EA24103D929A24FD4C/..\arduino-core-cache\core_adafruit_samd_adafruit_feather_m0_4ac7819664878dff9063eadadc7bf4c4.a(hooks.c.o)
 .ARM.attributes
                0x00000238       0x32 C:\Users\Javi\AppData\Local\Temp\arduino-sketch-CE17654890BAE2EA24103D929A24FD4C/..\arduino-core-cache\core_adafruit_samd_adafruit_feather_m0_4ac7819664878dff9063eadadc7bf4c4.a(main.cpp.o)
 .ARM.attributes
                0x0000026a       0x32 C:\Users\Javi\AppData\Local\Temp\arduino-sketch-CE17654890BAE2EA24103D929A24FD4C/..\arduino-core-cache\core_adafruit_samd_adafruit_feather_m0_4ac7819664878dff9063eadadc7bf4c4.a(startup.c.o)
 .ARM.attributes
                0x0000029c       0x32 C:\Users\Javi\AppData\Local\Temp\arduino-sketch-CE17654890BAE2EA24103D929A24FD4C/..\arduino-core-cache\core_adafruit_samd_adafruit_feather_m0_4ac7819664878dff9063eadadc7bf4c4.a(wiring.c.o)
 .ARM.attributes
                0x000002ce       0x32 C:\Users\Javi\AppData\Local\Temp\arduino-sketch-CE17654890BAE2EA24103D929A24FD4C/..\arduino-core-cache\core_adafruit_samd_adafruit_feather_m0_4ac7819664878dff9063eadadc7bf4c4.a(wiring_analog.c.o)
 .ARM.attributes
                0x00000300       0x32 C:\Users\Javi\AppData\Local\Temp\arduino-sketch-CE17654890BAE2EA24103D929A24FD4C/..\arduino-core-cache\core_adafruit_samd_adafruit_feather_m0_4ac7819664878dff9063eadadc7bf4c4.a(wiring_digital.c.o)
 .ARM.attributes
                0x00000332       0x32 C:\Users\Javi\AppData\Local\Temp\arduino-sketch-CE17654890BAE2EA24103D929A24FD4C/..\arduino-core-cache\core_adafruit_samd_adafruit_feather_m0_4ac7819664878dff9063eadadc7bf4c4.a(wiring_private.c.o)
 .ARM.attributes
                0x00000364       0x32 C:\Users\Javi\AppData\Local\Temp\arduino-sketch-CE17654890BAE2EA24103D929A24FD4C/..\arduino-core-cache\core_adafruit_samd_adafruit_feather_m0_4ac7819664878dff9063eadadc7bf4c4.a(Reset.cpp.o)
 .ARM.attributes
                0x00000396       0x32 C:\Users\Javi\AppData\Local\Temp\arduino-sketch-CE17654890BAE2EA24103D929A24FD4C/..\arduino-core-cache\core_adafruit_samd_adafruit_feather_m0_4ac7819664878dff9063eadadc7bf4c4.a(USBCore.cpp.o)
 .ARM.attributes
                0x000003c8       0x32 C:\Users\Javi\AppData\Local\Temp\arduino-sketch-CE17654890BAE2EA24103D929A24FD4C/..\arduino-core-cache\core_adafruit_samd_adafruit_feather_m0_4ac7819664878dff9063eadadc7bf4c4.a(new.cpp.o)
 .ARM.attributes
                0x000003fa       0x32 C:\Users\Javi\AppData\Local\Temp\arduino-sketch-CE17654890BAE2EA24103D929A24FD4C/..\arduino-core-cache\core_adafruit_samd_adafruit_feather_m0_4ac7819664878dff9063eadadc7bf4c4.a(CDC.cpp.o)
 .ARM.attributes
                0x0000042c       0x32 C:\Users\Javi\AppData\Local\Temp\arduino-sketch-CE17654890BAE2EA24103D929A24FD4C/..\arduino-core-cache\core_adafruit_samd_adafruit_feather_m0_4ac7819664878dff9063eadadc7bf4c4.a(PluggableUSB.cpp.o)
 .ARM.attributes
                0x0000045e       0x32 C:\Users\Javi\AppData\Local\Temp\arduino-sketch-CE17654890BAE2EA24103D929A24FD4C/..\arduino-core-cache\core_adafruit_samd_adafruit_feather_m0_4ac7819664878dff9063eadadc7bf4c4.a(SAMD21_USBDevice.cpp.o)
 .ARM.attributes
                0x00000490       0x1e c:/users/javi/appdata/local/arduino15/packages/arduino/tools/arm-none-eabi-gcc/7-2017q4/bin/../lib/gcc/arm-none-eabi/7.2.1/thumb/v6-m\libgcc.a(_thumb1_case_uqi.o)
 .ARM.attributes
                0x000004ae       0x1e c:/users/javi/appdata/local/arduino15/packages/arduino/tools/arm-none-eabi-gcc/7-2017q4/bin/../lib/gcc/arm-none-eabi/7.2.1/thumb/v6-m\libgcc.a(_udivsi3.o)
 .ARM.attributes
                0x000004cc       0x1e c:/users/javi/appdata/local/arduino15/packages/arduino/tools/arm-none-eabi-gcc/7-2017q4/bin/../lib/gcc/arm-none-eabi/7.2.1/thumb/v6-m\libgcc.a(_dvmd_tls.o)
 .ARM.attributes
                0x000004ea       0x2c c:/users/javi/appdata/local/arduino15/packages/arduino/tools/arm-none-eabi-gcc/7-2017q4/bin/../lib/gcc/arm-none-eabi/7.2.1/../../../../arm-none-eabi/lib/thumb/v6-m\libc_nano.a(lib_a-impure.o)
 .ARM.attributes
                0x00000516       0x2c c:/users/javi/appdata/local/arduino15/packages/arduino/tools/arm-none-eabi-gcc/7-2017q4/bin/../lib/gcc/arm-none-eabi/7.2.1/../../../../arm-none-eabi/lib/thumb/v6-m\libc_nano.a(lib_a-init.o)
 .ARM.attributes
                0x00000542       0x2c c:/users/javi/appdata/local/arduino15/packages/arduino/tools/arm-none-eabi-gcc/7-2017q4/bin/../lib/gcc/arm-none-eabi/7.2.1/../../../../arm-none-eabi/lib/thumb/v6-m\libc_nano.a(lib_a-malloc.o)
 .ARM.attributes
                0x0000056e       0x2c c:/users/javi/appdata/local/arduino15/packages/arduino/tools/arm-none-eabi-gcc/7-2017q4/bin/../lib/gcc/arm-none-eabi/7.2.1/../../../../arm-none-eabi/lib/thumb/v6-m\libc_nano.a(lib_a-memcpy-stub.o)
 .ARM.attributes
                0x0000059a       0x2c c:/users/javi/appdata/local/arduino15/packages/arduino/tools/arm-none-eabi-gcc/7-2017q4/bin/../lib/gcc/arm-none-eabi/7.2.1/../../../../arm-none-eabi/lib/thumb/v6-m\libc_nano.a(lib_a-memset.o)
 .ARM.attributes
                0x000005c6       0x2c c:/users/javi/appdata/local/arduino15/packages/arduino/tools/arm-none-eabi-gcc/7-2017q4/bin/../lib/gcc/arm-none-eabi/7.2.1/../../../../arm-none-eabi/lib/thumb/v6-m\libc_nano.a(lib_a-nano-freer.o)
 .ARM.attributes
                0x000005f2       0x2c c:/users/javi/appdata/local/arduino15/packages/arduino/tools/arm-none-eabi-gcc/7-2017q4/bin/../lib/gcc/arm-none-eabi/7.2.1/../../../../arm-none-eabi/lib/thumb/v6-m\libc_nano.a(lib_a-nano-mallocr.o)
 .ARM.attributes
                0x0000061e       0x2c c:/users/javi/appdata/local/arduino15/packages/arduino/tools/arm-none-eabi-gcc/7-2017q4/bin/../lib/gcc/arm-none-eabi/7.2.1/../../../../arm-none-eabi/lib/thumb/v6-m\libc_nano.a(lib_a-sbrkr.o)
 .ARM.attributes
                0x0000064a       0x1c c:/users/javi/appdata/local/arduino15/packages/arduino/tools/arm-none-eabi-gcc/7-2017q4/bin/../lib/gcc/arm-none-eabi/7.2.1/../../../../arm-none-eabi/lib/thumb/v6-m\libc_nano.a(lib_a-strlen.o)
 .ARM.attributes
                0x00000666       0x2c c:/users/javi/appdata/local/arduino15/packages/arduino/tools/arm-none-eabi-gcc/7-2017q4/bin/../lib/gcc/arm-none-eabi/7.2.1/../../../../arm-none-eabi/lib/thumb/v6-m\libc_nano.a(lib_a-mlock.o)
 .ARM.attributes
                0x00000692       0x2c c:/users/javi/appdata/local/arduino15/packages/arduino/tools/arm-none-eabi-gcc/7-2017q4/bin/../lib/gcc/arm-none-eabi/7.2.1/../../../../arm-none-eabi/lib/thumb/v6-m\libc_nano.a(lib_a-reent.o)
 .ARM.attributes
                0x000006be       0x2c c:/users/javi/appdata/local/arduino15/packages/arduino/tools/arm-none-eabi-gcc/7-2017q4/bin/../lib/gcc/arm-none-eabi/7.2.1/../../../../arm-none-eabi/lib/thumb/v6-m\libnosys.a(sbrk.o)
 .ARM.attributes
                0x000006ea       0x2c c:/users/javi/appdata/local/arduino15/packages/arduino/tools/arm-none-eabi-gcc/7-2017q4/bin/../lib/gcc/arm-none-eabi/7.2.1/thumb/v6-m/crtend.o
 .ARM.attributes
                0x00000716       0x1e c:/users/javi/appdata/local/arduino15/packages/arduino/tools/arm-none-eabi-gcc/7-2017q4/bin/../lib/gcc/arm-none-eabi/7.2.1/thumb/v6-m/crtn.o

.comment        0x00000000       0xf7
 .comment       0x00000000       0x7e C:\Users\Javi\AppData\Local\Temp\arduino-sketch-CE17654890BAE2EA24103D929A24FD4C\sketch\TEST_0.ino.cpp.o
                                 0x7f (size before relaxing)
 .comment       0x0000007e       0x7f C:\Users\Javi\AppData\Local\Temp\arduino-sketch-CE17654890BAE2EA24103D929A24FD4C\libraries\0012-batt_FlashStorage\batt_FlashAsEEPROM.cpp.o
 .comment       0x0000007e       0x7f C:\Users\Javi\AppData\Local\Temp\arduino-sketch-CE17654890BAE2EA24103D929A24FD4C\libraries\0012-batt_FlashStorage\batt_FlashStorage.cpp.o
 .comment       0x0000007e       0x79 C:\Users\Javi\AppData\Local\Temp\arduino-sketch-CE17654890BAE2EA24103D929A24FD4C\core\variant.cpp.o
                                 0x7a (size before relaxing)
 .comment       0x000000f7       0x7f C:\Users\Javi\AppData\Local\Temp\arduino-sketch-CE17654890BAE2EA24103D929A24FD4C/..\arduino-core-cache\core_adafruit_samd_adafruit_feather_m0_4ac7819664878dff9063eadadc7bf4c4.a(Print.cpp.o)
 .comment       0x000000f7       0x7f C:\Users\Javi\AppData\Local\Temp\arduino-sketch-CE17654890BAE2EA24103D929A24FD4C/..\arduino-core-cache\core_adafruit_samd_adafruit_feather_m0_4ac7819664878dff9063eadadc7bf4c4.a(SERCOM.cpp.o)
 .comment       0x000000f7       0x7f C:\Users\Javi\AppData\Local\Temp\arduino-sketch-CE17654890BAE2EA24103D929A24FD4C/..\arduino-core-cache\core_adafruit_samd_adafruit_feather_m0_4ac7819664878dff9063eadadc7bf4c4.a(Uart.cpp.o)
 .comment       0x000000f7       0x7f C:\Users\Javi\AppData\Local\Temp\arduino-sketch-CE17654890BAE2EA24103D929A24FD4C/..\arduino-core-cache\core_adafruit_samd_adafruit_feather_m0_4ac7819664878dff9063eadadc7bf4c4.a(cortex_handlers.c.o)
 .comment       0x000000f7       0x7f C:\Users\Javi\AppData\Local\Temp\arduino-sketch-CE17654890BAE2EA24103D929A24FD4C/..\arduino-core-cache\core_adafruit_samd_adafruit_feather_m0_4ac7819664878dff9063eadadc7bf4c4.a(delay.c.o)
 .comment       0x000000f7       0x7f C:\Users\Javi\AppData\Local\Temp\arduino-sketch-CE17654890BAE2EA24103D929A24FD4C/..\arduino-core-cache\core_adafruit_samd_adafruit_feather_m0_4ac7819664878dff9063eadadc7bf4c4.a(hooks.c.o)
 .comment       0x000000f7       0x7f C:\Users\Javi\AppData\Local\Temp\arduino-sketch-CE17654890BAE2EA24103D929A24FD4C/..\arduino-core-cache\core_adafruit_samd_adafruit_feather_m0_4ac7819664878dff9063eadadc7bf4c4.a(main.cpp.o)
 .comment       0x000000f7       0x7f C:\Users\Javi\AppData\Local\Temp\arduino-sketch-CE17654890BAE2EA24103D929A24FD4C/..\arduino-core-cache\core_adafruit_samd_adafruit_feather_m0_4ac7819664878dff9063eadadc7bf4c4.a(startup.c.o)
 .comment       0x000000f7       0x7f C:\Users\Javi\AppData\Local\Temp\arduino-sketch-CE17654890BAE2EA24103D929A24FD4C/..\arduino-core-cache\core_adafruit_samd_adafruit_feather_m0_4ac7819664878dff9063eadadc7bf4c4.a(wiring.c.o)
 .comment       0x000000f7       0x7f C:\Users\Javi\AppData\Local\Temp\arduino-sketch-CE17654890BAE2EA24103D929A24FD4C/..\arduino-core-cache\core_adafruit_samd_adafruit_feather_m0_4ac7819664878dff9063eadadc7bf4c4.a(wiring_analog.c.o)
 .comment       0x000000f7       0x7f C:\Users\Javi\AppData\Local\Temp\arduino-sketch-CE17654890BAE2EA24103D929A24FD4C/..\arduino-core-cache\core_adafruit_samd_adafruit_feather_m0_4ac7819664878dff9063eadadc7bf4c4.a(wiring_digital.c.o)
 .comment       0x000000f7       0x7f C:\Users\Javi\AppData\Local\Temp\arduino-sketch-CE17654890BAE2EA24103D929A24FD4C/..\arduino-core-cache\core_adafruit_samd_adafruit_feather_m0_4ac7819664878dff9063eadadc7bf4c4.a(wiring_private.c.o)
 .comment       0x000000f7       0x7f C:\Users\Javi\AppData\Local\Temp\arduino-sketch-CE17654890BAE2EA24103D929A24FD4C/..\arduino-core-cache\core_adafruit_samd_adafruit_feather_m0_4ac7819664878dff9063eadadc7bf4c4.a(Reset.cpp.o)
 .comment       0x000000f7       0x7f C:\Users\Javi\AppData\Local\Temp\arduino-sketch-CE17654890BAE2EA24103D929A24FD4C/..\arduino-core-cache\core_adafruit_samd_adafruit_feather_m0_4ac7819664878dff9063eadadc7bf4c4.a(USBCore.cpp.o)
 .comment       0x000000f7       0x7f C:\Users\Javi\AppData\Local\Temp\arduino-sketch-CE17654890BAE2EA24103D929A24FD4C/..\arduino-core-cache\core_adafruit_samd_adafruit_feather_m0_4ac7819664878dff9063eadadc7bf4c4.a(new.cpp.o)
 .comment       0x000000f7       0x7f C:\Users\Javi\AppData\Local\Temp\arduino-sketch-CE17654890BAE2EA24103D929A24FD4C/..\arduino-core-cache\core_adafruit_samd_adafruit_feather_m0_4ac7819664878dff9063eadadc7bf4c4.a(CDC.cpp.o)
 .comment       0x000000f7       0x7f C:\Users\Javi\AppData\Local\Temp\arduino-sketch-CE17654890BAE2EA24103D929A24FD4C/..\arduino-core-cache\core_adafruit_samd_adafruit_feather_m0_4ac7819664878dff9063eadadc7bf4c4.a(PluggableUSB.cpp.o)
 .comment       0x000000f7       0x7f C:\Users\Javi\AppData\Local\Temp\arduino-sketch-CE17654890BAE2EA24103D929A24FD4C/..\arduino-core-cache\core_adafruit_samd_adafruit_feather_m0_4ac7819664878dff9063eadadc7bf4c4.a(SAMD21_USBDevice.cpp.o)

.debug_info     0x00000000    0x66acd
 .debug_info    0x00000000     0x5852 C:\Users\Javi\AppData\Local\Temp\arduino-sketch-CE17654890BAE2EA24103D929A24FD4C\sketch\TEST_0.ino.cpp.o
 .debug_info    0x00005852     0x55ac C:\Users\Javi\AppData\Local\Temp\arduino-sketch-CE17654890BAE2EA24103D929A24FD4C\libraries\0012-batt_FlashStorage\batt_FlashAsEEPROM.cpp.o
 .debug_info    0x0000adfe     0x553d C:\Users\Javi\AppData\Local\Temp\arduino-sketch-CE17654890BAE2EA24103D929A24FD4C\libraries\0012-batt_FlashStorage\batt_FlashStorage.cpp.o
 .debug_info    0x0001033b     0x6cfc C:\Users\Javi\AppData\Local\Temp\arduino-sketch-CE17654890BAE2EA24103D929A24FD4C\core\variant.cpp.o
 .debug_info    0x00017037     0x7534 C:\Users\Javi\AppData\Local\Temp\arduino-sketch-CE17654890BAE2EA24103D929A24FD4C/..\arduino-core-cache\core_adafruit_samd_adafruit_feather_m0_4ac7819664878dff9063eadadc7bf4c4.a(Print.cpp.o)
 .debug_info    0x0001e56b     0x63ae C:\Users\Javi\AppData\Local\Temp\arduino-sketch-CE17654890BAE2EA24103D929A24FD4C/..\arduino-core-cache\core_adafruit_samd_adafruit_feather_m0_4ac7819664878dff9063eadadc7bf4c4.a(SERCOM.cpp.o)
 .debug_info    0x00024919     0x7e59 C:\Users\Javi\AppData\Local\Temp\arduino-sketch-CE17654890BAE2EA24103D929A24FD4C/..\arduino-core-cache\core_adafruit_samd_adafruit_feather_m0_4ac7819664878dff9063eadadc7bf4c4.a(Uart.cpp.o)
 .debug_info    0x0002c772     0x1124 C:\Users\Javi\AppData\Local\Temp\arduino-sketch-CE17654890BAE2EA24103D929A24FD4C/..\arduino-core-cache\core_adafruit_samd_adafruit_feather_m0_4ac7819664878dff9063eadadc7bf4c4.a(cortex_handlers.c.o)
 .debug_info    0x0002d896     0x1396 C:\Users\Javi\AppData\Local\Temp\arduino-sketch-CE17654890BAE2EA24103D929A24FD4C/..\arduino-core-cache\core_adafruit_samd_adafruit_feather_m0_4ac7819664878dff9063eadadc7bf4c4.a(delay.c.o)
 .debug_info    0x0002ec2c       0x64 C:\Users\Javi\AppData\Local\Temp\arduino-sketch-CE17654890BAE2EA24103D929A24FD4C/..\arduino-core-cache\core_adafruit_samd_adafruit_feather_m0_4ac7819664878dff9063eadadc7bf4c4.a(hooks.c.o)
 .debug_info    0x0002ec90     0x4d4c C:\Users\Javi\AppData\Local\Temp\arduino-sketch-CE17654890BAE2EA24103D929A24FD4C/..\arduino-core-cache\core_adafruit_samd_adafruit_feather_m0_4ac7819664878dff9063eadadc7bf4c4.a(main.cpp.o)