Archive member included to satisfy reference by file (symbol)

C:\Users\javie\AppData\Local\Temp\arduino-sketch-CF2D8C493EE57480F3B2A09945D9FCFA/..\arduino-core-cache\core_adafruit_samd_adafruit_feather_m0_04638c499635d2f6f962c4c8703bc7da.a(SERCOM.cpp.o)
                              C:\Users\javie\AppData\Local\Temp\arduino-sketch-CF2D8C493EE57480F3B2A09945D9FCFA\core\variant.cpp.o (SERCOM::SERCOM(Sercom*))
C:\Users\javie\AppData\Local\Temp\arduino-sketch-CF2D8C493EE57480F3B2A09945D9FCFA/..\arduino-core-cache\core_adafruit_samd_adafruit_feather_m0_04638c499635d2f6f962c4c8703bc7da.a(Uart.cpp.o)
                              C:\Users\javie\AppData\Local\Temp\arduino-sketch-CF2D8C493EE57480F3B2A09945D9FCFA\core\variant.cpp.o (Uart::Uart(SERCOM*, unsigned char, unsigned char, SercomRXPad, SercomUartTXPad))
C:\Users\javie\AppData\Local\Temp\arduino-sketch-CF2D8C493EE57480F3B2A09945D9FCFA/..\arduino-core-cache\core_adafruit_samd_adafruit_feather_m0_04638c499635d2f6f962c4c8703bc7da.a(cortex_handlers.c.o)
                              (Reset_Handler)
C:\Users\javie\AppData\Local\Temp\arduino-sketch-CF2D8C493EE57480F3B2A09945D9FCFA/..\arduino-core-cache\core_adafruit_samd_adafruit_feather_m0_04638c499635d2f6f962c4c8703bc7da.a(delay.c.o)
                              C:\Users\javie\AppData\Local\Temp\arduino-sketch-CF2D8C493EE57480F3B2A09945D9FCFA/..\arduino-core-cache\core_adafruit_samd_adafruit_feather_m0_04638c499635d2f6f962c4c8703bc7da.a(cortex_handlers.c.o) (SysTick_DefaultHandler)
C:\Users\javie\AppData\Local\Temp\arduino-sketch-CF2D8C493EE57480F3B2A09945D9FCFA/..\arduino-core-cache\core_adafruit_samd_adafruit_feather_m0_04638c499635d2f6f962c4c8703bc7da.a(hooks.c.o)
                              C:\Users\javie\AppData\Local\Temp\arduino-sketch-CF2D8C493EE57480F3B2A09945D9FCFA/..\arduino-core-cache\core_adafruit_samd_adafruit_feather_m0_04638c499635d2f6f962c4c8703bc7da.a(delay.c.o) (yield)
C:\Users\javie\AppData\Local\Temp\arduino-sketch-CF2D8C493EE57480F3B2A09945D9FCFA/..\arduino-core-cache\core_adafruit_samd_adafruit_feather_m0_04638c499635d2f6f962c4c8703bc7da.a(main.cpp.o)
                              c:/users/javie/appdata/local/arduino15/packages/adafruit/tools/arm-none-eabi-gcc/9-2019q4/bin/../lib/gcc/arm-none-eabi/9.2.1/../../../../arm-none-eabi/lib/thumb/v6-m/nofp/crt0.o (main)
C:\Users\javie\AppData\Local\Temp\arduino-sketch-CF2D8C493EE57480F3B2A09945D9FCFA/..\arduino-core-cache\core_adafruit_samd_adafruit_feather_m0_04638c499635d2f6f962c4c8703bc7da.a(startup.c.o)
                              C:\Users\javie\AppData\Local\Temp\arduino-sketch-CF2D8C493EE57480F3B2A09945D9FCFA/..\arduino-core-cache\core_adafruit_samd_adafruit_feather_m0_04638c499635d2f6f962c4c8703bc7da.a(cortex_handlers.c.o) (SystemInit)
C:\Users\javie\AppData\Local\Temp\arduino-sketch-CF2D8C493EE57480F3B2A09945D9FCFA/..\arduino-core-cache\core_adafruit_samd_adafruit_feather_m0_04638c499635d2f6f962c4c8703bc7da.a(wiring.c.o)
                              C:\Users\javie\AppData\Local\Temp\arduino-sketch-CF2D8C493EE57480F3B2A09945D9FCFA/..\arduino-core-cache\core_adafruit_samd_adafruit_feather_m0_04638c499635d2f6f962c4c8703bc7da.a(main.cpp.o) (init)
C:\Users\javie\AppData\Local\Temp\arduino-sketch-CF2D8C493EE57480F3B2A09945D9FCFA/..\arduino-core-cache\core_adafruit_samd_adafruit_feather_m0_04638c499635d2f6f962c4c8703bc7da.a(wiring_analog.c.o)
                              C:\Users\javie\AppData\Local\Temp\arduino-sketch-CF2D8C493EE57480F3B2A09945D9FCFA/..\arduino-core-cache\core_adafruit_samd_adafruit_feather_m0_04638c499635d2f6f962c4c8703bc7da.a(wiring.c.o) (analogReference)
C:\Users\javie\AppData\Local\Temp\arduino-sketch-CF2D8C493EE57480F3B2A09945D9FCFA/..\arduino-core-cache\core_adafruit_samd_adafruit_feather_m0_04638c499635d2f6f962c4c8703bc7da.a(wiring_digital.c.o)
                              C:\Users\javie\AppData\Local\Temp\arduino-sketch-CF2D8C493EE57480F3B2A09945D9FCFA/..\arduino-core-cache\core_adafruit_samd_adafruit_feather_m0_04638c499635d2f6f962c4c8703bc7da.a(Uart.cpp.o) (pinMode)
C:\Users\javie\AppData\Local\Temp\arduino-sketch-CF2D8C493EE57480F3B2A09945D9FCFA/..\arduino-core-cache\core_adafruit_samd_adafruit_feather_m0_04638c499635d2f6f962c4c8703bc7da.a(wiring_private.c.o)
                              C:\Users\javie\AppData\Local\Temp\arduino-sketch-CF2D8C493EE57480F3B2A09945D9FCFA/..\arduino-core-cache\core_adafruit_samd_adafruit_feather_m0_04638c499635d2f6f962c4c8703bc7da.a(Uart.cpp.o) (pinPeripheral)
C:\Users\javie\AppData\Local\Temp\arduino-sketch-CF2D8C493EE57480F3B2A09945D9FCFA/..\arduino-core-cache\core_adafruit_samd_adafruit_feather_m0_04638c499635d2f6f962c4c8703bc7da.a(Print.cpp.o)
                              C:\Users\javie\AppData\Local\Temp\arduino-sketch-CF2D8C493EE57480F3B2A09945D9FCFA/..\arduino-core-cache\core_adafruit_samd_adafruit_feather_m0_04638c499635d2f6f962c4c8703bc7da.a(Uart.cpp.o) (Print::write(unsigned char const*, unsigned int))
[...]
Memory Configuration

Name             Origin             Length             Attributes
FLASH            0x00000000         0x00040000         xr
RAM              0x20000000         0x00008000         xrw
*default*        0x00000000         0xffffffff

Linker script and memory map

LOAD c:/users/javie/appdata/local/arduino15/packages/adafruit/tools/arm-none-eabi-gcc/9-2019q4/bin/../lib/gcc/arm-none-eabi/9.2.1/thumb/v6-m/nofp/crti.o
LOAD c:/users/javie/appdata/local/arduino15/packages/adafruit/tools/arm-none-eabi-gcc/9-2019q4/bin/../lib/gcc/arm-none-eabi/9.2.1/thumb/v6-m/nofp/crtbegin.o
LOAD c:/users/javie/appdata/local/arduino15/packages/adafruit/tools/arm-none-eabi-gcc/9-2019q4/bin/../lib/gcc/arm-none-eabi/9.2.1/../../../../arm-none-eabi/lib/thumb/v6-m/nofp/crt0.o
LOAD C:\Users\javie\AppData\Local\Temp\arduino-sketch-CF2D8C493EE57480F3B2A09945D9FCFA\sketch\blink.ino.cpp.o
LOAD C:\Users\javie\AppData\Local\Temp\arduino-sketch-CF2D8C493EE57480F3B2A09945D9FCFA\libraries\Arduino_SAMD21_turbo_PWM-master\SAMD21turboPWM.cpp.o
LOAD C:\Users\javie\AppData\Local\Temp\arduino-sketch-CF2D8C493EE57480F3B2A09945D9FCFA\core\variant.cpp.o
START GROUP
LOAD C:\Users\javie\AppData\Local\Arduino15\packages\adafruit\tools\CMSIS\5.4.0/CMSIS/Lib/GCC/\libarm_cortexM0l_math.a
LOAD C:\Users\javie\AppData\Local\Temp\arduino-sketch-CF2D8C493EE57480F3B2A09945D9FCFA/..\arduino-core-cache\core_adafruit_samd_adafruit_feather_m0_04638c499635d2f6f962c4c8703bc7da.a
END GROUP
LOAD c:/users/javie/appdata/local/arduino15/packages/adafruit/tools/arm-none-eabi-gcc/9-2019q4/bin/../lib/gcc/arm-none-eabi/9.2.1/../../../../arm-none-eabi/lib/thumb/v6-m/nofp\libstdc++_nano.a
LOAD c:/users/javie/appdata/local/arduino15/packages/adafruit/tools/arm-none-eabi-gcc/9-2019q4/bin/../lib/gcc/arm-none-eabi/9.2.1/../../../../arm-none-eabi/lib/thumb/v6-m/nofp\libm.a
START GROUP
LOAD c:/users/javie/appdata/local/arduino15/packages/adafruit/tools/arm-none-eabi-gcc/9-2019q4/bin/../lib/gcc/arm-none-eabi/9.2.1/thumb/v6-m/nofp\libgcc.a
LOAD c:/users/javie/appdata/local/arduino15/packages/adafruit/tools/arm-none-eabi-gcc/9-2019q4/bin/../lib/gcc/arm-none-eabi/9.2.1/../../../../arm-none-eabi/lib/thumb/v6-m/nofp\libc_nano.a
END GROUP
START GROUP
LOAD c:/users/javie/appdata/local/arduino15/packages/adafruit/tools/arm-none-eabi-gcc/9-2019q4/bin/../lib/gcc/arm-none-eabi/9.2.1/thumb/v6-m/nofp\libgcc.a
LOAD c:/users/javie/appdata/local/arduino15/packages/adafruit/tools/arm-none-eabi-gcc/9-2019q4/bin/../lib/gcc/arm-none-eabi/9.2.1/../../../../arm-none-eabi/lib/thumb/v6-m/nofp\libc_nano.a
LOAD c:/users/javie/appdata/local/arduino15/packages/adafruit/tools/arm-none-eabi-gcc/9-2019q4/bin/../lib/gcc/arm-none-eabi/9.2.1/../../../../arm-none-eabi/lib/thumb/v6-m/nofp\libnosys.a
END GROUP
START GROUP
LOAD c:/users/javie/appdata/local/arduino15/packages/adafruit/tools/arm-none-eabi-gcc/9-2019q4/bin/../lib/gcc/arm-none-eabi/9.2.1/thumb/v6-m/nofp\libgcc.a
LOAD c:/users/javie/appdata/local/arduino15/packages/adafruit/tools/arm-none-eabi-gcc/9-2019q4/bin/../lib/gcc/arm-none-eabi/9.2.1/../../../../arm-none-eabi/lib/thumb/v6-m/nofp\libc_nano.a
LOAD c:/users/javie/appdata/local/arduino15/packages/adafruit/tools/arm-none-eabi-gcc/9-2019q4/bin/../lib/gcc/arm-none-eabi/9.2.1/../../../../arm-none-eabi/lib/thumb/v6-m/nofp\libnosys.a
END GROUP
LOAD c:/users/javie/appdata/local/arduino15/packages/adafruit/tools/arm-none-eabi-gcc/9-2019q4/bin/../lib/gcc/arm-none-eabi/9.2.1/thumb/v6-m/nofp/crtend.o
LOAD c:/users/javie/appdata/local/arduino15/packages/adafruit/tools/arm-none-eabi-gcc/9-2019q4/bin/../lib/gcc/arm-none-eabi/9.2.1/thumb/v6-m/nofp/crtn.o

.text           0x00000000     0x2ff8
                0x00000000                __text_start__ = .
 *(.isr_vector)
 .isr_vector    0x00000000       0xb4 C:\Users\javie\AppData\Local\Temp\arduino-sketch-CF2D8C493EE57480F3B2A09945D9FCFA/..\arduino-core-cache\core_adafruit_samd_adafruit_feather_m0_04638c499635d2f6f962c4c8703bc7da.a(cortex_handlers.c.o)
                0x00000000                exception_table
 *(.text*)
 .text          0x000000b4       0x48 c:/users/javie/appdata/local/arduino15/packages/adafruit/tools/arm-none-eabi-gcc/9-2019q4/bin/../lib/gcc/arm-none-eabi/9.2.1/thumb/v6-m/nofp/crtbegin.o
 .text.setup    0x000000fc       0x3c C:\Users\javie\AppData\Local\Temp\arduino-sketch-CF2D8C493EE57480F3B2A09945D9FCFA\sketch\blink.ino.cpp.o
                0x000000fc                setup
 .text.loop     0x00000138        0x2 C:\Users\javie\AppData\Local\Temp\arduino-sketch-CF2D8C493EE57480F3B2A09945D9FCFA\sketch\blink.ino.cpp.o
                0x00000138                loop
 *fill*         0x0000013a        0x2 
 .text._ZN8TurboPWM15setClockDividerEjb
                0x0000013c       0xc8 C:\Users\javie\AppData\Local\Temp\arduino-sketch-CF2D8C493EE57480F3B2A09945D9FCFA\libraries\Arduino_SAMD21_turbo_PWM-master\SAMD21turboPWM.cpp.o
                0x0000013c                TurboPWM::setClockDivider(unsigned int, bool)
 .text._ZN8TurboPWM11analogWriteEij
                0x00000204       0x98 C:\Users\javie\AppData\Local\Temp\arduino-sketch-CF2D8C493EE57480F3B2A09945D9FCFA\libraries\Arduino_SAMD21_turbo_PWM-master\SAMD21turboPWM.cpp.o
                0x00000204                TurboPWM::analogWrite(int, unsigned int)
 .text._ZN8TurboPWM6enableEjb
                0x0000029c       0x40 C:\Users\javie\AppData\Local\Temp\arduino-sketch-CF2D8C493EE57480F3B2A09945D9FCFA\libraries\Arduino_SAMD21_turbo_PWM-master\SAMD21turboPWM.cpp.o
                0x0000029c                TurboPWM::enable(unsigned int, bool)
 .text._ZN8TurboPWM5timerEjjyb
                0x000002dc       0xe8 C:\Users\javie\AppData\Local\Temp\arduino-sketch-CF2D8C493EE57480F3B2A09945D9FCFA\libraries\Arduino_SAMD21_turbo_PWM-master\SAMD21turboPWM.cpp.o
                0x000002dc                TurboPWM::timer(unsigned int, unsigned int, unsigned long long, bool)
 .text.SERCOM0_Handler
                0x000003c4       0x10 C:\Users\javie\AppData\Local\Temp\arduino-sketch-CF2D8C493EE57480F3B2A09945D9FCFA\core\variant.cpp.o
                0x000003c4                SERCOM0_Handler
 .text.SERCOM5_Handler
                0x000003d4       0x10 C:\Users\javie\AppData\Local\Temp\arduino-sketch-CF2D8C493EE57480F3B2A09945D9FCFA\core\variant.cpp.o
                0x000003d4                SERCOM5_Handler
 .text.startup._GLOBAL__sub_I_g_APinDescription
                0x000003e4       0x94 C:\Users\javie\AppData\Local\Temp\arduino-sketch-CF2D8C493EE57480F3B2A09945D9FCFA\core\variant.cpp.o
 .text._ZN6SERCOMC2EP6Sercom
                0x00000478        0x4 C:\Users\javie\AppData\Local\Temp\arduino-sketch-CF2D8C493EE57480F3B2A09945D9FCFA/..\arduino-core-cache\core_adafruit_samd_adafruit_feather_m0_04638c499635d2f6f962c4c8703bc7da.a(SERCOM.cpp.o)
                0x00000478                SERCOM::SERCOM(Sercom*)
                0x00000478                SERCOM::SERCOM(Sercom*)
 .text._ZN6SERCOM9initFrameE18SercomUartCharSize15SercomDataOrder16SercomParityMode19SercomNumberStopBit
                0x0000047c       0x3a C:\Users\javie\AppData\Local\Temp\arduino-sketch-CF2D8C493EE57480F3B2A09945D9FCFA/..\arduino-core-cache\core_adafruit_samd_adafruit_feather_m0_04638c499635d2f6f962c4c8703bc7da.a(SERCOM.cpp.o)
                0x0000047c                SERCOM::initFrame(SercomUartCharSize, SercomDataOrder, SercomParityMode, SercomNumberStopBit)
 .text._ZN6SERCOM8initPadsE15SercomUartTXPad11SercomRXPad
                0x000004b6       0x26 C:\Users\javie\AppData\Local\Temp\arduino-sketch-CF2D8C493EE57480F3B2A09945D9FCFA/..\arduino-core-cache\core_adafruit_samd_adafruit_feather_m0_04638c499635d2f6f962c4c8703bc7da.a(SERCOM.cpp.o)
                0x000004b6                SERCOM::initPads(SercomUartTXPad, SercomRXPad)
 .text._ZN6SERCOM9resetUARTEv
                0x000004dc       0x1a C:\Users\javie\AppData\Local\Temp\arduino-sketch-CF2D8C493EE57480F3B2A09945D9FCFA/..\arduino-core-cache\core_adafruit_samd_adafruit_feather_m0_04638c499635d2f6f962c4c8703bc7da.a(SERCOM.cpp.o)
                0x000004dc                SERCOM::resetUART()
 .text._ZN6SERCOM10enableUARTEv
                0x000004f6       0x14 C:\Users\javie\AppData\Local\Temp\arduino-sketch-CF2D8C493EE57480F3B2A09945D9FCFA/..\arduino-core-cache\core_adafruit_samd_adafruit_feather_m0_04638c499635d2f6f962c4c8703bc7da.a(SERCOM.cpp.o)
                0x000004f6                SERCOM::enableUART()
 .text._ZN6SERCOM9flushUARTEv
                0x0000050a       0x10 C:\Users\javie\AppData\Local\Temp\arduino-sketch-CF2D8C493EE57480F3B2A09945D9FCFA/..\arduino-core-cache\core_adafruit_samd_adafruit_feather_m0_04638c499635d2f6f962c4c8703bc7da.a(SERCOM.cpp.o)
                0x0000050a                SERCOM::flushUART()
 .text._ZN6SERCOM15clearStatusUARTEv
                0x0000051a        0x8 C:\Users\javie\AppData\Local\Temp\arduino-sketch-CF2D8C493EE57480F3B2A09945D9FCFA/..\arduino-core-cache\core_adafruit_samd_adafruit_feather_m0_04638c499635d2f6f962c4c8703bc7da.a(SERCOM.cpp.o)
                0x0000051a                SERCOM::clearStatusUART()
 .text._ZN6SERCOM17availableDataUARTEv
                0x00000522        0xa C:\Users\javie\AppData\Local\Temp\arduino-sketch-CF2D8C493EE57480F3B2A09945D9FCFA/..\arduino-core-cache\core_adafruit_samd_adafruit_feather_m0_04638c499635d2f6f962c4c8703bc7da.a(SERCOM.cpp.o)
                0x00000522                SERCOM::availableDataUART()
 .text._ZN6SERCOM11isUARTErrorEv
                0x0000052c        0x8 C:\Users\javie\AppData\Local\Temp\arduino-sketch-CF2D8C493EE57480F3B2A09945D9FCFA/..\arduino-core-cache\core_adafruit_samd_adafruit_feather_m0_04638c499635d2f6f962c4c8703bc7da.a(SERCOM.cpp.o)
                0x0000052c                SERCOM::isUARTError()
 .text._ZN6SERCOM20acknowledgeUARTErrorEv
                0x00000534        0xe C:\Users\javie\AppData\Local\Temp\arduino-sketch-CF2D8C493EE57480F3B2A09945D9FCFA/..\arduino-core-cache\core_adafruit_samd_adafruit_feather_m0_04638c499635d2f6f962c4c8703bc7da.a(SERCOM.cpp.o)
                0x00000534                SERCOM::acknowledgeUARTError()
 .text._ZN6SERCOM16isFrameErrorUARTEv
                0x00000542        0xa C:\Users\javie\AppData\Local\Temp\arduino-sketch-CF2D8C493EE57480F3B2A09945D9FCFA/..\arduino-core-cache\core_adafruit_samd_adafruit_feather_m0_04638c499635d2f6f962c4c8703bc7da.a(SERCOM.cpp.o)
                0x00000542                SERCOM::isFrameErrorUART()
 .text._ZN6SERCOM19clearFrameErrorUARTEv
                0x0000054c        0xc C:\Users\javie\AppData\Local\Temp\arduino-sketch-CF2D8C493EE57480F3B2A09945D9FCFA/..\arduino-core-cache\core_adafruit_samd_adafruit_feather_m0_04638c499635d2f6f962c4c8703bc7da.a(SERCOM.cpp.o)
                0x0000054c                SERCOM::clearFrameErrorUART()
 .text._ZN6SERCOM23isDataRegisterEmptyUARTEv
                0x00000558        0xa C:\Users\javie\AppData\Local\Temp\arduino-sketch-CF2D8C493EE57480F3B2A09945D9FCFA/..\arduino-core-cache\core_adafruit_samd_adafruit_feather_m0_04638c499635d2f6f962c4c8703bc7da.a(SERCOM.cpp.o)
                0x00000558                SERCOM::isDataRegisterEmptyUART()
 .text._ZN6SERCOM12readDataUARTEv
                0x00000562        0x8 C:\Users\javie\AppData\Local\Temp\arduino-sketch-CF2D8C493EE57480F3B2A09945D9FCFA/..\arduino-core-cache\core_adafruit_samd_adafruit_feather_m0_04638c499635d2f6f962c4c8703bc7da.a(SERCOM.cpp.o)
                0x00000562                SERCOM::readDataUART()
 .text._ZN6SERCOM13writeDataUARTEh
                0x0000056a       0x10 C:\Users\javie\AppData\Local\Temp\arduino-sketch-CF2D8C493EE57480F3B2A09945D9FCFA/..\arduino-core-cache\core_adafruit_samd_adafruit_feather_m0_04638c499635d2f6f962c4c8703bc7da.a(SERCOM.cpp.o)
                0x0000056a                SERCOM::writeDataUART(unsigned char)
 .text._ZN6SERCOM36enableDataRegisterEmptyInterruptUARTEv
                0x0000057a        0x8 C:\Users\javie\AppData\Local\Temp\arduino-sketch-CF2D8C493EE57480F3B2A09945D9FCFA/..\arduino-core-cache\core_adafruit_samd_adafruit_feather_m0_04638c499635d2f6f962c4c8703bc7da.a(SERCOM.cpp.o)
                0x0000057a                SERCOM::enableDataRegisterEmptyInterruptUART()
 .text._ZN6SERCOM37disableDataRegisterEmptyInterruptUARTEv
                0x00000582        0x8 C:\Users\javie\AppData\Local\Temp\arduino-sketch-CF2D8C493EE57480F3B2A09945D9FCFA/..\arduino-core-cache\core_adafruit_samd_adafruit_feather_m0_04638c499635d2f6f962c4c8703bc7da.a(SERCOM.cpp.o)
                0x00000582                SERCOM::disableDataRegisterEmptyInterruptUART()
 *fill*         0x0000058a        0x2 
 .text._ZN6SERCOM14getSercomIndexEv
                0x0000058c       0x5c C:\Users\javie\AppData\Local\Temp\arduino-sketch-CF2D8C493EE57480F3B2A09945D9FCFA/..\arduino-core-cache\core_adafruit_samd_adafruit_feather_m0_04638c499635d2f6f962c4c8703bc7da.a(SERCOM.cpp.o)
                0x0000058c                SERCOM::getSercomIndex()
 .text._ZN6SERCOM13initClockNVICEv
                0x000005e8       0x90 C:\Users\javie\AppData\Local\Temp\arduino-sketch-CF2D8C493EE57480F3B2A09945D9FCFA/..\arduino-core-cache\core_adafruit_samd_adafruit_feather_m0_04638c499635d2f6f962c4c8703bc7da.a(SERCOM.cpp.o)
                0x000005e8                SERCOM::initClockNVIC()
 .text._ZN6SERCOM8initUARTE14SercomUartMode20SercomUartSampleRatem
                0x00000678       0x6c C:\Users\javie\AppData\Local\Temp\arduino-sketch-CF2D8C493EE57480F3B2A09945D9FCFA/..\arduino-core-cache\core_adafruit_samd_adafruit_feather_m0_04638c499635d2f6f962c4c8703bc7da.a(SERCOM.cpp.o)
                0x00000678                SERCOM::initUART(SercomUartMode, SercomUartSampleRate, unsigned long)
 .text._ZN4UartcvbEv
                0x000006e4        0x4 C:\Users\javie\AppData\Local\Temp\arduino-sketch-CF2D8C493EE57480F3B2A09945D9FCFA/..\arduino-core-cache\core_adafruit_samd_adafruit_feather_m0_04638c499635d2f6f962c4c8703bc7da.a(Uart.cpp.o)
                0x000006e4                Uart::operator bool()
 .text._ZN4Uart5beginEm
                0x000006e8       0x10 C:\Users\javie\AppData\Local\Temp\arduino-sketch-CF2D8C493EE57480F3B2A09945D9FCFA/..\arduino-core-cache\core_adafruit_samd_adafruit_feather_m0_04638c499635d2f6f962c4c8703bc7da.a(Uart.cpp.o)
                0x000006e8                Uart::begin(unsigned long)
 .text._ZN4Uart4peekEv
                0x000006f8       0x1a C:\Users\javie\AppData\Local\Temp\arduino-sketch-CF2D8C493EE57480F3B2A09945D9FCFA/..\arduino-core-cache\core_adafruit_samd_adafruit_feather_m0_04638c499635d2f6f962c4c8703bc7da.a(Uart.cpp.o)
                0x000006f8                Uart::peek()
 .text._ZN4Uart3endEv
                0x00000712       0x20 C:\Users\javie\AppData\Local\Temp\arduino-sketch-CF2D8C493EE57480F3B2A09945D9FCFA/..\arduino-core-cache\core_adafruit_samd_adafruit_feather_m0_04638c499635d2f6f962c4c8703bc7da.a(Uart.cpp.o)
                0x00000712                Uart::end()
 .text._ZN4Uart15extractCharSizeEt
                0x00000732       0x28 C:\Users\javie\AppData\Local\Temp\arduino-sketch-CF2D8C493EE57480F3B2A09945D9FCFA/..\arduino-core-cache\core_adafruit_samd_adafruit_feather_m0_04638c499635d2f6f962c4c8703bc7da.a(Uart.cpp.o)
                0x00000732                Uart::extractCharSize(unsigned short)
 .text._ZN4Uart13extractParityEt
                0x0000075a       0x14 C:\Users\javie\AppData\Local\Temp\arduino-sketch-CF2D8C493EE57480F3B2A09945D9FCFA/..\arduino-core-cache\core_adafruit_samd_adafruit_feather_m0_04638c499635d2f6f962c4c8703bc7da.a(Uart.cpp.o)
                0x0000075a                Uart::extractParity(unsigned short)
 *fill*         0x0000076e        0x2 
 .text._ZN4Uart5beginEmt
                0x00000770       0xf8 C:\Users\javie\AppData\Local\Temp\arduino-sketch-CF2D8C493EE57480F3B2A09945D9FCFA/..\arduino-core-cache\core_adafruit_samd_adafruit_feather_m0_04638c499635d2f6f962c4c8703bc7da.a(Uart.cpp.o)
                0x00000770                Uart::begin(unsigned long, unsigned short)
 .text._ZN11RingBufferNILi350EEC2Ev
                0x00000868       0x1c C:\Users\javie\AppData\Local\Temp\arduino-sketch-CF2D8C493EE57480F3B2A09945D9FCFA/..\arduino-core-cache\core_adafruit_samd_adafruit_feather_m0_04638c499635d2f6f962c4c8703bc7da.a(Uart.cpp.o)
                0x00000868                RingBufferN<350>::RingBufferN()
                0x00000868                RingBufferN<350>::RingBufferN()
 .text._ZN4UartC2EP6SERCOMhh11SercomRXPad15SercomUartTXPad
                0x00000884       0x70 C:\Users\javie\AppData\Local\Temp\arduino-sketch-CF2D8C493EE57480F3B2A09945D9FCFA/..\arduino-core-cache\core_adafruit_samd_adafruit_feather_m0_04638c499635d2f6f962c4c8703bc7da.a(Uart.cpp.o)
                0x00000884                Uart::Uart(SERCOM*, unsigned char, unsigned char, SercomRXPad, SercomUartTXPad)
                0x00000884                Uart::Uart(SERCOM*, unsigned char, unsigned char, SercomRXPad, SercomUartTXPad)
 .text._ZN11RingBufferNILi350EE9availableEv
                0x000008f4       0x12 C:\Users\javie\AppData\Local\Temp\arduino-sketch-CF2D8C493EE57480F3B2A09945D9FCFA/..\arduino-core-cache\core_adafruit_samd_adafruit_feather_m0_04638c499635d2f6f962c4c8703bc7da.a(Uart.cpp.o)
                0x000008f4                RingBufferN<350>::available()
 .text._ZN4Uart5flushEv
                0x00000906       0x1a C:\Users\javie\AppData\Local\Temp\arduino-sketch-CF2D8C493EE57480F3B2A09945D9FCFA/..\arduino-core-cache\core_adafruit_samd_adafruit_feather_m0_04638c499635d2f6f962c4c8703bc7da.a(Uart.cpp.o)
                0x00000906                Uart::flush()
 .text._ZN4Uart9availableEv
                0x00000920        0xa C:\Users\javie\AppData\Local\Temp\arduino-sketch-CF2D8C493EE57480F3B2A09945D9FCFA/..\arduino-core-cache\core_adafruit_samd_adafruit_feather_m0_04638c499635d2f6f962c4c8703bc7da.a(Uart.cpp.o)
                0x00000920                Uart::available()
 .text._ZN11RingBufferNILi350EE17availableForStoreEv
                0x0000092a       0x22 C:\Users\javie\AppData\Local\Temp\arduino-sketch-CF2D8C493EE57480F3B2A09945D9FCFA/..\arduino-core-cache\core_adafruit_samd_adafruit_feather_m0_04638c499635d2f6f962c4c8703bc7da.a(Uart.cpp.o)
                0x0000092a                RingBufferN<350>::availableForStore()
 .text._ZN4Uart17availableForWriteEv
                0x0000094c        0xc C:\Users\javie\AppData\Local\Temp\arduino-sketch-CF2D8C493EE57480F3B2A09945D9FCFA/..\arduino-core-cache\core_adafruit_samd_adafruit_feather_m0_04638c499635d2f6f962c4c8703bc7da.a(Uart.cpp.o)
                0x0000094c                Uart::availableForWrite()
 .text._ZN4Uart10IrqHandlerEv
                0x00000958       0xda C:\Users\javie\AppData\Local\Temp\arduino-sketch-CF2D8C493EE57480F3B2A09945D9FCFA/..\arduino-core-cache\core_adafruit_samd_adafruit_feather_m0_04638c499635d2f6f962c4c8703bc7da.a(Uart.cpp.o)
                0x00000958                Uart::IrqHandler()
 *fill*         0x00000a32        0x2 
 .text._ZN4Uart5writeEh
                0x00000a34       0xc4 C:\Users\javie\AppData\Local\Temp\arduino-sketch-CF2D8C493EE57480F3B2A09945D9FCFA/..\arduino-core-cache\core_adafruit_samd_adafruit_feather_m0_04638c499635d2f6f962c4c8703bc7da.a(Uart.cpp.o)
                0x00000a34                Uart::write(unsigned char)
 .text._ZN4Uart4readEv
                0x00000af8       0x52 C:\Users\javie\AppData\Local\Temp\arduino-sketch-CF2D8C493EE57480F3B2A09945D9FCFA/..\arduino-core-cache\core_adafruit_samd_adafruit_feather_m0_04638c499635d2f6f962c4c8703bc7da.a(Uart.cpp.o)
                0x00000af8                Uart::read()
 .text.Dummy_Handler
                0x00000b4a        0x2 C:\Users\javie\AppData\Local\Temp\arduino-sketch-CF2D8C493EE57480F3B2A09945D9FCFA/..\arduino-core-cache\core_adafruit_samd_adafruit_feather_m0_04638c499635d2f6f962c4c8703bc7da.a(cortex_handlers.c.o)
                0x00000b4a                DMAC_Handler
                0x00000b4a                HardFault_Handler
                0x00000b4a                AC_Handler
                0x00000b4a                PendSV_Handler
                0x00000b4a                NMI_Handler
                0x00000b4a                TC7_Handler
                0x00000b4a                SERCOM1_Handler
                0x00000b4a                ADC_Handler
                0x00000b4a                TCC1_Handler
                0x00000b4a                SERCOM2_Handler
                0x00000b4a                TCC0_Handler
                0x00000b4a                RTC_Handler
                0x00000b4a                EIC_Handler
                0x00000b4a                TC6_Handler
                0x00000b4a                WDT_Handler
                0x00000b4a                TC4_Handler
                0x00000b4a                TC3_Handler
                0x00000b4a                Dummy_Handler
                0x00000b4a                PM_Handler
                0x00000b4a                SVC_Handler
                0x00000b4a                TCC2_Handler
                0x00000b4a                EVSYS_Handler
                0x00000b4a                SERCOM3_Handler
                0x00000b4a                SERCOM4_Handler
                0x00000b4a                I2S_Handler
                0x00000b4a                NVMCTRL_Handler
                0x00000b4a                DAC_Handler
                0x00000b4a                PTC_Handler
                0x00000b4a                SYSCTRL_Handler
 .text.USB_Handler
                0x00000b4c       0x14 C:\Users\javie\AppData\Local\Temp\arduino-sketch-CF2D8C493EE57480F3B2A09945D9FCFA/..\arduino-core-cache\core_adafruit_samd_adafruit_feather_m0_04638c499635d2f6f962c4c8703bc7da.a(cortex_handlers.c.o)
                0x00000b4c                USB_Handler
 .text.Reset_Handler
                0x00000b60       0x54 C:\Users\javie\AppData\Local\Temp\arduino-sketch-CF2D8C493EE57480F3B2A09945D9FCFA/..\arduino-core-cache\core_adafruit_samd_adafruit_feather_m0_04638c499635d2f6f962c4c8703bc7da.a(cortex_handlers.c.o)
                0x00000b60                Reset_Handler
 .text.SysTick_Handler
                0x00000bb4       0x10 C:\Users\javie\AppData\Local\Temp\arduino-sketch-CF2D8C493EE57480F3B2A09945D9FCFA/..\arduino-core-cache\core_adafruit_samd_adafruit_feather_m0_04638c499635d2f6f962c4c8703bc7da.a(cortex_handlers.c.o)
                0x00000bb4                SysTick_Handler
 .text.USB_SetHandler
                0x00000bc4        0xc C:\Users\javie\AppData\Local\Temp\arduino-sketch-CF2D8C493EE57480F3B2A09945D9FCFA/..\arduino-core-cache\core_adafruit_samd_adafruit_feather_m0_04638c499635d2f6f962c4c8703bc7da.a(cortex_handlers.c.o)
                0x00000bc4                USB_SetHandler
 .text.micros   0x00000bd0       0x60 C:\Users\javie\AppData\Local\Temp\arduino-sketch-CF2D8C493EE57480F3B2A09945D9FCFA/..\arduino-core-cache\core_adafruit_samd_adafruit_feather_m0_04638c499635d2f6f962c4c8703bc7da.a(delay.c.o)
                0x00000bd0                micros
 .text.delay    0x00000c30       0x2c C:\Users\javie\AppData\Local\Temp\arduino-sketch-CF2D8C493EE57480F3B2A09945D9FCFA/..\arduino-core-cache\core_adafruit_samd_adafruit_feather_m0_04638c499635d2f6f962c4c8703bc7da.a(delay.c.o)
                0x00000c30                delay
 .text.SysTick_DefaultHandler
                0x00000c5c       0x14 C:\Users\javie\AppData\Local\Temp\arduino-sketch-CF2D8C493EE57480F3B2A09945D9FCFA/..\arduino-core-cache\core_adafruit_samd_adafruit_feather_m0_04638c499635d2f6f962c4c8703bc7da.a(delay.c.o)
                0x00000c5c                SysTick_DefaultHandler
 .text.__empty  0x00000c70        0x2 C:\Users\javie\AppData\Local\Temp\arduino-sketch-CF2D8C493EE57480F3B2A09945D9FCFA/..\arduino-core-cache\core_adafruit_samd_adafruit_feather_m0_04638c499635d2f6f962c4c8703bc7da.a(hooks.c.o)
                0x00000c70                yield
 .text.__false  0x00000c72        0x4 C:\Users\javie\AppData\Local\Temp\arduino-sketch-CF2D8C493EE57480F3B2A09945D9FCFA/..\arduino-core-cache\core_adafruit_samd_adafruit_feather_m0_04638c499635d2f6f962c4c8703bc7da.a(hooks.c.o)
                0x00000c72                sysTickHook
 .text._Z11initVariantv
                0x00000c76        0x2 C:\Users\javie\AppData\Local\Temp\arduino-sketch-CF2D8C493EE57480F3B2A09945D9FCFA/..\arduino-core-cache\core_adafruit_samd_adafruit_feather_m0_04638c499635d2f6f962c4c8703bc7da.a(main.cpp.o)
                0x00000c76                initVariant()
 .text.startup.main
                0x00000c78       0x44 C:\Users\javie\AppData\Local\Temp\arduino-sketch-CF2D8C493EE57480F3B2A09945D9FCFA/..\arduino-core-cache\core_adafruit_samd_adafruit_feather_m0_04638c499635d2f6f962c4c8703bc7da.a(main.cpp.o)
                0x00000c78                main
 .text.SystemInit
                0x00000cbc      0x160 C:\Users\javie\AppData\Local\Temp\arduino-sketch-CF2D8C493EE57480F3B2A09945D9FCFA/..\arduino-core-cache\core_adafruit_samd_adafruit_feather_m0_04638c499635d2f6f962c4c8703bc7da.a(startup.c.o)
                0x00000cbc                SystemInit
 .text.init     0x00000e1c       0xe0 C:\Users\javie\AppData\Local\Temp\arduino-sketch-CF2D8C493EE57480F3B2A09945D9FCFA/..\arduino-core-cache\core_adafruit_samd_adafruit_feather_m0_04638c499635d2f6f962c4c8703bc7da.a(wiring.c.o)
                0x00000e1c                init
 .text.analogReference
                0x00000efc       0x88 C:\Users\javie\AppData\Local\Temp\arduino-sketch-CF2D8C493EE57480F3B2A09945D9FCFA/..\arduino-core-cache\core_adafruit_samd_adafruit_feather_m0_04638c499635d2f6f962c4c8703bc7da.a(wiring_analog.c.o)
                0x00000efc                analogReference
 .text.pinMode  0x00000f84       0x60 C:\Users\javie\AppData\Local\Temp\arduino-sketch-CF2D8C493EE57480F3B2A09945D9FCFA/..\arduino-core-cache\core_adafruit_samd_adafruit_feather_m0_04638c499635d2f6f962c4c8703bc7da.a(wiring_digital.c.o)
                0x00000f84                pinMode
 .text.digitalWrite
                0x00000fe4       0x58 C:\Users\javie\AppData\Local\Temp\arduino-sketch-CF2D8C493EE57480F3B2A09945D9FCFA/..\arduino-core-cache\core_adafruit_samd_adafruit_feather_m0_04638c499635d2f6f962c4c8703bc7da.a(wiring_digital.c.o)
                0x00000fe4                digitalWrite
 .text.pinPeripheral
                0x0000103c       0xbc C:\Users\javie\AppData\Local\Temp\arduino-sketch-CF2D8C493EE57480F3B2A09945D9FCFA/..\arduino-core-cache\core_adafruit_samd_adafruit_feather_m0_04638c499635d2f6f962c4c8703bc7da.a(wiring_private.c.o)
                0x0000103c                pinPeripheral
 .text._ZN5Print5writeEPKhj
                0x000010f8       0x24 C:\Users\javie\AppData\Local\Temp\arduino-sketch-CF2D8C493EE57480F3B2A09945D9FCFA/..\arduino-core-cache\core_adafruit_samd_adafruit_feather_m0_04638c499635d2f6f962c4c8703bc7da.a(Print.cpp.o)
                0x000010f8                Print::write(unsigned char const*, unsigned int)
 .text.initiateReset
                0x0000111c        0xc C:\Users\javie\AppData\Local\Temp\arduino-sketch-CF2D8C493EE57480F3B2A09945D9FCFA/..\arduino-core-cache\core_adafruit_samd_adafruit_feather_m0_04638c499635d2f6f962c4c8703bc7da.a(Reset.cpp.o)
                0x0000111c                initiateReset
 .text.cancelReset
                0x00001128       0x10 C:\Users\javie\AppData\Local\Temp\arduino-sketch-CF2D8C493EE57480F3B2A09945D9FCFA/..\arduino-core-cache\core_adafruit_samd_adafruit_feather_m0_04638c499635d2f6f962c4c8703bc7da.a(Reset.cpp.o)
                0x00001128                cancelReset
 .text.tickReset
                0x00001138       0x74 C:\Users\javie\AppData\Local\Temp\arduino-sketch-CF2D8C493EE57480F3B2A09945D9FCFA/..\arduino-core-cache\core_adafruit_samd_adafruit_feather_m0_04638c499635d2f6f962c4c8703bc7da.a(Reset.cpp.o)
                0x00001138                tickReset
 .text._ZN26DoubleBufferedEPOutHandler4initEv
                0x000011ac        0x2 C:\Users\javie\AppData\Local\Temp\arduino-sketch-CF2D8C493EE57480F3B2A09945D9FCFA/..\arduino-core-cache\core_adafruit_samd_adafruit_feather_m0_04638c499635d2f6f962c4c8703bc7da.a(USBCore.cpp.o)
                0x000011ac                DoubleBufferedEPOutHandler::init()
 .text._ZL5utox8mPc
                0x000011ae       0x26 C:\Users\javie\AppData\Local\Temp\arduino-sketch-CF2D8C493EE57480F3B2A09945D9FCFA/..\arduino-core-cache\core_adafruit_samd_adafruit_feather_m0_04638c499635d2f6f962c4c8703bc7da.a(USBCore.cpp.o)
 .text._ZN26DoubleBufferedEPOutHandlerD2Ev
                0x000011d4       0x14 C:\Users\javie\AppData\Local\Temp\arduino-sketch-CF2D8C493EE57480F3B2A09945D9FCFA/..\arduino-core-cache\core_adafruit_samd_adafruit_feather_m0_04638c499635d2f6f962c4c8703bc7da.a(USBCore.cpp.o)
                0x000011d4                DoubleBufferedEPOutHandler::~DoubleBufferedEPOutHandler()
                0x000011d4                DoubleBufferedEPOutHandler::~DoubleBufferedEPOutHandler()
 .text._ZN26DoubleBufferedEPOutHandlerD0Ev
                0x000011e8       0x12 C:\Users\javie\AppData\Local\Temp\arduino-sketch-CF2D8C493EE57480F3B2A09945D9FCFA/..\arduino-core-cache\core_adafruit_samd_adafruit_feather_m0_04638c499635d2f6f962c4c8703bc7da.a(USBCore.cpp.o)
                0x000011e8                DoubleBufferedEPOutHandler::~DoubleBufferedEPOutHandler()
 *fill*         0x000011fa        0x2 
 .text._ZN14USBDeviceClass6initEPEmm.part.0
                0x000011fc       0xe8 C:\Users\javie\AppData\Local\Temp\arduino-sketch-CF2D8C493EE57480F3B2A09945D9FCFA/..\arduino-core-cache\core_adafruit_samd_adafruit_feather_m0_04638c499635d2f6f962c4c8703bc7da.a(USBCore.cpp.o)
 .text._ZN7__GuardC2Ev
                0x000012e4        0xe C:\Users\javie\AppData\Local\Temp\arduino-sketch-CF2D8C493EE57480F3B2A09945D9FCFA/..\arduino-core-cache\core_adafruit_samd_adafruit_feather_m0_04638c499635d2f6f962c4c8703bc7da.a(USBCore.cpp.o)
                0x000012e4                __Guard::__Guard()
                0x000012e4                __Guard::__Guard()
 .text._ZN7__GuardD2Ev
                0x000012f2        0xe C:\Users\javie\AppData\Local\Temp\arduino-sketch-CF2D8C493EE57480F3B2A09945D9FCFA/..\arduino-core-cache\core_adafruit_samd_adafruit_feather_m0_04638c499635d2f6f962c4c8703bc7da.a(USBCore.cpp.o)
                0x000012f2                __Guard::~__Guard()
                0x000012f2                __Guard::~__Guard()
 .text._ZNK26DoubleBufferedEPOutHandler9availableEv
                0x00001300       0x5e C:\Users\javie\AppData\Local\Temp\arduino-sketch-CF2D8C493EE57480F3B2A09945D9FCFA/..\arduino-core-cache\core_adafruit_samd_adafruit_feather_m0_04638c499635d2f6f962c4c8703bc7da.a(USBCore.cpp.o)
                0x00001300                DoubleBufferedEPOutHandler::available() const
 *fill*         0x0000135e        0x2 
 .text._ZN26DoubleBufferedEPOutHandler7releaseEv
                0x00001360       0x54 C:\Users\javie\AppData\Local\Temp\arduino-sketch-CF2D8C493EE57480F3B2A09945D9FCFA/..\arduino-core-cache\core_adafruit_samd_adafruit_feather_m0_04638c499635d2f6f962c4c8703bc7da.a(USBCore.cpp.o)
                0x00001360                DoubleBufferedEPOutHandler::release()
 .text._ZN26DoubleBufferedEPOutHandler4recvEPvm
                0x000013b4      0x11a C:\Users\javie\AppData\Local\Temp\arduino-sketch-CF2D8C493EE57480F3B2A09945D9FCFA/..\arduino-core-cache\core_adafruit_samd_adafruit_feather_m0_04638c499635d2f6f962c4c8703bc7da.a(USBCore.cpp.o)
                0x000013b4                DoubleBufferedEPOutHandler::recv(void*, unsigned long)
 .text._ZN26DoubleBufferedEPOutHandler14handleEndpointEv
                0x000014ce       0xc2 C:\Users\javie\AppData\Local\Temp\arduino-sketch-CF2D8C493EE57480F3B2A09945D9FCFA/..\arduino-core-cache\core_adafruit_samd_adafruit_feather_m0_04638c499635d2f6f962c4c8703bc7da.a(USBCore.cpp.o)
                0x000014ce                DoubleBufferedEPOutHandler::handleEndpoint()
 .text._ZN14USBDeviceClass14SendInterfacesEPm
                0x00001590       0x2e C:\Users\javie\AppData\Local\Temp\arduino-sketch-CF2D8C493EE57480F3B2A09945D9FCFA/..\arduino-core-cache\core_adafruit_samd_adafruit_feather_m0_04638c499635d2f6f962c4c8703bc7da.a(USBCore.cpp.o)
                0x00001590                USBDeviceClass::SendInterfaces(unsigned long*)
 *fill*         0x000015be        0x2 
 .text._ZN14USBDeviceClass14handleEndpointEh
                0x000015c0       0x44 C:\Users\javie\AppData\Local\Temp\arduino-sketch-CF2D8C493EE57480F3B2A09945D9FCFA/..\arduino-core-cache\core_adafruit_samd_adafruit_feather_m0_04638c499635d2f6f962c4c8703bc7da.a(USBCore.cpp.o)
                0x000015c0                USBDeviceClass::handleEndpoint(unsigned char)
 .text._ZN14USBDeviceClass4initEv
                0x00001604       0xf0 C:\Users\javie\AppData\Local\Temp\arduino-sketch-CF2D8C493EE57480F3B2A09945D9FCFA/..\arduino-core-cache\core_adafruit_samd_adafruit_feather_m0_04638c499635d2f6f962c4c8703bc7da.a(USBCore.cpp.o)
                0x00001604                USBDeviceClass::init()
 .text._ZN14USBDeviceClass6attachEv
                0x000016f4       0x34 C:\Users\javie\AppData\Local\Temp\arduino-sketch-CF2D8C493EE57480F3B2A09945D9FCFA/..\arduino-core-cache\core_adafruit_samd_adafruit_feather_m0_04638c499635d2f6f962c4c8703bc7da.a(USBCore.cpp.o)
                0x000016f4                USBDeviceClass::attach()
 .text._ZN14USBDeviceClass10setAddressEm
                0x00001728       0x44 C:\Users\javie\AppData\Local\Temp\arduino-sketch-CF2D8C493EE57480F3B2A09945D9FCFA/..\arduino-core-cache\core_adafruit_samd_adafruit_feather_m0_04638c499635d2f6f962c4c8703bc7da.a(USBCore.cpp.o)
                0x00001728                USBDeviceClass::setAddress(unsigned long)
 .text._ZN14USBDeviceClass25handleClassInterfaceSetupER8USBSetup
                0x0000176c       0x44 C:\Users\javie\AppData\Local\Temp\arduino-sketch-CF2D8C493EE57480F3B2A09945D9FCFA/..\arduino-core-cache\core_adafruit_samd_adafruit_feather_m0_04638c499635d2f6f962c4c8703bc7da.a(USBCore.cpp.o)
                0x0000176c                USBDeviceClass::handleClassInterfaceSetup(USBSetup&)
 .text._ZN14USBDeviceClass6initEPEmm
                0x000017b0       0xec C:\Users\javie\AppData\Local\Temp\arduino-sketch-CF2D8C493EE57480F3B2A09945D9FCFA/..\arduino-core-cache\core_adafruit_samd_adafruit_feather_m0_04638c499635d2f6f962c4c8703bc7da.a(USBCore.cpp.o)
                0x000017b0                USBDeviceClass::initEP(unsigned long, unsigned long)
 .text._ZN14USBDeviceClass13initEndpointsEv
                0x0000189c       0x24 C:\Users\javie\AppData\Local\Temp\arduino-sketch-CF2D8C493EE57480F3B2A09945D9FCFA/..\arduino-core-cache\core_adafruit_samd_adafruit_feather_m0_04638c499635d2f6f962c4c8703bc7da.a(USBCore.cpp.o)
                0x0000189c                USBDeviceClass::initEndpoints()
 .text._ZN14USBDeviceClass9availableEm
                0x000018c0       0x2c C:\Users\javie\AppData\Local\Temp\arduino-sketch-CF2D8C493EE57480F3B2A09945D9FCFA/..\arduino-core-cache\core_adafruit_samd_adafruit_feather_m0_04638c499635d2f6f962c4c8703bc7da.a(USBCore.cpp.o)
                0x000018c0                USBDeviceClass::available(unsigned long)
 .text._ZN14USBDeviceClass5flushEm
                0x000018ec       0x2c C:\Users\javie\AppData\Local\Temp\arduino-sketch-CF2D8C493EE57480F3B2A09945D9FCFA/..\arduino-core-cache\core_adafruit_samd_adafruit_feather_m0_04638c499635d2f6f962c4c8703bc7da.a(USBCore.cpp.o)
                0x000018ec                USBDeviceClass::flush(unsigned long)
 .text._ZN14USBDeviceClass14armRecvCtrlOUTEm
                0x00001918       0x5c C:\Users\javie\AppData\Local\Temp\arduino-sketch-CF2D8C493EE57480F3B2A09945D9FCFA/..\arduino-core-cache\core_adafruit_samd_adafruit_feather_m0_04638c499635d2f6f962c4c8703bc7da.a(USBCore.cpp.o)
                0x00001918                USBDeviceClass::armRecvCtrlOUT(unsigned long)
 .text._ZN14USBDeviceClass11recvControlEPvm
                0x00001974       0x3c C:\Users\javie\AppData\Local\Temp\arduino-sketch-CF2D8C493EE57480F3B2A09945D9FCFA/..\arduino-core-cache\core_adafruit_samd_adafruit_feather_m0_04638c499635d2f6f962c4c8703bc7da.a(USBCore.cpp.o)
                0x00001974                USBDeviceClass::recvControl(void*, unsigned long)
 .text._ZN14USBDeviceClass7armRecvEm
                0x000019b0       0x38 C:\Users\javie\AppData\Local\Temp\arduino-sketch-CF2D8C493EE57480F3B2A09945D9FCFA/..\arduino-core-cache\core_adafruit_samd_adafruit_feather_m0_04638c499635d2f6f962c4c8703bc7da.a(USBCore.cpp.o)
                0x000019b0                USBDeviceClass::armRecv(unsigned long)
 .text._ZN14USBDeviceClass4recvEmPvm
                0x000019e8       0xd8 C:\Users\javie\AppData\Local\Temp\arduino-sketch-CF2D8C493EE57480F3B2A09945D9FCFA/..\arduino-core-cache\core_adafruit_samd_adafruit_feather_m0_04638c499635d2f6f962c4c8703bc7da.a(USBCore.cpp.o)
                0x000019e8                USBDeviceClass::recv(unsigned long, void*, unsigned long)
 .text._ZN14USBDeviceClass4recvEm
                0x00001ac0       0x1c C:\Users\javie\AppData\Local\Temp\arduino-sketch-CF2D8C493EE57480F3B2A09945D9FCFA/..\arduino-core-cache\core_adafruit_samd_adafruit_feather_m0_04638c499635d2f6f962c4c8703bc7da.a(USBCore.cpp.o)
                0x00001ac0                USBDeviceClass::recv(unsigned long)
 .text._ZN14USBDeviceClass4sendEmPKvm
                0x00001adc      0x110 C:\Users\javie\AppData\Local\Temp\arduino-sketch-CF2D8C493EE57480F3B2A09945D9FCFA/..\arduino-core-cache\core_adafruit_samd_adafruit_feather_m0_04638c499635d2f6f962c4c8703bc7da.a(USBCore.cpp.o)
                0x00001adc                USBDeviceClass::send(unsigned long, void const*, unsigned long)
 .text._ZN14USBDeviceClass7armSendEmPKvm
                0x00001bec       0x48 C:\Users\javie\AppData\Local\Temp\arduino-sketch-CF2D8C493EE57480F3B2A09945D9FCFA/..\arduino-core-cache\core_adafruit_samd_adafruit_feather_m0_04638c499635d2f6f962c4c8703bc7da.a(USBCore.cpp.o)
                0x00001bec                USBDeviceClass::armSend(unsigned long, void const*, unsigned long)
 .text._ZN14USBDeviceClass11sendControlEPKvm
                0x00001c34       0x54 C:\Users\javie\AppData\Local\Temp\arduino-sketch-CF2D8C493EE57480F3B2A09945D9FCFA/..\arduino-core-cache\core_adafruit_samd_adafruit_feather_m0_04638c499635d2f6f962c4c8703bc7da.a(USBCore.cpp.o)
                0x00001c34                USBDeviceClass::sendControl(void const*, unsigned long)
 .text._ZN14USBDeviceClass20sendStringDescriptorEPKhh
                0x00001c88       0x68 C:\Users\javie\AppData\Local\Temp\arduino-sketch-CF2D8C493EE57480F3B2A09945D9FCFA/..\arduino-core-cache\core_adafruit_samd_adafruit_feather_m0_04638c499635d2f6f962c4c8703bc7da.a(USBCore.cpp.o)
                0x00001c88                USBDeviceClass::sendStringDescriptor(unsigned char const*, unsigned char)
 .text._ZN14USBDeviceClass17sendConfigurationEm
                0x00001cf0       0x80 C:\Users\javie\AppData\Local\Temp\arduino-sketch-CF2D8C493EE57480F3B2A09945D9FCFA/..\arduino-core-cache\core_adafruit_samd_adafruit_feather_m0_04638c499635d2f6f962c4c8703bc7da.a(USBCore.cpp.o)
                0x00001cf0                USBDeviceClass::sendConfiguration(unsigned long)
 .text._ZN14USBDeviceClass14sendDescriptorER8USBSetup
                0x00001d70       0xe4 C:\Users\javie\AppData\Local\Temp\arduino-sketch-CF2D8C493EE57480F3B2A09945D9FCFA/..\arduino-core-cache\core_adafruit_samd_adafruit_feather_m0_04638c499635d2f6f962c4c8703bc7da.a(USBCore.cpp.o)
                0x00001d70                USBDeviceClass::sendDescriptor(USBSetup&)
 .text._ZN14USBDeviceClass19handleStandardSetupER8USBSetup
                0x00001e54      0x118 C:\Users\javie\AppData\Local\Temp\arduino-sketch-CF2D8C493EE57480F3B2A09945D9FCFA/..\arduino-core-cache\core_adafruit_samd_adafruit_feather_m0_04638c499635d2f6f962c4c8703bc7da.a(USBCore.cpp.o)
                0x00001e54                USBDeviceClass::handleStandardSetup(USBSetup&)
 .text._ZN14USBDeviceClass10ISRHandlerEv
                0x00001f6c      0x150 C:\Users\javie\AppData\Local\Temp\arduino-sketch-CF2D8C493EE57480F3B2A09945D9FCFA/..\arduino-core-cache\core_adafruit_samd_adafruit_feather_m0_04638c499635d2f6f962c4c8703bc7da.a(USBCore.cpp.o)
                0x00001f6c                USBDeviceClass::ISRHandler()
 .text.UDD_Handler
                0x000020bc       0x10 C:\Users\javie\AppData\Local\Temp\arduino-sketch-CF2D8C493EE57480F3B2A09945D9FCFA/..\arduino-core-cache\core_adafruit_samd_adafruit_feather_m0_04638c499635d2f6f962c4c8703bc7da.a(USBCore.cpp.o)
                0x000020bc                UDD_Handler
 .text.startup._GLOBAL__sub_I_usbd
                0x000020cc       0x10 C:\Users\javie\AppData\Local\Temp\arduino-sketch-CF2D8C493EE57480F3B2A09945D9FCFA/..\arduino-core-cache\core_adafruit_samd_adafruit_feather_m0_04638c499635d2f6f962c4c8703bc7da.a(USBCore.cpp.o)
 .text._Znwj    0x000020dc        0x8 C:\Users\javie\AppData\Local\Temp\arduino-sketch-CF2D8C493EE57480F3B2A09945D9FCFA/..\arduino-core-cache\core_adafruit_samd_adafruit_feather_m0_04638c499635d2f6f962c4c8703bc7da.a(new.cpp.o)
                0x000020dc                operator new(unsigned int)
 .text._ZdlPv   0x000020e4        0x8 C:\Users\javie\AppData\Local\Temp\arduino-sketch-CF2D8C493EE57480F3B2A09945D9FCFA/..\arduino-core-cache\core_adafruit_samd_adafruit_feather_m0_04638c499635d2f6f962c4c8703bc7da.a(new.cpp.o)
                0x000020e4                operator delete(void*)
 .text._ZN7Serial_17availableForWriteEv
                0x000020ec        0x4 C:\Users\javie\AppData\Local\Temp\arduino-sketch-CF2D8C493EE57480F3B2A09945D9FCFA/..\arduino-core-cache\core_adafruit_samd_adafruit_feather_m0_04638c499635d2f6f962c4c8703bc7da.a(CDC.cpp.o)
                0x000020ec                Serial_::availableForWrite()
 .text._ZN7Serial_5writeEh
                0x000020f0       0x14 C:\Users\javie\AppData\Local\Temp\arduino-sketch-CF2D8C493EE57480F3B2A09945D9FCFA/..\arduino-core-cache\core_adafruit_samd_adafruit_feather_m0_04638c499635d2f6f962c4c8703bc7da.a(CDC.cpp.o)
                0x000020f0                Serial_::write(unsigned char)
 .text._ZN7Serial_9availableEv
                0x00002104        0xc C:\Users\javie\AppData\Local\Temp\arduino-sketch-CF2D8C493EE57480F3B2A09945D9FCFA/..\arduino-core-cache\core_adafruit_samd_adafruit_feather_m0_04638c499635d2f6f962c4c8703bc7da.a(CDC.cpp.o)
                0x00002104                Serial_::available()
 .text._ZN7Serial_5flushEv
                0x00002110        0xc C:\Users\javie\AppData\Local\Temp\arduino-sketch-CF2D8C493EE57480F3B2A09945D9FCFA/..\arduino-core-cache\core_adafruit_samd_adafruit_feather_m0_04638c499635d2f6f962c4c8703bc7da.a(CDC.cpp.o)
                0x00002110                Serial_::flush()
 .text._ZN7Serial_5writeEPKhj
                0x0000211c       0x2c C:\Users\javie\AppData\Local\Temp\arduino-sketch-CF2D8C493EE57480F3B2A09945D9FCFA/..\arduino-core-cache\core_adafruit_samd_adafruit_feather_m0_04638c499635d2f6f962c4c8703bc7da.a(CDC.cpp.o)
                0x0000211c                Serial_::write(unsigned char const*, unsigned int)
 .text._ZN7Serial_4peekEv
                0x00002148       0x1c C:\Users\javie\AppData\Local\Temp\arduino-sketch-CF2D8C493EE57480F3B2A09945D9FCFA/..\arduino-core-cache\core_adafruit_samd_adafruit_feather_m0_04638c499635d2f6f962c4c8703bc7da.a(CDC.cpp.o)
                0x00002148                Serial_::peek()
 .text._ZN7Serial_4readEv
                0x00002164       0x24 C:\Users\javie\AppData\Local\Temp\arduino-sketch-CF2D8C493EE57480F3B2A09945D9FCFA/..\arduino-core-cache\core_adafruit_samd_adafruit_feather_m0_04638c499635d2f6f962c4c8703bc7da.a(CDC.cpp.o)
                0x00002164                Serial_::read()
 .text._Z16CDC_GetInterfacePh
                0x00002188       0x1c C:\Users\javie\AppData\Local\Temp\arduino-sketch-CF2D8C493EE57480F3B2A09945D9FCFA/..\arduino-core-cache\core_adafruit_samd_adafruit_feather_m0_04638c499635d2f6f962c4c8703bc7da.a(CDC.cpp.o)
                0x00002188                CDC_GetInterface(unsigned char*)
 .text._Z9CDC_SetupR8USBSetup
                0x000021a4       0x7c C:\Users\javie\AppData\Local\Temp\arduino-sketch-CF2D8C493EE57480F3B2A09945D9FCFA/..\arduino-core-cache\core_adafruit_samd_adafruit_feather_m0_04638c499635d2f6f962c4c8703bc7da.a(CDC.cpp.o)
                0x000021a4                CDC_Setup(USBSetup&)
 .text.startup._GLOBAL__sub_I__Z17_CDC_GetInterfacev
                0x00002220       0x28 C:\Users\javie\AppData\Local\Temp\arduino-sketch-CF2D8C493EE57480F3B2A09945D9FCFA/..\arduino-core-cache\core_adafruit_samd_adafruit_feather_m0_04638c499635d2f6f962c4c8703bc7da.a(CDC.cpp.o)
 .text._ZN13PluggableUSB_12getInterfaceEPh
                0x00002248       0x28 C:\Users\javie\AppData\Local\Temp\arduino-sketch-CF2D8C493EE57480F3B2A09945D9FCFA/..\arduino-core-cache\core_adafruit_samd_adafruit_feather_m0_04638c499635d2f6f962c4c8703bc7da.a(PluggableUSB.cpp.o)
                0x00002248                PluggableUSB_::getInterface(unsigned char*)
 .text._ZN13PluggableUSB_13getDescriptorER8USBSetup
                0x00002270       0x20 C:\Users\javie\AppData\Local\Temp\arduino-sketch-CF2D8C493EE57480F3B2A09945D9FCFA/..\arduino-core-cache\core_adafruit_samd_adafruit_feather_m0_04638c499635d2f6f962c4c8703bc7da.a(PluggableUSB.cpp.o)
                0x00002270                PluggableUSB_::getDescriptor(USBSetup&)
 .text._ZN13PluggableUSB_5setupER8USBSetup
                0x00002290       0x20 C:\Users\javie\AppData\Local\Temp\arduino-sketch-CF2D8C493EE57480F3B2A09945D9FCFA/..\arduino-core-cache\core_adafruit_samd_adafruit_feather_m0_04638c499635d2f6f962c4c8703bc7da.a(PluggableUSB.cpp.o)
                0x00002290                PluggableUSB_::setup(USBSetup&)
 .text._Z12PluggableUSBv
                0x000022b0       0x28 C:\Users\javie\AppData\Local\Temp\arduino-sketch-CF2D8C493EE57480F3B2A09945D9FCFA/..\arduino-core-cache\core_adafruit_samd_adafruit_feather_m0_04638c499635d2f6f962c4c8703bc7da.a(PluggableUSB.cpp.o)
                0x000022b0                PluggableUSB()
 .text._ZN20USBDevice_SAMD21G18x5resetEv
                0x000022d8       0x2a C:\Users\javie\AppData\Local\Temp\arduino-sketch-CF2D8C493EE57480F3B2A09945D9FCFA/..\arduino-core-cache\core_adafruit_samd_adafruit_feather_m0_04638c499635d2f6f962c4c8703bc7da.a(SAMD21_USBDevice.cpp.o)
                0x000022d8                USBDevice_SAMD21G18x::reset()
 *fill*         0x00002302        0x2 
 .text._ZN20USBDevice_SAMD21G18x9calibrateEv
                0x00002304       0x60 C:\Users\javie\AppData\Local\Temp\arduino-sketch-CF2D8C493EE57480F3B2A09945D9FCFA/..\arduino-core-cache\core_adafruit_samd_adafruit_feather_m0_04638c499635d2f6f962c4c8703bc7da.a(SAMD21_USBDevice.cpp.o)
                0x00002304                USBDevice_SAMD21G18x::calibrate()
 .text          0x00002364       0x14 c:/users/javie/appdata/local/arduino15/packages/adafruit/tools/arm-none-eabi-gcc/9-2019q4/bin/../lib/gcc/arm-none-eabi/9.2.1/thumb/v6-m/nofp\libgcc.a(_thumb1_case_uqi.o)
                0x00002364                __gnu_thumb1_case_uqi
 .text          0x00002378      0x114 c:/users/javie/appdata/local/arduino15/packages/adafruit/tools/arm-none-eabi-gcc/9-2019q4/bin/../lib/gcc/arm-none-eabi/9.2.1/thumb/v6-m/nofp\libgcc.a(_udivsi3.o)
                0x00002378                __aeabi_uidiv
                0x00002378                __udivsi3
                0x00002484                __aeabi_uidivmod
 .text          0x0000248c        0x4 c:/users/javie/appdata/local/arduino15/packages/adafruit/tools/arm-none-eabi-gcc/9-2019q4/bin/../lib/gcc/arm-none-eabi/9.2.1/thumb/v6-m/nofp\libgcc.a(_dvmd_tls.o)
                0x0000248c                __aeabi_idiv0
                0x0000248c                __aeabi_ldiv0
 .text          0x00002490       0x40 c:/users/javie/appdata/local/arduino15/packages/adafruit/tools/arm-none-eabi-gcc/9-2019q4/bin/../lib/gcc/arm-none-eabi/9.2.1/thumb/v6-m/nofp\libgcc.a(_aeabi_uldivmod.o)
                0x00002490                __aeabi_uldivmod
 .text          0x000024d0       0x50 c:/users/javie/appdata/local/arduino15/packages/adafruit/tools/arm-none-eabi-gcc/9-2019q4/bin/../lib/gcc/arm-none-eabi/9.2.1/thumb/v6-m/nofp\libgcc.a(_muldi3.o)
                0x000024d0                __muldi3
                0x000024d0                __aeabi_lmul
 .text          0x00002520      0x198 c:/users/javie/appdata/local/arduino15/packages/adafruit/tools/arm-none-eabi-gcc/9-2019q4/bin/../lib/gcc/arm-none-eabi/9.2.1/thumb/v6-m/nofp\libgcc.a(_udivmoddi4.o)
                0x00002520                __udivmoddi4
 .text          0x000026b8       0x3c c:/users/javie/appdata/local/arduino15/packages/adafruit/tools/arm-none-eabi-gcc/9-2019q4/bin/../lib/gcc/arm-none-eabi/9.2.1/thumb/v6-m/nofp\libgcc.a(_clzsi2.o)
                0x000026b8                __clzsi2
 .text          0x000026f4       0x18 c:/users/javie/appdata/local/arduino15/packages/adafruit/tools/arm-none-eabi-gcc/9-2019q4/bin/../lib/gcc/arm-none-eabi/9.2.1/thumb/v6-m/nofp\libgcc.a(_clzdi2.o)
                0x000026f4                __clzdi2
 .text.__libc_init_array
                0x0000270c       0x48 c:/users/javie/appdata/local/arduino15/packages/adafruit/tools/arm-none-eabi-gcc/9-2019q4/bin/../lib/gcc/arm-none-eabi/9.2.1/../../../../arm-none-eabi/lib/thumb/v6-m/nofp\libc_nano.a(lib_a-init.o)
                0x0000270c                __libc_init_array
 .text.malloc   0x00002754       0x14 c:/users/javie/appdata/local/arduino15/packages/adafruit/tools/arm-none-eabi-gcc/9-2019q4/bin/../lib/gcc/arm-none-eabi/9.2.1/../../../../arm-none-eabi/lib/thumb/v6-m/nofp\libc_nano.a(lib_a-malloc.o)
                0x00002754                malloc
 .text.free     0x00002768       0x14 c:/users/javie/appdata/local/arduino15/packages/adafruit/tools/arm-none-eabi-gcc/9-2019q4/bin/../lib/gcc/arm-none-eabi/9.2.1/../../../../arm-none-eabi/lib/thumb/v6-m/nofp\libc_nano.a(lib_a-malloc.o)
                0x00002768                free
 .text.memcpy   0x0000277c       0x12 c:/users/javie/appdata/local/arduino15/packages/adafruit/tools/arm-none-eabi-gcc/9-2019q4/bin/../lib/gcc/arm-none-eabi/9.2.1/../../../../arm-none-eabi/lib/thumb/v6-m/nofp\libc_nano.a(lib_a-memcpy-stub.o)
                0x0000277c                memcpy
 .text.memset   0x0000278e       0x10 c:/users/javie/appdata/local/arduino15/packages/adafruit/tools/arm-none-eabi-gcc/9-2019q4/bin/../lib/gcc/arm-none-eabi/9.2.1/../../../../arm-none-eabi/lib/thumb/v6-m/nofp\libc_nano.a(lib_a-memset.o)
                0x0000278e                memset
 *fill*         0x0000279e        0x2 
 .text._free_r  0x000027a0       0x94 c:/users/javie/appdata/local/arduino15/packages/adafruit/tools/arm-none-eabi-gcc/9-2019q4/bin/../lib/gcc/arm-none-eabi/9.2.1/../../../../arm-none-eabi/lib/thumb/v6-m/nofp\libc_nano.a(lib_a-nano-freer.o)
                0x000027a0                _free_r
 .text._malloc_r
                0x00002834       0xbc c:/users/javie/appdata/local/arduino15/packages/adafruit/tools/arm-none-eabi-gcc/9-2019q4/bin/../lib/gcc/arm-none-eabi/9.2.1/../../../../arm-none-eabi/lib/thumb/v6-m/nofp\libc_nano.a(lib_a-nano-mallocr.o)
                0x00002834                _malloc_r
 .text._sbrk_r  0x000028f0       0x24 c:/users/javie/appdata/local/arduino15/packages/adafruit/tools/arm-none-eabi-gcc/9-2019q4/bin/../lib/gcc/arm-none-eabi/9.2.1/../../../../arm-none-eabi/lib/thumb/v6-m/nofp\libc_nano.a(lib_a-sbrkr.o)
                0x000028f0                _sbrk_r
 .text          0x00002914        0xe c:/users/javie/appdata/local/arduino15/packages/adafruit/tools/arm-none-eabi-gcc/9-2019q4/bin/../lib/gcc/arm-none-eabi/9.2.1/../../../../arm-none-eabi/lib/thumb/v6-m/nofp\libc_nano.a(lib_a-strlen.o)
                0x00002914                strlen
 *fill*         0x00002922        0x2 
 .text.__malloc_lock
                0x00002924       0x10 c:/users/javie/appdata/local/arduino15/packages/adafruit/tools/arm-none-eabi-gcc/9-2019q4/bin/../lib/gcc/arm-none-eabi/9.2.1/../../../../arm-none-eabi/lib/thumb/v6-m/nofp\libc_nano.a(lib_a-mlock.o)
                0x00002924                __malloc_lock
 .text.__malloc_unlock
                0x00002934       0x10 c:/users/javie/appdata/local/arduino15/packages/adafruit/tools/arm-none-eabi-gcc/9-2019q4/bin/../lib/gcc/arm-none-eabi/9.2.1/../../../../arm-none-eabi/lib/thumb/v6-m/nofp\libc_nano.a(lib_a-mlock.o)
                0x00002934                __malloc_unlock
 .text.__retarget_lock_acquire_recursive
                0x00002944        0x2 c:/users/javie/appdata/local/arduino15/packages/adafruit/tools/arm-none-eabi-gcc/9-2019q4/bin/../lib/gcc/arm-none-eabi/9.2.1/../../../../arm-none-eabi/lib/thumb/v6-m/nofp\libc_nano.a(lib_a-lock.o)
                0x00002944                __retarget_lock_acquire_recursive
 .text.__retarget_lock_release_recursive
                0x00002946        0x2 c:/users/javie/appdata/local/arduino15/packages/adafruit/tools/arm-none-eabi-gcc/9-2019q4/bin/../lib/gcc/arm-none-eabi/9.2.1/../../../../arm-none-eabi/lib/thumb/v6-m/nofp\libc_nano.a(lib_a-lock.o)
                0x00002946                __retarget_lock_release_recursive
 .text._sbrk    0x00002948       0x1c c:/users/javie/appdata/local/arduino15/packages/adafruit/tools/arm-none-eabi-gcc/9-2019q4/bin/../lib/gcc/arm-none-eabi/9.2.1/../../../../arm-none-eabi/lib/thumb/v6-m/nofp\libnosys.a(sbrk.o)
                0x00002948                _sbrk
 *(.init)
 .init          0x00002964        0x4 c:/users/javie/appdata/local/arduino15/packages/adafruit/tools/arm-none-eabi-gcc/9-2019q4/bin/../lib/gcc/arm-none-eabi/9.2.1/thumb/v6-m/nofp/crti.o
                0x00002964                _init
 .init          0x00002968        0x8 c:/users/javie/appdata/local/arduino15/packages/adafruit/tools/arm-none-eabi-gcc/9-2019q4/bin/../lib/gcc/arm-none-eabi/9.2.1/thumb/v6-m/nofp/crtn.o
 *(.fini)
 .fini          0x00002970        0x4 c:/users/javie/appdata/local/arduino15/packages/adafruit/tools/arm-none-eabi-gcc/9-2019q4/bin/../lib/gcc/arm-none-eabi/9.2.1/thumb/v6-m/nofp/crti.o
                0x00002970                _fini
 .fini          0x00002974        0x8 c:/users/javie/appdata/local/arduino15/packages/adafruit/tools/arm-none-eabi-gcc/9-2019q4/bin/../lib/gcc/arm-none-eabi/9.2.1/thumb/v6-m/nofp/crtn.o
 *crtbegin.o(.ctors)
 *crtbegin?.o(.ctors)
 *(EXCLUDE_FILE(*crtend.o *crtend?.o) .ctors)
 *(SORT_BY_NAME(.ctors.*))
 *(.ctors)
 *crtbegin.o(.dtors)
 *crtbegin?.o(.dtors)
 *(EXCLUDE_FILE(*crtend.o *crtend?.o) .dtors)
 *(SORT_BY_NAME(.dtors.*))
 *(.dtors)
 *(.rodata*)
 .rodata._ZL8pinTable
                0x0000297c      0x150 C:\Users\javie\AppData\Local\Temp\arduino-sketch-CF2D8C493EE57480F3B2A09945D9FCFA\libraries\Arduino_SAMD21_turbo_PWM-master\SAMD21turboPWM.cpp.o
 .rodata.g_APinDescription
                0x00002acc      0x450 C:\Users\javie\AppData\Local\Temp\arduino-sketch-CF2D8C493EE57480F3B2A09945D9FCFA\core\variant.cpp.o
                0x00002acc                g_APinDescription
 .rodata._ZL10sercomData
                0x00002f1c       0x30 C:\Users\javie\AppData\Local\Temp\arduino-sketch-CF2D8C493EE57480F3B2A09945D9FCFA/..\arduino-core-cache\core_adafruit_samd_adafruit_feather_m0_04638c499635d2f6f962c4c8703bc7da.a(SERCOM.cpp.o)
 .rodata._ZTV4Uart
                0x00002f4c       0x34 C:\Users\javie\AppData\Local\Temp\arduino-sketch-CF2D8C493EE57480F3B2A09945D9FCFA/..\arduino-core-cache\core_adafruit_samd_adafruit_feather_m0_04638c499635d2f6f962c4c8703bc7da.a(Uart.cpp.o)
                0x00002f4c                vtable for Uart
 .rodata._ZN14USBDeviceClass19handleStandardSetupER8USBSetup.str1.1
                0x00002f80        0x1 C:\Users\javie\AppData\Local\Temp\arduino-sketch-CF2D8C493EE57480F3B2A09945D9FCFA/..\arduino-core-cache\core_adafruit_samd_adafruit_feather_m0_04638c499635d2f6f962c4c8703bc7da.a(USBCore.cpp.o)
 *fill*         0x00002f81        0x3 
 .rodata._ZTV26DoubleBufferedEPOutHandler
                0x00002f84       0x20 C:\Users\javie\AppData\Local\Temp\arduino-sketch-CF2D8C493EE57480F3B2A09945D9FCFA/..\arduino-core-cache\core_adafruit_samd_adafruit_feather_m0_04638c499635d2f6f962c4c8703bc7da.a(USBCore.cpp.o)
                0x00002f84                vtable for DoubleBufferedEPOutHandler
 .rodata._ZL14STRING_PRODUCT
                0x00002fa4        0xb C:\Users\javie\AppData\Local\Temp\arduino-sketch-CF2D8C493EE57480F3B2A09945D9FCFA/..\arduino-core-cache\core_adafruit_samd_adafruit_feather_m0_04638c499635d2f6f962c4c8703bc7da.a(USBCore.cpp.o)
 *fill*         0x00002faf        0x1 
 .rodata._ZL15STRING_LANGUAGE
                0x00002fb0        0x4 C:\Users\javie\AppData\Local\Temp\arduino-sketch-CF2D8C493EE57480F3B2A09945D9FCFA/..\arduino-core-cache\core_adafruit_samd_adafruit_feather_m0_04638c499635d2f6f962c4c8703bc7da.a(USBCore.cpp.o)
 .rodata._ZL19STRING_MANUFACTURER
                0x00002fb4        0x9 C:\Users\javie\AppData\Local\Temp\arduino-sketch-CF2D8C493EE57480F3B2A09945D9FCFA/..\arduino-core-cache\core_adafruit_samd_adafruit_feather_m0_04638c499635d2f6f962c4c8703bc7da.a(USBCore.cpp.o)
 .rodata._ZL21USB_DeviceDescriptorB
                0x00002fbd       0x12 C:\Users\javie\AppData\Local\Temp\arduino-sketch-CF2D8C493EE57480F3B2A09945D9FCFA/..\arduino-core-cache\core_adafruit_samd_adafruit_feather_m0_04638c499635d2f6f962c4c8703bc7da.a(USBCore.cpp.o)
 *fill*         0x00002fcf        0x1 
 .rodata._ZTV7Serial_
                0x00002fd0       0x24 C:\Users\javie\AppData\Local\Temp\arduino-sketch-CF2D8C493EE57480F3B2A09945D9FCFA/..\arduino-core-cache\core_adafruit_samd_adafruit_feather_m0_04638c499635d2f6f962c4c8703bc7da.a(CDC.cpp.o)
                0x00002fd0                vtable for Serial_
 *(.eh_frame*)
 .eh_frame      0x00002ff4        0x0 c:/users/javie/appdata/local/arduino15/packages/adafruit/tools/arm-none-eabi-gcc/9-2019q4/bin/../lib/gcc/arm-none-eabi/9.2.1/thumb/v6-m/nofp/crtbegin.o
 .eh_frame      0x00002ff4        0x4 c:/users/javie/appdata/local/arduino15/packages/adafruit/tools/arm-none-eabi-gcc/9-2019q4/bin/../lib/gcc/arm-none-eabi/9.2.1/thumb/v6-m/nofp/crtend.o

.glue_7         0x00002ff8        0x0
 .glue_7        0x00002ff8        0x0 linker stubs

.glue_7t        0x00002ff8        0x0
 .glue_7t       0x00002ff8        0x0 linker stubs

.vfp11_veneer   0x00002ff8        0x0
 .vfp11_veneer  0x00002ff8        0x0 linker stubs

.v4_bx          0x00002ff8        0x0
 .v4_bx         0x00002ff8        0x0 linker stubs

.iplt           0x00002ff8        0x0
 .iplt          0x00002ff8        0x0 c:/users/javie/appdata/local/arduino15/packages/adafruit/tools/arm-none-eabi-gcc/9-2019q4/bin/../lib/gcc/arm-none-eabi/9.2.1/thumb/v6-m/nofp/crtbegin.o

.ARM.extab
 *(.ARM.extab* .gnu.linkonce.armextab.*)
                0x00002ff8                __exidx_start = .

.ARM.exidx      0x00002ff8        0x8
 *(.ARM.exidx* .gnu.linkonce.armexidx.*)
 .ARM.exidx     0x00002ff8        0x8 c:/users/javie/appdata/local/arduino15/packages/adafruit/tools/arm-none-eabi-gcc/9-2019q4/bin/../lib/gcc/arm-none-eabi/9.2.1/thumb/v6-m/nofp\libgcc.a(_udivmoddi4.o)
                0x00003000                __exidx_end = .
                0x00003000                __etext = .

.rel.dyn        0x00003000        0x0
 .rel.iplt      0x00003000        0x0 c:/users/javie/appdata/local/arduino15/packages/adafruit/tools/arm-none-eabi-gcc/9-2019q4/bin/../lib/gcc/arm-none-eabi/9.2.1/thumb/v6-m/nofp/crtbegin.o

.data           0x20000000      0x190 load address 0x00003000
                0x20000000                __data_start__ = .
 *(vtable)
 *(.data*)
 .data.pwm      0x20000000        0xc C:\Users\javie\AppData\Local\Temp\arduino-sketch-CF2D8C493EE57480F3B2A09945D9FCFA\sketch\blink.ino.cpp.o
                0x20000000                pwm
 *fill*         0x2000000c        0x4 
 .data._ZL10timerTable
                0x20000010       0x78 C:\Users\javie\AppData\Local\Temp\arduino-sketch-CF2D8C493EE57480F3B2A09945D9FCFA\libraries\Arduino_SAMD21_turbo_PWM-master\SAMD21turboPWM.cpp.o
 .data.SystemCoreClock
                0x20000088        0x4 C:\Users\javie\AppData\Local\Temp\arduino-sketch-CF2D8C493EE57480F3B2A09945D9FCFA/..\arduino-core-cache\core_adafruit_samd_adafruit_feather_m0_04638c499635d2f6f962c4c8703bc7da.a(wiring.c.o)
                0x20000088                SystemCoreClock
 .data._ZL5ticks
                0x2000008c        0x4 C:\Users\javie\AppData\Local\Temp\arduino-sketch-CF2D8C493EE57480F3B2A09945D9FCFA/..\arduino-core-cache\core_adafruit_samd_adafruit_feather_m0_04638c499635d2f6f962c4c8703bc7da.a(Reset.cpp.o)
 .data.EndPoints
                0x20000090       0x28 C:\Users\javie\AppData\Local\Temp\arduino-sketch-CF2D8C493EE57480F3B2A09945D9FCFA/..\arduino-core-cache\core_adafruit_samd_adafruit_feather_m0_04638c499635d2f6f962c4c8703bc7da.a(USBCore.cpp.o)
                0x20000090                EndPoints
 .data._ZL10breakValue
                0x200000b8        0x4 C:\Users\javie\AppData\Local\Temp\arduino-sketch-CF2D8C493EE57480F3B2A09945D9FCFA/..\arduino-core-cache\core_adafruit_samd_adafruit_feather_m0_04638c499635d2f6f962c4c8703bc7da.a(CDC.cpp.o)
 .data._ZL12_usbLineInfo
                0x200000bc        0x8 C:\Users\javie\AppData\Local\Temp\arduino-sketch-CF2D8C493EE57480F3B2A09945D9FCFA/..\arduino-core-cache\core_adafruit_samd_adafruit_feather_m0_04638c499635d2f6f962c4c8703bc7da.a(CDC.cpp.o)
 .data._ZL13_cdcInterface
                0x200000c4       0x42 C:\Users\javie\AppData\Local\Temp\arduino-sketch-CF2D8C493EE57480F3B2A09945D9FCFA/..\arduino-core-cache\core_adafruit_samd_adafruit_feather_m0_04638c499635d2f6f962c4c8703bc7da.a(CDC.cpp.o)
 *fill*         0x20000106        0x2 
 .data._serialPeek
                0x20000108        0x4 C:\Users\javie\AppData\Local\Temp\arduino-sketch-CF2D8C493EE57480F3B2A09945D9FCFA/..\arduino-core-cache\core_adafruit_samd_adafruit_feather_m0_04638c499635d2f6f962c4c8703bc7da.a(CDC.cpp.o)
                0x20000108                _serialPeek
 .data._impure_ptr
                0x2000010c        0x4 c:/users/javie/appdata/local/arduino15/packages/adafruit/tools/arm-none-eabi-gcc/9-2019q4/bin/../lib/gcc/arm-none-eabi/9.2.1/../../../../arm-none-eabi/lib/thumb/v6-m/nofp\libc_nano.a(lib_a-impure.o)
                0x2000010c                _impure_ptr
 .data.impure_data
                0x20000110       0x60 c:/users/javie/appdata/local/arduino15/packages/adafruit/tools/arm-none-eabi-gcc/9-2019q4/bin/../lib/gcc/arm-none-eabi/9.2.1/../../../../arm-none-eabi/lib/thumb/v6-m/nofp\libc_nano.a(lib_a-impure.o)
                0x20000170                . = ALIGN (0x4)
                0x20000170                PROVIDE (__preinit_array_start = .)
 *(.preinit_array)
                0x20000170                PROVIDE (__preinit_array_end = .)
                0x20000170                . = ALIGN (0x4)
                0x20000170                PROVIDE (__init_array_start = .)
 *(SORT_BY_NAME(.init_array.*))
 *(.init_array)
 .init_array    0x20000170        0x4 c:/users/javie/appdata/local/arduino15/packages/adafruit/tools/arm-none-eabi-gcc/9-2019q4/bin/../lib/gcc/arm-none-eabi/9.2.1/thumb/v6-m/nofp/crtbegin.o
 .init_array    0x20000174        0x4 C:\Users\javie\AppData\Local\Temp\arduino-sketch-CF2D8C493EE57480F3B2A09945D9FCFA\core\variant.cpp.o
 .init_array    0x20000178        0x4 C:\Users\javie\AppData\Local\Temp\arduino-sketch-CF2D8C493EE57480F3B2A09945D9FCFA/..\arduino-core-cache\core_adafruit_samd_adafruit_feather_m0_04638c499635d2f6f962c4c8703bc7da.a(USBCore.cpp.o)
 .init_array    0x2000017c        0x4 C:\Users\javie\AppData\Local\Temp\arduino-sketch-CF2D8C493EE57480F3B2A09945D9FCFA/..\arduino-core-cache\core_adafruit_samd_adafruit_feather_m0_04638c499635d2f6f962c4c8703bc7da.a(CDC.cpp.o)
                0x20000180                PROVIDE (__init_array_end = .)
                0x20000180                . = ALIGN (0x4)
                [!provide]                PROVIDE (__fini_array_start = .)
 *(SORT_BY_NAME(.fini_array.*))
 *(.fini_array)
 .fini_array    0x20000180        0x4 c:/users/javie/appdata/local/arduino15/packages/adafruit/tools/arm-none-eabi-gcc/9-2019q4/bin/../lib/gcc/arm-none-eabi/9.2.1/thumb/v6-m/nofp/crtbegin.o
                [!provide]                PROVIDE (__fini_array_end = .)
 *(.jcr*)
                0x20000190                . = ALIGN (0x10)
 *fill*         0x20000184        0xc 
                0x20000190                __data_end__ = .

.igot.plt       0x20000190        0x0 load address 0x00003190
 .igot.plt      0x20000190        0x0 c:/users/javie/appdata/local/arduino15/packages/adafruit/tools/arm-none-eabi-gcc/9-2019q4/bin/../lib/gcc/arm-none-eabi/9.2.1/thumb/v6-m/nofp/crtbegin.o

.bss            0x20000190      0xc34 load address 0x00003190
                0x20000190                . = ALIGN (0x4)
                0x20000190                __bss_start__ = .
 *(.bss*)
 .bss           0x20000190       0x1c c:/users/javie/appdata/local/arduino15/packages/adafruit/tools/arm-none-eabi-gcc/9-2019q4/bin/../lib/gcc/arm-none-eabi/9.2.1/thumb/v6-m/nofp/crtbegin.o
 .bss.Serial1   0x200001ac      0x2fc C:\Users\javie\AppData\Local\Temp\arduino-sketch-CF2D8C493EE57480F3B2A09945D9FCFA\core\variant.cpp.o
                0x200001ac                Serial1
 .bss.Serial5   0x200004a8      0x2fc C:\Users\javie\AppData\Local\Temp\arduino-sketch-CF2D8C493EE57480F3B2A09945D9FCFA\core\variant.cpp.o
                0x200004a8                Serial5
 .bss.sercom0   0x200007a4        0x4 C:\Users\javie\AppData\Local\Temp\arduino-sketch-CF2D8C493EE57480F3B2A09945D9FCFA\core\variant.cpp.o
                0x200007a4                sercom0
 .bss.sercom1   0x200007a8        0x4 C:\Users\javie\AppData\Local\Temp\arduino-sketch-CF2D8C493EE57480F3B2A09945D9FCFA\core\variant.cpp.o
                0x200007a8                sercom1
 .bss.sercom2   0x200007ac        0x4 C:\Users\javie\AppData\Local\Temp\arduino-sketch-CF2D8C493EE57480F3B2A09945D9FCFA\core\variant.cpp.o
                0x200007ac                sercom2
 .bss.sercom3   0x200007b0        0x4 C:\Users\javie\AppData\Local\Temp\arduino-sketch-CF2D8C493EE57480F3B2A09945D9FCFA\core\variant.cpp.o
                0x200007b0                sercom3
 .bss.sercom4   0x200007b4        0x4 C:\Users\javie\AppData\Local\Temp\arduino-sketch-CF2D8C493EE57480F3B2A09945D9FCFA\core\variant.cpp.o
                0x200007b4                sercom4
 .bss.sercom5   0x200007b8        0x4 C:\Users\javie\AppData\Local\Temp\arduino-sketch-CF2D8C493EE57480F3B2A09945D9FCFA\core\variant.cpp.o
                0x200007b8                sercom5
 .bss.usb_isr   0x200007bc        0x4 C:\Users\javie\AppData\Local\Temp\arduino-sketch-CF2D8C493EE57480F3B2A09945D9FCFA/..\arduino-core-cache\core_adafruit_samd_adafruit_feather_m0_04638c499635d2f6f962c4c8703bc7da.a(cortex_handlers.c.o)
 .bss._ulTickCount
                0x200007c0        0x4 C:\Users\javie\AppData\Local\Temp\arduino-sketch-CF2D8C493EE57480F3B2A09945D9FCFA/..\arduino-core-cache\core_adafruit_samd_adafruit_feather_m0_04638c499635d2f6f962c4c8703bc7da.a(delay.c.o)
 .bss.USBDevice
                0x200007c4        0x1 C:\Users\javie\AppData\Local\Temp\arduino-sketch-CF2D8C493EE57480F3B2A09945D9FCFA/..\arduino-core-cache\core_adafruit_samd_adafruit_feather_m0_04638c499635d2f6f962c4c8703bc7da.a(USBCore.cpp.o)
                0x200007c4                USBDevice
 *fill*         0x200007c5        0x3 
 .bss._ZL10epHandlers
                0x200007c8       0x1c C:\Users\javie\AppData\Local\Temp\arduino-sketch-CF2D8C493EE57480F3B2A09945D9FCFA/..\arduino-core-cache\core_adafruit_samd_adafruit_feather_m0_04638c499635d2f6f962c4c8703bc7da.a(USBCore.cpp.o)
 .bss._ZL10rxLEDPulse
                0x200007e4        0x1 C:\Users\javie\AppData\Local\Temp\arduino-sketch-CF2D8C493EE57480F3B2A09945D9FCFA/..\arduino-core-cache\core_adafruit_samd_adafruit_feather_m0_04638c499635d2f6f962c4c8703bc7da.a(USBCore.cpp.o)
 .bss._ZL10txLEDPulse
                0x200007e5        0x1 C:\Users\javie\AppData\Local\Temp\arduino-sketch-CF2D8C493EE57480F3B2A09945D9FCFA/..\arduino-core-cache\core_adafruit_samd_adafruit_feather_m0_04638c499635d2f6f962c4c8703bc7da.a(USBCore.cpp.o)
 .bss._ZL14isEndpointHalt
                0x200007e6        0x1 C:\Users\javie\AppData\Local\Temp\arduino-sketch-CF2D8C493EE57480F3B2A09945D9FCFA/..\arduino-core-cache\core_adafruit_samd_adafruit_feather_m0_04638c499635d2f6f962c4c8703bc7da.a(USBCore.cpp.o)
 .bss._ZL20LastTransmitTimedOut
                0x200007e7        0x7 C:\Users\javie\AppData\Local\Temp\arduino-sketch-CF2D8C493EE57480F3B2A09945D9FCFA/..\arduino-core-cache\core_adafruit_samd_adafruit_feather_m0_04638c499635d2f6f962c4c8703bc7da.a(USBCore.cpp.o)
 .bss._ZL21isRemoteWakeUpEnabled
                0x200007ee        0x1 C:\Users\javie\AppData\Local\Temp\arduino-sketch-CF2D8C493EE57480F3B2A09945D9FCFA/..\arduino-core-cache\core_adafruit_samd_adafruit_feather_m0_04638c499635d2f6f962c4c8703bc7da.a(USBCore.cpp.o)
 *fill*         0x200007ef        0x1 
 .bss._ZL22udd_ep_in_cache_buffer
                0x200007f0      0x1c0 C:\Users\javie\AppData\Local\Temp\arduino-sketch-CF2D8C493EE57480F3B2A09945D9FCFA/..\arduino-core-cache\core_adafruit_samd_adafruit_feather_m0_04638c499635d2f6f962c4c8703bc7da.a(USBCore.cpp.o)
 .bss._ZL23udd_ep_out_cache_buffer
                0x200009b0      0x1c0 C:\Users\javie\AppData\Local\Temp\arduino-sketch-CF2D8C493EE57480F3B2A09945D9FCFA/..\arduino-core-cache\core_adafruit_samd_adafruit_feather_m0_04638c499635d2f6f962c4c8703bc7da.a(USBCore.cpp.o)
 .bss._dry_run  0x20000b70        0x1 C:\Users\javie\AppData\Local\Temp\arduino-sketch-CF2D8C493EE57480F3B2A09945D9FCFA/..\arduino-core-cache\core_adafruit_samd_adafruit_feather_m0_04638c499635d2f6f962c4c8703bc7da.a(USBCore.cpp.o)
                0x20000b70                _dry_run
 .bss._pack_buffer
                0x20000b71      0x100 C:\Users\javie\AppData\Local\Temp\arduino-sketch-CF2D8C493EE57480F3B2A09945D9FCFA/..\arduino-core-cache\core_adafruit_samd_adafruit_feather_m0_04638c499635d2f6f962c4c8703bc7da.a(USBCore.cpp.o)
                0x20000b71                _pack_buffer
 .bss._pack_message
                0x20000c71        0x1 C:\Users\javie\AppData\Local\Temp\arduino-sketch-CF2D8C493EE57480F3B2A09945D9FCFA/..\arduino-core-cache\core_adafruit_samd_adafruit_feather_m0_04638c499635d2f6f962c4c8703bc7da.a(USBCore.cpp.o)
                0x20000c71                _pack_message
 .bss._pack_size
                0x20000c72        0x2 C:\Users\javie\AppData\Local\Temp\arduino-sketch-CF2D8C493EE57480F3B2A09945D9FCFA/..\arduino-core-cache\core_adafruit_samd_adafruit_feather_m0_04638c499635d2f6f962c4c8703bc7da.a(USBCore.cpp.o)
                0x20000c72                _pack_size
 .bss._usbConfiguration
                0x20000c74        0x4 C:\Users\javie\AppData\Local\Temp\arduino-sketch-CF2D8C493EE57480F3B2A09945D9FCFA/..\arduino-core-cache\core_adafruit_samd_adafruit_feather_m0_04638c499635d2f6f962c4c8703bc7da.a(USBCore.cpp.o)
                0x20000c74                _usbConfiguration
 .bss._usbSetInterface
                0x20000c78        0x4 C:\Users\javie\AppData\Local\Temp\arduino-sketch-CF2D8C493EE57480F3B2A09945D9FCFA/..\arduino-core-cache\core_adafruit_samd_adafruit_feather_m0_04638c499635d2f6f962c4c8703bc7da.a(USBCore.cpp.o)
                0x20000c78                _usbSetInterface
 .bss.usbd      0x20000c7c      0x104 C:\Users\javie\AppData\Local\Temp\arduino-sketch-CF2D8C493EE57480F3B2A09945D9FCFA/..\arduino-core-cache\core_adafruit_samd_adafruit_feather_m0_04638c499635d2f6f962c4c8703bc7da.a(USBCore.cpp.o)
                0x20000c7c                usbd
 .bss.Serial    0x20000d80       0x1c C:\Users\javie\AppData\Local\Temp\arduino-sketch-CF2D8C493EE57480F3B2A09945D9FCFA/..\arduino-core-cache\core_adafruit_samd_adafruit_feather_m0_04638c499635d2f6f962c4c8703bc7da.a(CDC.cpp.o)
                0x20000d80                Serial
 .bss._ZGVZ12PluggableUSBvE3obj
                0x20000d9c        0x4 C:\Users\javie\AppData\Local\Temp\arduino-sketch-CF2D8C493EE57480F3B2A09945D9FCFA/..\arduino-core-cache\core_adafruit_samd_adafruit_feather_m0_04638c499635d2f6f962c4c8703bc7da.a(PluggableUSB.cpp.o)
 .bss._ZZ12PluggableUSBvE3obj
                0x20000da0        0x8 C:\Users\javie\AppData\Local\Temp\arduino-sketch-CF2D8C493EE57480F3B2A09945D9FCFA/..\arduino-core-cache\core_adafruit_samd_adafruit_feather_m0_04638c499635d2f6f962c4c8703bc7da.a(PluggableUSB.cpp.o)
 .bss.__malloc_free_list
                0x20000da8        0x4 c:/users/javie/appdata/local/arduino15/packages/adafruit/tools/arm-none-eabi-gcc/9-2019q4/bin/../lib/gcc/arm-none-eabi/9.2.1/../../../../arm-none-eabi/lib/thumb/v6-m/nofp\libc_nano.a(lib_a-nano-mallocr.o)
                0x20000da8                __malloc_free_list
 .bss.__malloc_sbrk_start
                0x20000dac        0x4 c:/users/javie/appdata/local/arduino15/packages/adafruit/tools/arm-none-eabi-gcc/9-2019q4/bin/../lib/gcc/arm-none-eabi/9.2.1/../../../../arm-none-eabi/lib/thumb/v6-m/nofp\libc_nano.a(lib_a-nano-mallocr.o)
                0x20000dac                __malloc_sbrk_start
 .bss.heap_end.4144
                0x20000db0        0x4 c:/users/javie/appdata/local/arduino15/packages/adafruit/tools/arm-none-eabi-gcc/9-2019q4/bin/../lib/gcc/arm-none-eabi/9.2.1/../../../../arm-none-eabi/lib/thumb/v6-m/nofp\libnosys.a(sbrk.o)
 *(COMMON)
 COMMON         0x20000db4        0x4 c:/users/javie/appdata/local/arduino15/packages/adafruit/tools/arm-none-eabi-gcc/9-2019q4/bin/../lib/gcc/arm-none-eabi/9.2.1/../../../../arm-none-eabi/lib/thumb/v6-m/nofp\libc_nano.a(lib_a-reent.o)
                0x20000db4                errno
 COMMON         0x20000db8        0x9 c:/users/javie/appdata/local/arduino15/packages/adafruit/tools/arm-none-eabi-gcc/9-2019q4/bin/../lib/gcc/arm-none-eabi/9.2.1/../../../../arm-none-eabi/lib/thumb/v6-m/nofp\libc_nano.a(lib_a-lock.o)
                0x20000db8                __lock___atexit_recursive_mutex
                0x20000db9                __lock___arc4random_mutex
                0x20000dba                __lock___env_recursive_mutex
                0x20000dbb                __lock___sinit_recursive_mutex
                0x20000dbc                __lock___malloc_recursive_mutex
                0x20000dbd                __lock___at_quick_exit_mutex
                0x20000dbe                __lock___dd_hash_mutex
                0x20000dbf                __lock___tz_mutex
                0x20000dc0                __lock___sfp_recursive_mutex
                0x20000dc4                . = ALIGN (0x4)
 *fill*         0x20000dc1        0x3 
                0x20000dc4                __bss_end__ = .

.heap           0x20000dc4        0x0
                0x20000dc4                __end__ = .
                0x20000dc4                PROVIDE (end = .)
 *(.heap*)
                0x20000dc4                __HeapLimit = .

.stack_dummy    0x20000dc4        0x0
 *(.stack*)
                0x20008000                __StackTop = (ORIGIN (RAM) + LENGTH (RAM))
                0x20008000                __StackLimit = (__StackTop - SIZEOF (.stack_dummy))
                0x20008000                PROVIDE (__stack = __StackTop)
                0x20007fff                __ram_end__ = ((ORIGIN (RAM) + LENGTH (RAM)) - 0x1)
                0x00000001                ASSERT ((__StackLimit >= __HeapLimit), region RAM overflowed with stack)
OUTPUT(C:\Users\javie\AppData\Local\Temp\arduino-sketch-CF2D8C493EE57480F3B2A09945D9FCFA/blink.ino.elf elf32-littlearm)

.ARM.attributes
                0x00000000       0x28
 .ARM.attributes
                0x00000000       0x1e c:/users/javie/appdata/local/arduino15/packages/adafruit/tools/arm-none-eabi-gcc/9-2019q4/bin/../lib/gcc/arm-none-eabi/9.2.1/thumb/v6-m/nofp/crti.o
 .ARM.attributes
                0x0000001e       0x2c c:/users/javie/appdata/local/arduino15/packages/adafruit/tools/arm-none-eabi-gcc/9-2019q4/bin/../lib/gcc/arm-none-eabi/9.2.1/thumb/v6-m/nofp/crtbegin.o
 .ARM.attributes
                0x0000004a       0x2c C:\Users\javie\AppData\Local\Temp\arduino-sketch-CF2D8C493EE57480F3B2A09945D9FCFA\sketch\blink.ino.cpp.o
 .ARM.attributes
                0x00000076       0x2c C:\Users\javie\AppData\Local\Temp\arduino-sketch-CF2D8C493EE57480F3B2A09945D9FCFA\libraries\Arduino_SAMD21_turbo_PWM-master\SAMD21turboPWM.cpp.o
 .ARM.attributes
                0x000000a2       0x2c C:\Users\javie\AppData\Local\Temp\arduino-sketch-CF2D8C493EE57480F3B2A09945D9FCFA\core\variant.cpp.o
 .ARM.attributes
                0x000000ce       0x2c C:\Users\javie\AppData\Local\Temp\arduino-sketch-CF2D8C493EE57480F3B2A09945D9FCFA/..\arduino-core-cache\core_adafruit_samd_adafruit_feather_m0_04638c499635d2f6f962c4c8703bc7da.a(SERCOM.cpp.o)
 .ARM.attributes
                0x000000fa       0x2c C:\Users\javie\AppData\Local\Temp\arduino-sketch-CF2D8C493EE57480F3B2A09945D9FCFA/..\arduino-core-cache\core_adafruit_samd_adafruit_feather_m0_04638c499635d2f6f962c4c8703bc7da.a(Uart.cpp.o)
 .ARM.attributes
                0x00000126       0x2c C:\Users\javie\AppData\Local\Temp\arduino-sketch-CF2D8C493EE57480F3B2A09945D9FCFA/..\arduino-core-cache\core_adafruit_samd_adafruit_feather_m0_04638c499635d2f6f962c4c8703bc7da.a(cortex_handlers.c.o)
 .ARM.attributes
                0x00000152       0x2c C:\Users\javie\AppData\Local\Temp\arduino-sketch-CF2D8C493EE57480F3B2A09945D9FCFA/..\arduino-core-cache\core_adafruit_samd_adafruit_feather_m0_04638c499635d2f6f962c4c8703bc7da.a(delay.c.o)
 .ARM.attributes
                0x0000017e       0x2c C:\Users\javie\AppData\Local\Temp\arduino-sketch-CF2D8C493EE57480F3B2A09945D9FCFA/..\arduino-core-cache\core_adafruit_samd_adafruit_feather_m0_04638c499635d2f6f962c4c8703bc7da.a(hooks.c.o)
 .ARM.attributes
                0x000001aa       0x2c C:\Users\javie\AppData\Local\Temp\arduino-sketch-CF2D8C493EE57480F3B2A09945D9FCFA/..\arduino-core-cache\core_adafruit_samd_adafruit_feather_m0_04638c499635d2f6f962c4c8703bc7da.a(main.cpp.o)
 .ARM.attributes
                0x000001d6       0x2c C:\Users\javie\AppData\Local\Temp\arduino-sketch-CF2D8C493EE57480F3B2A09945D9FCFA/..\arduino-core-cache\core_adafruit_samd_adafruit_feather_m0_04638c499635d2f6f962c4c8703bc7da.a(startup.c.o)
 .ARM.attributes
                0x00000202       0x2c C:\Users\javie\AppData\Local\Temp\arduino-sketch-CF2D8C493EE57480F3B2A09945D9FCFA/..\arduino-core-cache\core_adafruit_samd_adafruit_feather_m0_04638c499635d2f6f962c4c8703bc7da.a(wiring.c.o)
 .ARM.attributes
                0x0000022e       0x2c C:\Users\javie\AppData\Local\Temp\arduino-sketch-CF2D8C493EE57480F3B2A09945D9FCFA/..\arduino-core-cache\core_adafruit_samd_adafruit_feather_m0_04638c499635d2f6f962c4c8703bc7da.a(wiring_analog.c.o)
 .ARM.attributes
                0x0000025a       0x2c C:\Users\javie\AppData\Local\Temp\arduino-sketch-CF2D8C493EE57480F3B2A09945D9FCFA/..\arduino-core-cache\core_adafruit_samd_adafruit_feather_m0_04638c499635d2f6f962c4c8703bc7da.a(wiring_digital.c.o)
 .ARM.attributes
                0x00000286       0x2c C:\Users\javie\AppData\Local\Temp\arduino-sketch-CF2D8C493EE57480F3B2A09945D9FCFA/..\arduino-core-cache\core_adafruit_samd_adafruit_feather_m0_04638c499635d2f6f962c4c8703bc7da.a(wiring_private.c.o)
 .ARM.attributes
                0x000002b2       0x2c C:\Users\javie\AppData\Local\Temp\arduino-sketch-CF2D8C493EE57480F3B2A09945D9FCFA/..\arduino-core-cache\core_adafruit_samd_adafruit_feather_m0_04638c499635d2f6f962c4c8703bc7da.a(Print.cpp.o)
 .ARM.attributes
                0x000002de       0x2c C:\Users\javie\AppData\Local\Temp\arduino-sketch-CF2D8C493EE57480F3B2A09945D9FCFA/..\arduino-core-cache\core_adafruit_samd_adafruit_feather_m0_04638c499635d2f6f962c4c8703bc7da.a(Reset.cpp.o)
 .ARM.attributes
                0x0000030a       0x2c C:\Users\javie\AppData\Local\Temp\arduino-sketch-CF2D8C493EE57480F3B2A09945D9FCFA/..\arduino-core-cache\core_adafruit_samd_adafruit_feather_m0_04638c499635d2f6f962c4c8703bc7da.a(USBCore.cpp.o)
 .ARM.attributes
                0x00000336       0x2c C:\Users\javie\AppData\Local\Temp\arduino-sketch-CF2D8C493EE57480F3B2A09945D9FCFA/..\arduino-core-cache\core_adafruit_samd_adafruit_feather_m0_04638c499635d2f6f962c4c8703bc7da.a(new.cpp.o)
 .ARM.attributes
                0x00000362       0x2c C:\Users\javie\AppData\Local\Temp\arduino-sketch-CF2D8C493EE57480F3B2A09945D9FCFA/..\arduino-core-cache\core_adafruit_samd_adafruit_feather_m0_04638c499635d2f6f962c4c8703bc7da.a(CDC.cpp.o)
 .ARM.attributes
                0x0000038e       0x2c C:\Users\javie\AppData\Local\Temp\arduino-sketch-CF2D8C493EE57480F3B2A09945D9FCFA/..\arduino-core-cache\core_adafruit_samd_adafruit_feather_m0_04638c499635d2f6f962c4c8703bc7da.a(PluggableUSB.cpp.o)
 .ARM.attributes
                0x000003ba       0x2c C:\Users\javie\AppData\Local\Temp\arduino-sketch-CF2D8C493EE57480F3B2A09945D9FCFA/..\arduino-core-cache\core_adafruit_samd_adafruit_feather_m0_04638c499635d2f6f962c4c8703bc7da.a(SAMD21_USBDevice.cpp.o)
 .ARM.attributes
                0x000003e6       0x1e c:/users/javie/appdata/local/arduino15/packages/adafruit/tools/arm-none-eabi-gcc/9-2019q4/bin/../lib/gcc/arm-none-eabi/9.2.1/thumb/v6-m/nofp\libgcc.a(_thumb1_case_uqi.o)
 .ARM.attributes
                0x00000404       0x1e c:/users/javie/appdata/local/arduino15/packages/adafruit/tools/arm-none-eabi-gcc/9-2019q4/bin/../lib/gcc/arm-none-eabi/9.2.1/thumb/v6-m/nofp\libgcc.a(_udivsi3.o)
 .ARM.attributes
                0x00000422       0x1e c:/users/javie/appdata/local/arduino15/packages/adafruit/tools/arm-none-eabi-gcc/9-2019q4/bin/../lib/gcc/arm-none-eabi/9.2.1/thumb/v6-m/nofp\libgcc.a(_dvmd_tls.o)
 .ARM.attributes
                0x00000440       0x1e c:/users/javie/appdata/local/arduino15/packages/adafruit/tools/arm-none-eabi-gcc/9-2019q4/bin/../lib/gcc/arm-none-eabi/9.2.1/thumb/v6-m/nofp\libgcc.a(_aeabi_uldivmod.o)
 .ARM.attributes
                0x0000045e       0x2c c:/users/javie/appdata/local/arduino15/packages/adafruit/tools/arm-none-eabi-gcc/9-2019q4/bin/../lib/gcc/arm-none-eabi/9.2.1/thumb/v6-m/nofp\libgcc.a(_muldi3.o)
 .ARM.attributes
                0x0000048a       0x2c c:/users/javie/appdata/local/arduino15/packages/adafruit/tools/arm-none-eabi-gcc/9-2019q4/bin/../lib/gcc/arm-none-eabi/9.2.1/thumb/v6-m/nofp\libgcc.a(_udivmoddi4.o)
 .ARM.attributes
                0x000004b6       0x1e c:/users/javie/appdata/local/arduino15/packages/adafruit/tools/arm-none-eabi-gcc/9-2019q4/bin/../lib/gcc/arm-none-eabi/9.2.1/thumb/v6-m/nofp\libgcc.a(_clzsi2.o)
 .ARM.attributes
                0x000004d4       0x1e c:/users/javie/appdata/local/arduino15/packages/adafruit/tools/arm-none-eabi-gcc/9-2019q4/bin/../lib/gcc/arm-none-eabi/9.2.1/thumb/v6-m/nofp\libgcc.a(_clzdi2.o)
 .ARM.attributes
                0x000004f2       0x2c c:/users/javie/appdata/local/arduino15/packages/adafruit/tools/arm-none-eabi-gcc/9-2019q4/bin/../lib/gcc/arm-none-eabi/9.2.1/../../../../arm-none-eabi/lib/thumb/v6-m/nofp\libc_nano.a(lib_a-impure.o)
 .ARM.attributes
                0x0000051e       0x2c c:/users/javie/appdata/local/arduino15/packages/adafruit/tools/arm-none-eabi-gcc/9-2019q4/bin/../lib/gcc/arm-none-eabi/9.2.1/../../../../arm-none-eabi/lib/thumb/v6-m/nofp\libc_nano.a(lib_a-init.o)
 .ARM.attributes
                0x0000054a       0x2c c:/users/javie/appdata/local/arduino15/packages/adafruit/tools/arm-none-eabi-gcc/9-2019q4/bin/../lib/gcc/arm-none-eabi/9.2.1/../../../../arm-none-eabi/lib/thumb/v6-m/nofp\libc_nano.a(lib_a-malloc.o)
 .ARM.attributes
                0x00000576       0x2c c:/users/javie/appdata/local/arduino15/packages/adafruit/tools/arm-none-eabi-gcc/9-2019q4/bin/../lib/gcc/arm-none-eabi/9.2.1/../../../../arm-none-eabi/lib/thumb/v6-m/nofp\libc_nano.a(lib_a-memcpy-stub.o)
 .ARM.attributes
                0x000005a2       0x2c c:/users/javie/appdata/local/arduino15/packages/adafruit/tools/arm-none-eabi-gcc/9-2019q4/bin/../lib/gcc/arm-none-eabi/9.2.1/../../../../arm-none-eabi/lib/thumb/v6-m/nofp\libc_nano.a(lib_a-memset.o)
 .ARM.attributes
                0x000005ce       0x2c c:/users/javie/appdata/local/arduino15/packages/adafruit/tools/arm-none-eabi-gcc/9-2019q4/bin/../lib/gcc/arm-none-eabi/9.2.1/../../../../arm-none-eabi/lib/thumb/v6-m/nofp\libc_nano.a(lib_a-nano-freer.o)
 .ARM.attributes
                0x000005fa       0x2c c:/users/javie/appdata/local/arduino15/packages/adafruit/tools/arm-none-eabi-gcc/9-2019q4/bin/../lib/gcc/arm-none-eabi/9.2.1/../../../../arm-none-eabi/lib/thumb/v6-m/nofp\libc_nano.a(lib_a-nano-mallocr.o)
 .ARM.attributes
                0x00000626       0x2c c:/users/javie/appdata/local/arduino15/packages/adafruit/tools/arm-none-eabi-gcc/9-2019q4/bin/../lib/gcc/arm-none-eabi/9.2.1/../../../../arm-none-eabi/lib/thumb/v6-m/nofp\libc_nano.a(lib_a-sbrkr.o)
 .ARM.attributes
                0x00000652       0x1c c:/users/javie/appdata/local/arduino15/packages/adafruit/tools/arm-none-eabi-gcc/9-2019q4/bin/../lib/gcc/arm-none-eabi/9.2.1/../../../../arm-none-eabi/lib/thumb/v6-m/nofp\libc_nano.a(lib_a-strlen.o)
 .ARM.attributes
                0x0000066e       0x2c c:/users/javie/appdata/local/arduino15/packages/adafruit/tools/arm-none-eabi-gcc/9-2019q4/bin/../lib/gcc/arm-none-eabi/9.2.1/../../../../arm-none-eabi/lib/thumb/v6-m/nofp\libc_nano.a(lib_a-mlock.o)
 .ARM.attributes
                0x0000069a       0x2c c:/users/javie/appdata/local/arduino15/packages/adafruit/tools/arm-none-eabi-gcc/9-2019q4/bin/../lib/gcc/arm-none-eabi/9.2.1/../../../../arm-none-eabi/lib/thumb/v6-m/nofp\libc_nano.a(lib_a-reent.o)
 .ARM.attributes
                0x000006c6       0x2c c:/users/javie/appdata/local/arduino15/packages/adafruit/tools/arm-none-eabi-gcc/9-2019q4/bin/../lib/gcc/arm-none-eabi/9.2.1/../../../../arm-none-eabi/lib/thumb/v6-m/nofp\libc_nano.a(lib_a-lock.o)
 .ARM.attributes
                0x000006f2       0x2c c:/users/javie/appdata/local/arduino15/packages/adafruit/tools/arm-none-eabi-gcc/9-2019q4/bin/../lib/gcc/arm-none-eabi/9.2.1/../../../../arm-none-eabi/lib/thumb/v6-m/nofp\libnosys.a(sbrk.o)
 .ARM.attributes
                0x0000071e       0x2c c:/users/javie/appdata/local/arduino15/packages/adafruit/tools/arm-none-eabi-gcc/9-2019q4/bin/../lib/gcc/arm-none-eabi/9.2.1/thumb/v6-m/nofp/crtend.o
 .ARM.attributes
                0x0000074a       0x1e c:/users/javie/appdata/local/arduino15/packages/adafruit/tools/arm-none-eabi-gcc/9-2019q4/bin/../lib/gcc/arm-none-eabi/9.2.1/thumb/v6-m/nofp/crtn.o

.comment        0x00000000       0x79
 .comment       0x00000000       0x79 C:\Users\javie\AppData\Local\Temp\arduino-sketch-CF2D8C493EE57480F3B2A09945D9FCFA\sketch\blink.ino.cpp.o
                                 0x7a (size before relaxing)
 .comment       0x00000079       0x7a C:\Users\javie\AppData\Local\Temp\arduino-sketch-CF2D8C493EE57480F3B2A09945D9FCFA\libraries\Arduino_SAMD21_turbo_PWM-master\SAMD21turboPWM.cpp.o
 .comment       0x00000079       0x7a C:\Users\javie\AppData\Local\Temp\arduino-sketch-CF2D8C493EE57480F3B2A09945D9FCFA\core\variant.cpp.o
 .comment       0x00000079       0x7a C:\Users\javie\AppData\Local\Temp\arduino-sketch-CF2D8C493EE57480F3B2A09945D9FCFA/..\arduino-core-cache\core_adafruit_samd_adafruit_feather_m0_04638c499635d2f6f962c4c8703bc7da.a(SERCOM.cpp.o)
 .comment       0x00000079       0x7a C:\Users\javie\AppData\Local\Temp\arduino-sketch-CF2D8C493EE57480F3B2A09945D9FCFA/..\arduino-core-cache\core_adafruit_samd_adafruit_feather_m0_04638c499635d2f6f962c4c8703bc7da.a(Uart.cpp.o)
 .comment       0x00000079       0x7a C:\Users\javie\AppData\Local\Temp\arduino-sketch-CF2D8C493EE57480F3B2A09945D9FCFA/..\arduino-core-cache\core_adafruit_samd_adafruit_feather_m0_04638c499635d2f6f962c4c8703bc7da.a(cortex_handlers.c.o)
 .comment       0x00000079       0x7a C:\Users\javie\AppData\Local\Temp\arduino-sketch-CF2D8C493EE57480F3B2A09945D9FCFA/..\arduino-core-cache\core_adafruit_samd_adafruit_feather_m0_04638c499635d2f6f962c4c8703bc7da.a(delay.c.o)
 .comment       0x00000079       0x7a C:\Users\javie\AppData\Local\Temp\arduino-sketch-CF2D8C493EE57480F3B2A09945D9FCFA/..\arduino-core-cache\core_adafruit_samd_adafruit_feather_m0_04638c499635d2f6f962c4c8703bc7da.a(hooks.c.o)
 .comment       0x00000079       0x7a C:\Users\javie\AppData\Local\Temp\arduino-sketch-CF2D8C493EE57480F3B2A09945D9FCFA/..\arduino-core-cache\core_adafruit_samd_adafruit_feather_m0_04638c499635d2f6f962c4c8703bc7da.a(main.cpp.o)
 .comment       0x00000079       0x7a C:\Users\javie\AppData\Local\Temp\arduino-sketch-CF2D8C493EE57480F3B2A09945D9FCFA/..\arduino-core-cache\core_adafruit_samd_adafruit_feather_m0_04638c499635d2f6f962c4c8703bc7da.a(startup.c.o)
 .comment       0x00000079       0x7a C:\Users\javie\AppData\Local\Temp\arduino-sketch-CF2D8C493EE57480F3B2A09945D9FCFA/..\arduino-core-cache\core_adafruit_samd_adafruit_feather_m0_04638c499635d2f6f962c4c8703bc7da.a(wiring.c.o)
 .comment       0x00000079       0x7a C:\Users\javie\AppData\Local\Temp\arduino-sketch-CF2D8C493EE57480F3B2A09945D9FCFA/..\arduino-core-cache\core_adafruit_samd_adafruit_feather_m0_04638c499635d2f6f962c4c8703bc7da.a(wiring_analog.c.o)
 .comment       0x00000079       0x7a C:\Users\javie\AppData\Local\Temp\arduino-sketch-CF2D8C493EE57480F3B2A09945D9FCFA/..\arduino-core-cache\core_adafruit_samd_adafruit_feather_m0_04638c499635d2f6f962c4c8703bc7da.a(wiring_digital.c.o)
 .comment       0x00000079       0x7a C:\Users\javie\AppData\Local\Temp\arduino-sketch-CF2D8C493EE57480F3B2A09945D9FCFA/..\arduino-core-cache\core_adafruit_samd_adafruit_feather_m0_04638c499635d2f6f962c4c8703bc7da.a(wiring_private.c.o)
 .comment       0x00000079       0x7a C:\Users\javie\AppData\Local\Temp\arduino-sketch-CF2D8C493EE57480F3B2A09945D9FCFA/..\arduino-core-cache\core_adafruit_samd_adafruit_feather_m0_04638c499635d2f6f962c4c8703bc7da.a(Print.cpp.o)
 .comment       0x00000079       0x7a C:\Users\javie\AppData\Local\Temp\arduino-sketch-CF2D8C493EE57480F3B2A09945D9FCFA/..\arduino-core-cache\core_adafruit_samd_adafruit_feather_m0_04638c499635d2f6f962c4c8703bc7da.a(Reset.cpp.o)
 .comment       0x00000079       0x7a C:\Users\javie\AppData\Local\Temp\arduino-sketch-CF2D8C493EE57480F3B2A09945D9FCFA/..\arduino-core-cache\core_adafruit_samd_adafruit_feather_m0_04638c499635d2f6f962c4c8703bc7da.a(USBCore.cpp.o)
 .comment       0x00000079       0x7a C:\Users\javie\AppData\Local\Temp\arduino-sketch-CF2D8C493EE57480F3B2A09945D9FCFA/..\arduino-core-cache\core_adafruit_samd_adafruit_feather_m0_04638c499635d2f6f962c4c8703bc7da.a(new.cpp.o)
 .comment       0x00000079       0x7a C:\Users\javie\AppData\Local\Temp\arduino-sketch-CF2D8C493EE57480F3B2A09945D9FCFA/..\arduino-core-cache\core_adafruit_samd_adafruit_feather_m0_04638c499635d2f6f962c4c8703bc7da.a(CDC.cpp.o)
 .comment       0x00000079       0x7a C:\Users\javie\AppData\Local\Temp\arduino-sketch-CF2D8C493EE57480F3B2A09945D9FCFA/..\arduino-core-cache\core_adafruit_samd_adafruit_feather_m0_04638c499635d2f6f962c4c8703bc7da.a(PluggableUSB.cpp.o)
 .comment       0x00000079       0x7a C:\Users\javie\AppData\Local\Temp\arduino-sketch-CF2D8C493EE57480F3B2A09945D9FCFA/..\arduino-core-cache\core_adafruit_samd_adafruit_feather_m0_04638c499635d2f6f962c4c8703bc7da.a(SAMD21_USBDevice.cpp.o)

.debug_info     0x00000000    0x7bf24
 .debug_info    0x00000000     0x8b1b C:\Users\javie\AppData\Local\Temp\arduino-sketch-CF2D8C493EE57480F3B2A09945D9FCFA\sketch\blink.ino.cpp.o
 .debug_info    0x00008b1b     0xa45b C:\Users\javie\AppData\Local\Temp\arduino-sketch-CF2D8C493EE57480F3B2A09945D9FCFA\libraries\Arduino_SAMD21_turbo_PWM-master\SAMD21turboPWM.cpp.o
 .debug_info    0x00012f76     0x6cf9 C:\Users\javie\AppData\Local\Temp\arduino-sketch-CF2D8C493EE57480F3B2A09945D9FCFA\core\variant.cpp.o
 .debug_info    0x00019c6f     0x8091 C:\Users\javie\AppData\Local\Temp\arduino-sketch-CF2D8C493EE57480F3B2A09945D9FCFA/..\arduino-core-cache\core_adafruit_samd_adafruit_feather_m0_04638c499635d2f6f962c4c8703bc7da.a(SERCOM.cpp.o)
 .debug_info    0x00021d00     0x9cb6 C:\Users\javie\AppData\Local\Temp\arduino-sketch-CF2D8C493EE57480F3B2A09945D9FCFA/..\arduino-core-cache\core_adafruit_samd_adafruit_feather_m0_04638c499635d2f6f962c4c8703bc7da.a(Uart.cpp.o)
 .debug_info    0x0002b9b6     0x121b C:\Users\javie\AppData\Local\Temp\arduino-sketch-CF2D8C493EE57480F3B2A09945D9FCFA/..\arduino-core-cache\core_adafruit_samd_adafruit_feather_m0_04638c499635d2f6f962c4c8703bc7da.a(cortex_handlers.c.o)
 .debug_info    0x0002cbd1     0x14c5 C:\Users\javie\AppData\Local\Temp\arduino-sketch-CF2D8C493EE57480F3B2A09945D9FCFA/..\arduino-core-cache\core_adafruit_samd_adafruit_feather_m0_04638c499635d2f6f962c4c8703bc7da.a(delay.c.o)
 .debug_info    0x0002e096       0x67 C:\Users\javie\AppData\Local\Temp\arduino-sketch-CF2D8C493EE57480F3B2A09945D9FCFA/..\arduino-core-cache\core_adafruit_samd_adafruit_feather_m0_04638c499635d2f6f962c4c8703bc7da.a(hooks.c.o)
 .debug_info    0x0002e0fd     0x68d4 C:\Users\javie\AppData\Local\Temp\arduino-sketch-CF2D8C493EE57480F3B2A09945D9FCFA/..\arduino-core-cache\core_adafruit_samd_adafruit_feather_m0_04638c499635d2f6f962c4c8703bc7da.a(main.cpp.o)
 .debug_info    0x000349d1     0x3863 C:\Users\javie\AppData\Local\Temp\arduino-sketch-CF2D8C493EE57480F3B2A09945D9FCFA/..\arduino-core-cache\core_adafruit_samd_adafruit_feather_m0_04638c499635d2f6f962c4c8703bc7da.a(startup.c.o)
 .debug_info    0x00038234     0x307e C:\Users\javie\AppData\Local\Temp\arduino-sketch-CF2D8C493EE57480F3B2A09945D9FCFA/..\arduino-core-cache\core_adafruit_samd_adafruit_feather_m0_04638c499635d2f6f962c4c8703bc7da.a(wiring.c.o)
 .debug_info    0x0003b2b2     0x5505 C:\Users\javie\AppData\Local\Temp\arduino-sketch-CF2D8C493EE57480F3B2A09945D9FCFA/..\arduino-core-cache\core_adafruit_samd_adafruit_feather_m0_04638c499635d2f6f962c4c8703bc7da.a(wiring_analog.c.o)
 .debug_info    0x000407b7     0x19bd C:\Users\javie\AppData\Local\Temp\arduino-sketch-CF2D8C493EE57480F3B2A09945D9FCFA/..\arduino-core-cache\core_adafruit_samd_adafruit_feather_m0_04638c499635d2f6f962c4c8703bc7da.a(wiring_digital.c.o)
 .debug_info    0x00042174     0x194b C:\Users\javie\AppData\Local\Temp\arduino-sketch-CF2D8C493EE57480F3B2A09945D9FCFA/..\arduino-core-cache\core_adafruit_samd_adafruit_feather_m0_04638c499635d2f6f962c4c8703bc7da.a(wiring_private.c.o)
 .debug_info    0x00043abf     0x9759 C:\Users\javie\AppData\Local\Temp\arduino-sketch-CF2D8C493EE57480F3B2A09945D9FCFA/..\arduino-core-cache\core_adafruit_samd_adafruit_feather_m0_04638c499635d2f6f962c4c8703bc7da.a(Print.cpp.o)
 .debug_info    0x0004d218     0x6ecd C:\Users\javie\AppData\Local\Temp\arduino-sketch-CF2D8C493EE57480F3B2A09945D9FCFA/..\arduino-core-cache\core_adafruit_samd_adafruit_feather_m0_04638c499635d2f6f962c4c8703bc7da.a(Reset.cpp.o)
 .debug_info    0x000540e5     0xe9f7 C:\Users\javie\AppData\Local\Temp\arduino-sketch-CF2D8C493EE57480F3B2A09945D9FCFA/..\arduino-core-cache\core_adafruit_samd_adafruit_feather_m0_04638c499635d2f6f962c4c8703bc7da.a(USBCore.cpp.o)
 .debug_info    0x00062adc     0x1111 C:\Users\javie\AppData\Local\Temp\arduino-sketch-CF2D8C493EE57480F3B2A09945D9FCFA/..\arduino-core-cache\core_adafruit_samd_adafruit_feather_m0_04638c499635d2f6f962c4c8703bc7da.a(new.cpp.o)