Archive member included to satisfy reference by file (symbol)

C:\Users\javie\AppData\Local\Temp\arduino\sketches\6828EBF2BE727A3E1C33E62790822746/..\..\cores\adafruit_samd_adafruit_feather_m0_04638c499635d2f6f962c4c8703bc7da\core.a(Print.cpp.o)
                              C:\Users\javie\AppData\Local\Temp\arduino\sketches\6828EBF2BE727A3E1C33E62790822746\libraries\0008.Adafruit_GFX_Library\Adafruit_GFX.cpp.o (Print::write(unsigned char const*, unsigned int))
C:\Users\javie\AppData\Local\Temp\arduino\sketches\6828EBF2BE727A3E1C33E62790822746/..\..\cores\adafruit_samd_adafruit_feather_m0_04638c499635d2f6f962c4c8703bc7da\core.a(SERCOM.cpp.o)
                              C:\Users\javie\AppData\Local\Temp\arduino\sketches\6828EBF2BE727A3E1C33E62790822746\core\variant.cpp.o (SERCOM::SERCOM(Sercom*))
C:\Users\javie\AppData\Local\Temp\arduino\sketches\6828EBF2BE727A3E1C33E62790822746/..\..\cores\adafruit_samd_adafruit_feather_m0_04638c499635d2f6f962c4c8703bc7da\core.a(CDC.cpp.o)
                              C:\Users\javie\AppData\Local\Temp\arduino\sketches\6828EBF2BE727A3E1C33E62790822746\libraries\Adafruit_ZeroDMA\Adafruit_ZeroDMA.cpp.o (Serial)
C:\Users\javie\AppData\Local\Temp\arduino\sketches\6828EBF2BE727A3E1C33E62790822746/..\..\cores\adafruit_samd_adafruit_feather_m0_04638c499635d2f6f962c4c8703bc7da\core.a(USBCore.cpp.o)
                              C:\Users\javie\AppData\Local\Temp\arduino\sketches\6828EBF2BE727A3E1C33E62790822746/..\..\cores\adafruit_samd_adafruit_feather_m0_04638c499635d2f6f962c4c8703bc7da\core.a(CDC.cpp.o) (USBDeviceClass::available(unsigned long))
C:\Users\javie\AppData\Local\Temp\arduino\sketches\6828EBF2BE727A3E1C33E62790822746/..\..\cores\adafruit_samd_adafruit_feather_m0_04638c499635d2f6f962c4c8703bc7da\core.a(Uart.cpp.o)
                              C:\Users\javie\AppData\Local\Temp\arduino\sketches\6828EBF2BE727A3E1C33E62790822746\core\variant.cpp.o (Uart::Uart(SERCOM*, unsigned char, unsigned char, SercomRXPad, SercomUartTXPad))
C:\Users\javie\AppData\Local\Temp\arduino\sketches\6828EBF2BE727A3E1C33E62790822746/..\..\cores\adafruit_samd_adafruit_feather_m0_04638c499635d2f6f962c4c8703bc7da\core.a(abi.cpp.o)
                              C:\Users\javie\AppData\Local\Temp\arduino\sketches\6828EBF2BE727A3E1C33E62790822746\libraries\0008.Adafruit_GFX_Library\Adafruit_GFX.cpp.o (__cxa_pure_virtual)
C:\Users\javie\AppData\Local\Temp\arduino\sketches\6828EBF2BE727A3E1C33E62790822746/..\..\cores\adafruit_samd_adafruit_feather_m0_04638c499635d2f6f962c4c8703bc7da\core.a(cortex_handlers.c.o)
                              (Reset_Handler)
C:\Users\javie\AppData\Local\Temp\arduino\sketches\6828EBF2BE727A3E1C33E62790822746/..\..\cores\adafruit_samd_adafruit_feather_m0_04638c499635d2f6f962c4c8703bc7da\core.a(delay.c.o)
                              C:\Users\javie\AppData\Local\Temp\arduino\sketches\6828EBF2BE727A3E1C33E62790822746\libraries\0014-MilliTimer\MilliTimer.cpp.o (millis)
C:\Users\javie\AppData\Local\Temp\arduino\sketches\6828EBF2BE727A3E1C33E62790822746/..\..\cores\adafruit_samd_adafruit_feather_m0_04638c499635d2f6f962c4c8703bc7da\core.a(hooks.c.o)
                              C:\Users\javie\AppData\Local\Temp\arduino\sketches\6828EBF2BE727A3E1C33E62790822746/..\..\cores\adafruit_samd_adafruit_feather_m0_04638c499635d2f6f962c4c8703bc7da\core.a(delay.c.o) (yield)
C:\Users\javie\AppData\Local\Temp\arduino\sketches\6828EBF2BE727A3E1C33E62790822746/..\..\cores\adafruit_samd_adafruit_feather_m0_04638c499635d2f6f962c4c8703bc7da\core.a(main.cpp.o)
                              c:/users/javie/appdata/local/arduino15/packages/adafruit/tools/arm-none-eabi-gcc/9-2019q4/bin/../lib/gcc/arm-none-eabi/9.2.1/../../../../arm-none-eabi/lib/thumb/v6-m/nofp/crt0.o (main)
C:\Users\javie\AppData\Local\Temp\arduino\sketches\6828EBF2BE727A3E1C33E62790822746/..\..\cores\adafruit_samd_adafruit_feather_m0_04638c499635d2f6f962c4c8703bc7da\core.a(new.cpp.o)
                              C:\Users\javie\AppData\Local\Temp\arduino\sketches\6828EBF2BE727A3E1C33E62790822746\libraries\0008.Adafruit_GFX_Library\Adafruit_GrayOLED.cpp.o (operator new(unsigned int))
C:\Users\javie\AppData\Local\Temp\arduino\sketches\6828EBF2BE727A3E1C33E62790822746/..\..\cores\adafruit_samd_adafruit_feather_m0_04638c499635d2f6f962c4c8703bc7da\core.a(startup.c.o)
                              C:\Users\javie\AppData\Local\Temp\arduino\sketches\6828EBF2BE727A3E1C33E62790822746/..\..\cores\adafruit_samd_adafruit_feather_m0_04638c499635d2f6f962c4c8703bc7da\core.a(cortex_handlers.c.o) (SystemInit)
C:\Users\javie\AppData\Local\Temp\arduino\sketches\6828EBF2BE727A3E1C33E62790822746/..\..\cores\adafruit_samd_adafruit_feather_m0_04638c499635d2f6f962c4c8703bc7da\core.a(wiring.c.o)
                              C:\Users\javie\AppData\Local\Temp\arduino\sketches\6828EBF2BE727A3E1C33E62790822746/..\..\cores\adafruit_samd_adafruit_feather_m0_04638c499635d2f6f962c4c8703bc7da\core.a(main.cpp.o) (init)
[...]
Memory Configuration

Name             Origin             Length             Attributes
FLASH            0x00000000         0x00040000         xr
RAM              0x20000000         0x00008000         xrw
*default*        0x00000000         0xffffffff

Linker script and memory map

LOAD c:/users/javie/appdata/local/arduino15/packages/adafruit/tools/arm-none-eabi-gcc/9-2019q4/bin/../lib/gcc/arm-none-eabi/9.2.1/thumb/v6-m/nofp/crti.o
LOAD c:/users/javie/appdata/local/arduino15/packages/adafruit/tools/arm-none-eabi-gcc/9-2019q4/bin/../lib/gcc/arm-none-eabi/9.2.1/thumb/v6-m/nofp/crtbegin.o
LOAD c:/users/javie/appdata/local/arduino15/packages/adafruit/tools/arm-none-eabi-gcc/9-2019q4/bin/../lib/gcc/arm-none-eabi/9.2.1/../../../../arm-none-eabi/lib/thumb/v6-m/nofp/crt0.o
LOAD C:\Users\javie\AppData\Local\Temp\arduino\sketches\6828EBF2BE727A3E1C33E62790822746\sketch\PMU_PWM_TEST.ino.cpp.o
LOAD C:\Users\javie\AppData\Local\Temp\arduino\sketches\6828EBF2BE727A3E1C33E62790822746\libraries\0014-MilliTimer\MilliTimer.cpp.o
LOAD C:\Users\javie\AppData\Local\Temp\arduino\sketches\6828EBF2BE727A3E1C33E62790822746\libraries\Wire\Wire.cpp.o
LOAD C:\Users\javie\AppData\Local\Temp\arduino\sketches\6828EBF2BE727A3E1C33E62790822746\libraries\Arduino_SAMD21_turbo_PWM-master\SAMD21turboPWM.cpp.o
LOAD C:\Users\javie\AppData\Local\Temp\arduino\sketches\6828EBF2BE727A3E1C33E62790822746\libraries\0008.Adafruit_GFX_Library\Adafruit_GFX.cpp.o
LOAD C:\Users\javie\AppData\Local\Temp\arduino\sketches\6828EBF2BE727A3E1C33E62790822746\libraries\0008.Adafruit_GFX_Library\Adafruit_GrayOLED.cpp.o
LOAD C:\Users\javie\AppData\Local\Temp\arduino\sketches\6828EBF2BE727A3E1C33E62790822746\libraries\0008.Adafruit_GFX_Library\Adafruit_SPITFT.cpp.o
LOAD C:\Users\javie\AppData\Local\Temp\arduino\sketches\6828EBF2BE727A3E1C33E62790822746\libraries\0008.Adafruit_GFX_Library\glcdfont.c.o
LOAD C:\Users\javie\AppData\Local\Temp\arduino\sketches\6828EBF2BE727A3E1C33E62790822746\libraries\Adafruit_BusIO\Adafruit_BusIO_Register.cpp.o
LOAD C:\Users\javie\AppData\Local\Temp\arduino\sketches\6828EBF2BE727A3E1C33E62790822746\libraries\Adafruit_BusIO\Adafruit_I2CDevice.cpp.o
LOAD C:\Users\javie\AppData\Local\Temp\arduino\sketches\6828EBF2BE727A3E1C33E62790822746\libraries\Adafruit_BusIO\Adafruit_SPIDevice.cpp.o
LOAD C:\Users\javie\AppData\Local\Temp\arduino\sketches\6828EBF2BE727A3E1C33E62790822746\libraries\SPI\SPI.cpp.o
LOAD C:\Users\javie\AppData\Local\Temp\arduino\sketches\6828EBF2BE727A3E1C33E62790822746\libraries\Adafruit_ZeroDMA\Adafruit_ZeroDMA.cpp.o
LOAD C:\Users\javie\AppData\Local\Temp\arduino\sketches\6828EBF2BE727A3E1C33E62790822746\libraries\0016-Adafruit_SSD1306-049\Adafruit_SSD1306_049.cpp.o
LOAD C:\Users\javie\AppData\Local\Temp\arduino\sketches\6828EBF2BE727A3E1C33E62790822746\core\variant.cpp.o
START GROUP
LOAD C:\Users\javie\AppData\Local\Arduino15\packages\adafruit\tools\CMSIS\5.4.0/CMSIS/Lib/GCC/\libarm_cortexM0l_math.a
LOAD C:\Users\javie\AppData\Local\Temp\arduino\sketches\6828EBF2BE727A3E1C33E62790822746/..\..\cores\adafruit_samd_adafruit_feather_m0_04638c499635d2f6f962c4c8703bc7da\core.a
END GROUP
LOAD c:/users/javie/appdata/local/arduino15/packages/adafruit/tools/arm-none-eabi-gcc/9-2019q4/bin/../lib/gcc/arm-none-eabi/9.2.1/../../../../arm-none-eabi/lib/thumb/v6-m/nofp\libstdc++_nano.a
LOAD c:/users/javie/appdata/local/arduino15/packages/adafruit/tools/arm-none-eabi-gcc/9-2019q4/bin/../lib/gcc/arm-none-eabi/9.2.1/../../../../arm-none-eabi/lib/thumb/v6-m/nofp\libm.a
START GROUP
LOAD c:/users/javie/appdata/local/arduino15/packages/adafruit/tools/arm-none-eabi-gcc/9-2019q4/bin/../lib/gcc/arm-none-eabi/9.2.1/thumb/v6-m/nofp\libgcc.a
LOAD c:/users/javie/appdata/local/arduino15/packages/adafruit/tools/arm-none-eabi-gcc/9-2019q4/bin/../lib/gcc/arm-none-eabi/9.2.1/../../../../arm-none-eabi/lib/thumb/v6-m/nofp\libc_nano.a
END GROUP
START GROUP
LOAD c:/users/javie/appdata/local/arduino15/packages/adafruit/tools/arm-none-eabi-gcc/9-2019q4/bin/../lib/gcc/arm-none-eabi/9.2.1/thumb/v6-m/nofp\libgcc.a
LOAD c:/users/javie/appdata/local/arduino15/packages/adafruit/tools/arm-none-eabi-gcc/9-2019q4/bin/../lib/gcc/arm-none-eabi/9.2.1/../../../../arm-none-eabi/lib/thumb/v6-m/nofp\libc_nano.a
LOAD c:/users/javie/appdata/local/arduino15/packages/adafruit/tools/arm-none-eabi-gcc/9-2019q4/bin/../lib/gcc/arm-none-eabi/9.2.1/../../../../arm-none-eabi/lib/thumb/v6-m/nofp\libnosys.a
END GROUP
START GROUP
LOAD c:/users/javie/appdata/local/arduino15/packages/adafruit/tools/arm-none-eabi-gcc/9-2019q4/bin/../lib/gcc/arm-none-eabi/9.2.1/thumb/v6-m/nofp\libgcc.a
LOAD c:/users/javie/appdata/local/arduino15/packages/adafruit/tools/arm-none-eabi-gcc/9-2019q4/bin/../lib/gcc/arm-none-eabi/9.2.1/../../../../arm-none-eabi/lib/thumb/v6-m/nofp\libc_nano.a
LOAD c:/users/javie/appdata/local/arduino15/packages/adafruit/tools/arm-none-eabi-gcc/9-2019q4/bin/../lib/gcc/arm-none-eabi/9.2.1/../../../../arm-none-eabi/lib/thumb/v6-m/nofp\libnosys.a
END GROUP
LOAD c:/users/javie/appdata/local/arduino15/packages/adafruit/tools/arm-none-eabi-gcc/9-2019q4/bin/../lib/gcc/arm-none-eabi/9.2.1/thumb/v6-m/nofp/crtend.o
LOAD c:/users/javie/appdata/local/arduino15/packages/adafruit/tools/arm-none-eabi-gcc/9-2019q4/bin/../lib/gcc/arm-none-eabi/9.2.1/thumb/v6-m/nofp/crtn.o

.text           0x00000000     0x7358
                0x00000000                __text_start__ = .
 *(.isr_vector)
 .isr_vector    0x00000000       0xb4 C:\Users\javie\AppData\Local\Temp\arduino\sketches\6828EBF2BE727A3E1C33E62790822746/..\..\cores\adafruit_samd_adafruit_feather_m0_04638c499635d2f6f962c4c8703bc7da\core.a(cortex_handlers.c.o)
                0x00000000                exception_table
 *(.text*)
 .text          0x000000b4       0x48 c:/users/javie/appdata/local/arduino15/packages/adafruit/tools/arm-none-eabi-gcc/9-2019q4/bin/../lib/gcc/arm-none-eabi/9.2.1/thumb/v6-m/nofp/crtbegin.o
 .text._ZN14dcdc_controler10SetVoltageEib
                0x000000fc       0x84 C:\Users\javie\AppData\Local\Temp\arduino\sketches\6828EBF2BE727A3E1C33E62790822746\sketch\PMU_PWM_TEST.ino.cpp.o
                0x000000fc                dcdc_controler::SetVoltage(int, bool)
 .text._Z10ReadDirPadb
                0x00000180      0x31c C:\Users\javie\AppData\Local\Temp\arduino\sketches\6828EBF2BE727A3E1C33E62790822746\sketch\PMU_PWM_TEST.ino.cpp.o
                0x00000180                ReadDirPad(bool)
 .text._Z11initDisplayv
                0x0000049c       0x2c C:\Users\javie\AppData\Local\Temp\arduino\sketches\6828EBF2BE727A3E1C33E62790822746\sketch\PMU_PWM_TEST.ino.cpp.o
                0x0000049c                initDisplay()
 .text.startup._GLOBAL__sub_I_C_PIN_OP_SWITCH
                0x000004c8       0x64 C:\Users\javie\AppData\Local\Temp\arduino\sketches\6828EBF2BE727A3E1C33E62790822746\sketch\PMU_PWM_TEST.ino.cpp.o
 .text._Z11DisplayVolts
                0x0000052c       0x7c C:\Users\javie\AppData\Local\Temp\arduino\sketches\6828EBF2BE727A3E1C33E62790822746\sketch\PMU_PWM_TEST.ino.cpp.o
                0x0000052c                DisplayVolt(short)
 .text.setup    0x000005a8       0xa0 C:\Users\javie\AppData\Local\Temp\arduino\sketches\6828EBF2BE727A3E1C33E62790822746\sketch\PMU_PWM_TEST.ino.cpp.o
                0x000005a8                setup
 .text._Z10DisplayCapi
                0x00000648       0xec C:\Users\javie\AppData\Local\Temp\arduino\sketches\6828EBF2BE727A3E1C33E62790822746\sketch\PMU_PWM_TEST.ino.cpp.o
                0x00000648                DisplayCap(int)
 .text.loop     0x00000734      0x290 C:\Users\javie\AppData\Local\Temp\arduino\sketches\6828EBF2BE727A3E1C33E62790822746\sketch\PMU_PWM_TEST.ino.cpp.o
                0x00000734                loop
 .text._ZN10MilliTimer3setEt
                0x000009c4       0x1c C:\Users\javie\AppData\Local\Temp\arduino\sketches\6828EBF2BE727A3E1C33E62790822746\libraries\0014-MilliTimer\MilliTimer.cpp.o
                0x000009c4                MilliTimer::set(unsigned short)
 .text._ZN10MilliTimer4pollEt
                0x000009e0       0x34 C:\Users\javie\AppData\Local\Temp\arduino\sketches\6828EBF2BE727A3E1C33E62790822746\libraries\0014-MilliTimer\MilliTimer.cpp.o
                0x000009e0                MilliTimer::poll(unsigned short)
 .text._ZN5Print17availableForWriteEv
                0x00000a14        0x4 C:\Users\javie\AppData\Local\Temp\arduino\sketches\6828EBF2BE727A3E1C33E62790822746\libraries\Wire\Wire.cpp.o
                0x00000a14                Print::availableForWrite()
 .text._ZN7TwoWire5writeEPKhj
                0x00000a18       0x24 C:\Users\javie\AppData\Local\Temp\arduino\sketches\6828EBF2BE727A3E1C33E62790822746\libraries\Wire\Wire.cpp.o
                0x00000a18                TwoWire::write(unsigned char const*, unsigned int)
 .text._ZN7TwoWire5flushEv
                0x00000a3c        0x2 C:\Users\javie\AppData\Local\Temp\arduino\sketches\6828EBF2BE727A3E1C33E62790822746\libraries\Wire\Wire.cpp.o
                0x00000a3c                TwoWire::flush()
 .text._ZN7TwoWire4peekEv
                0x00000a3e       0x1a C:\Users\javie\AppData\Local\Temp\arduino\sketches\6828EBF2BE727A3E1C33E62790822746\libraries\Wire\Wire.cpp.o
                0x00000a3e                TwoWire::peek()
 .text._ZN7TwoWire9availableEv
                0x00000a58       0x12 C:\Users\javie\AppData\Local\Temp\arduino\sketches\6828EBF2BE727A3E1C33E62790822746\libraries\Wire\Wire.cpp.o
                0x00000a58                TwoWire::available()
 *fill*         0x00000a6a        0x2 
 .text._ZN7TwoWireC2EP6SERCOMhh
                0x00000a6c       0x5c C:\Users\javie\AppData\Local\Temp\arduino\sketches\6828EBF2BE727A3E1C33E62790822746\libraries\Wire\Wire.cpp.o
                0x00000a6c                TwoWire::TwoWire(SERCOM*, unsigned char, unsigned char)
                0x00000a6c                TwoWire::TwoWire(SERCOM*, unsigned char, unsigned char)
 .text._ZN7TwoWire5beginEv
                0x00000ac8       0x40 C:\Users\javie\AppData\Local\Temp\arduino\sketches\6828EBF2BE727A3E1C33E62790822746\libraries\Wire\Wire.cpp.o
                0x00000ac8                TwoWire::begin()
 .text._ZN7TwoWire8setClockEm
                0x00000b08       0x1c C:\Users\javie\AppData\Local\Temp\arduino\sketches\6828EBF2BE727A3E1C33E62790822746\libraries\Wire\Wire.cpp.o
                0x00000b08                TwoWire::setClock(unsigned long)
 .text._ZN7TwoWire17beginTransmissionEh
                0x00000b24       0x16 C:\Users\javie\AppData\Local\Temp\arduino\sketches\6828EBF2BE727A3E1C33E62790822746\libraries\Wire\Wire.cpp.o
                0x00000b24                TwoWire::beginTransmission(unsigned char)
 .text._ZN11RingBufferNILi256EE10store_charEh
                0x00000b3a       0x1a C:\Users\javie\AppData\Local\Temp\arduino\sketches\6828EBF2BE727A3E1C33E62790822746\libraries\Wire\Wire.cpp.o
                0x00000b3a                RingBufferN<256>::store_char(unsigned char)
 .text._ZN7TwoWire5writeEh
                0x00000b54       0x2c C:\Users\javie\AppData\Local\Temp\arduino\sketches\6828EBF2BE727A3E1C33E62790822746\libraries\Wire\Wire.cpp.o
                0x00000b54                TwoWire::write(unsigned char)
 .text._ZN11RingBufferNILi256EE9read_charEv
                0x00000b80       0x20 C:\Users\javie\AppData\Local\Temp\arduino\sketches\6828EBF2BE727A3E1C33E62790822746\libraries\Wire\Wire.cpp.o
                0x00000b80                RingBufferN<256>::read_char()
 .text._ZN7TwoWire15endTransmissionEb
                0x00000ba0       0x70 C:\Users\javie\AppData\Local\Temp\arduino\sketches\6828EBF2BE727A3E1C33E62790822746\libraries\Wire\Wire.cpp.o
                0x00000ba0                TwoWire::endTransmission(bool)
 .text._ZN7TwoWire15endTransmissionEv
                0x00000c10        0xa C:\Users\javie\AppData\Local\Temp\arduino\sketches\6828EBF2BE727A3E1C33E62790822746\libraries\Wire\Wire.cpp.o
                0x00000c10                TwoWire::endTransmission()
 .text._ZN7TwoWire4readEv
                0x00000c1a        0xa C:\Users\javie\AppData\Local\Temp\arduino\sketches\6828EBF2BE727A3E1C33E62790822746\libraries\Wire\Wire.cpp.o
                0x00000c1a                TwoWire::read()
 .text._ZN7TwoWire9onServiceEv
                0x00000c24      0x11c C:\Users\javie\AppData\Local\Temp\arduino\sketches\6828EBF2BE727A3E1C33E62790822746\libraries\Wire\Wire.cpp.o
                0x00000c24                TwoWire::onService()
 .text.SERCOM3_Handler
                0x00000d40       0x10 C:\Users\javie\AppData\Local\Temp\arduino\sketches\6828EBF2BE727A3E1C33E62790822746\libraries\Wire\Wire.cpp.o
                0x00000d40                SERCOM3_Handler
 .text.startup._GLOBAL__sub_I__ZN7TwoWireC2EP6SERCOMhh
                0x00000d50       0x18 C:\Users\javie\AppData\Local\Temp\arduino\sketches\6828EBF2BE727A3E1C33E62790822746\libraries\Wire\Wire.cpp.o
 .text._ZN8TurboPWM15setClockDividerEjb
                0x00000d68       0xc8 C:\Users\javie\AppData\Local\Temp\arduino\sketches\6828EBF2BE727A3E1C33E62790822746\libraries\Arduino_SAMD21_turbo_PWM-master\SAMD21turboPWM.cpp.o
                0x00000d68                TurboPWM::setClockDivider(unsigned int, bool)
 .text._ZN8TurboPWM11analogWriteEij
                0x00000e30       0x98 C:\Users\javie\AppData\Local\Temp\arduino\sketches\6828EBF2BE727A3E1C33E62790822746\libraries\Arduino_SAMD21_turbo_PWM-master\SAMD21turboPWM.cpp.o
                0x00000e30                TurboPWM::analogWrite(int, unsigned int)
 .text._ZN8TurboPWM6enableEjb
                0x00000ec8       0x40 C:\Users\javie\AppData\Local\Temp\arduino\sketches\6828EBF2BE727A3E1C33E62790822746\libraries\Arduino_SAMD21_turbo_PWM-master\SAMD21turboPWM.cpp.o
                0x00000ec8                TurboPWM::enable(unsigned int, bool)
 .text._ZN8TurboPWM5timerEjjyb
                0x00000f08       0xe8 C:\Users\javie\AppData\Local\Temp\arduino\sketches\6828EBF2BE727A3E1C33E62790822746\libraries\Arduino_SAMD21_turbo_PWM-master\SAMD21turboPWM.cpp.o
                0x00000f08                TurboPWM::timer(unsigned int, unsigned int, unsigned long long, bool)
 .text._ZN5Print5flushEv
                0x00000ff0        0x2 C:\Users\javie\AppData\Local\Temp\arduino\sketches\6828EBF2BE727A3E1C33E62790822746\libraries\0008.Adafruit_GFX_Library\Adafruit_GFX.cpp.o
                0x00000ff0                Print::flush()
 .text._ZN12Adafruit_GFX9writeLineEsssst
                0x00000ff2       0xc6 C:\Users\javie\AppData\Local\Temp\arduino\sketches\6828EBF2BE727A3E1C33E62790822746\libraries\0008.Adafruit_GFX_Library\Adafruit_GFX.cpp.o
                0x00000ff2                Adafruit_GFX::writeLine(short, short, short, short, unsigned short)
 .text._ZN12Adafruit_GFX10startWriteEv
                0x000010b8        0x2 C:\Users\javie\AppData\Local\Temp\arduino\sketches\6828EBF2BE727A3E1C33E62790822746\libraries\0008.Adafruit_GFX_Library\Adafruit_GFX.cpp.o
                0x000010b8                Adafruit_GFX::startWrite()
                0x000010b8                Adafruit_GFX::endWrite()
 .text._ZN12Adafruit_GFX10writePixelEsst
                0x000010ba        0xa C:\Users\javie\AppData\Local\Temp\arduino\sketches\6828EBF2BE727A3E1C33E62790822746\libraries\0008.Adafruit_GFX_Library\Adafruit_GFX.cpp.o
                0x000010ba                Adafruit_GFX::writePixel(short, short, unsigned short)
 .text._ZN12Adafruit_GFX14writeFastVLineEssst
                0x000010c4       0x10 C:\Users\javie\AppData\Local\Temp\arduino\sketches\6828EBF2BE727A3E1C33E62790822746\libraries\0008.Adafruit_GFX_Library\Adafruit_GFX.cpp.o
                0x000010c4                Adafruit_GFX::writeFastVLine(short, short, short, unsigned short)
 .text._ZN12Adafruit_GFX14writeFastHLineEssst
                0x000010d4       0x10 C:\Users\javie\AppData\Local\Temp\arduino\sketches\6828EBF2BE727A3E1C33E62790822746\libraries\0008.Adafruit_GFX_Library\Adafruit_GFX.cpp.o
                0x000010d4                Adafruit_GFX::writeFastHLine(short, short, short, unsigned short)
 .text._ZN12Adafruit_GFX13writeFillRectEsssst
                0x000010e4       0x18 C:\Users\javie\AppData\Local\Temp\arduino\sketches\6828EBF2BE727A3E1C33E62790822746\libraries\0008.Adafruit_GFX_Library\Adafruit_GFX.cpp.o
                0x000010e4                Adafruit_GFX::writeFillRect(short, short, short, short, unsigned short)
 .text._ZN12Adafruit_GFX13drawFastVLineEssst
                0x000010fc       0x3c C:\Users\javie\AppData\Local\Temp\arduino\sketches\6828EBF2BE727A3E1C33E62790822746\libraries\0008.Adafruit_GFX_Library\Adafruit_GFX.cpp.o
                0x000010fc                Adafruit_GFX::drawFastVLine(short, short, short, unsigned short)
 .text._ZN12Adafruit_GFX13drawFastHLineEssst
                0x00001138       0x3c C:\Users\javie\AppData\Local\Temp\arduino\sketches\6828EBF2BE727A3E1C33E62790822746\libraries\0008.Adafruit_GFX_Library\Adafruit_GFX.cpp.o
                0x00001138                Adafruit_GFX::drawFastHLine(short, short, short, unsigned short)
 .text._ZN12Adafruit_GFX8fillRectEsssst
                0x00001174       0x4e C:\Users\javie\AppData\Local\Temp\arduino\sketches\6828EBF2BE727A3E1C33E62790822746\libraries\0008.Adafruit_GFX_Library\Adafruit_GFX.cpp.o
                0x00001174                Adafruit_GFX::fillRect(short, short, short, short, unsigned short)
 .text._ZN12Adafruit_GFX10fillScreenEt
                0x000011c2       0x1a C:\Users\javie\AppData\Local\Temp\arduino\sketches\6828EBF2BE727A3E1C33E62790822746\libraries\0008.Adafruit_GFX_Library\Adafruit_GFX.cpp.o
                0x000011c2                Adafruit_GFX::fillScreen(unsigned short)
 .text._ZN12Adafruit_GFX8drawRectEsssst
                0x000011dc       0x80 C:\Users\javie\AppData\Local\Temp\arduino\sketches\6828EBF2BE727A3E1C33E62790822746\libraries\0008.Adafruit_GFX_Library\Adafruit_GFX.cpp.o
                0x000011dc                Adafruit_GFX::drawRect(short, short, short, short, unsigned short)
 .text._ZN12Adafruit_GFX13invertDisplayEb
                0x0000125c        0x2 C:\Users\javie\AppData\Local\Temp\arduino\sketches\6828EBF2BE727A3E1C33E62790822746\libraries\0008.Adafruit_GFX_Library\Adafruit_GFX.cpp.o
                0x0000125c                Adafruit_GFX::invertDisplay(bool)
 .text._ZN12Adafruit_GFX8drawLineEsssst
                0x0000125e       0x82 C:\Users\javie\AppData\Local\Temp\arduino\sketches\6828EBF2BE727A3E1C33E62790822746\libraries\0008.Adafruit_GFX_Library\Adafruit_GFX.cpp.o
                0x0000125e                Adafruit_GFX::drawLine(short, short, short, short, unsigned short)
 .text._ZN12Adafruit_GFX11setRotationEh
                0x000012e0       0x20 C:\Users\javie\AppData\Local\Temp\arduino\sketches\6828EBF2BE727A3E1C33E62790822746\libraries\0008.Adafruit_GFX_Library\Adafruit_GFX.cpp.o
                0x000012e0                Adafruit_GFX::setRotation(unsigned char)
 .text._ZN12Adafruit_GFXC2Ess
                0x00001300       0x30 C:\Users\javie\AppData\Local\Temp\arduino\sketches\6828EBF2BE727A3E1C33E62790822746\libraries\0008.Adafruit_GFX_Library\Adafruit_GFX.cpp.o
                0x00001300                Adafruit_GFX::Adafruit_GFX(short, short)
                0x00001300                Adafruit_GFX::Adafruit_GFX(short, short)
 .text._ZN12Adafruit_GFX10drawBitmapEssPKhsstt
                0x00001330       0xb6 C:\Users\javie\AppData\Local\Temp\arduino\sketches\6828EBF2BE727A3E1C33E62790822746\libraries\0008.Adafruit_GFX_Library\Adafruit_GFX.cpp.o
                0x00001330                Adafruit_GFX::drawBitmap(short, short, unsigned char const*, short, short, unsigned short, unsigned short)
 .text._ZN12Adafruit_GFX10drawBitmapEssPhsstt
                0x000013e6       0x28 C:\Users\javie\AppData\Local\Temp\arduino\sketches\6828EBF2BE727A3E1C33E62790822746\libraries\0008.Adafruit_GFX_Library\Adafruit_GFX.cpp.o
                0x000013e6                Adafruit_GFX::drawBitmap(short, short, unsigned char*, short, short, unsigned short, unsigned short)
 *fill*         0x0000140e        0x2 
 .text._ZN12Adafruit_GFX8drawCharEsshtthh
                0x00001410      0x2dc C:\Users\javie\AppData\Local\Temp\arduino\sketches\6828EBF2BE727A3E1C33E62790822746\libraries\0008.Adafruit_GFX_Library\Adafruit_GFX.cpp.o
                0x00001410                Adafruit_GFX::drawChar(short, short, unsigned char, unsigned short, unsigned short, unsigned char, unsigned char)
 .text._ZN12Adafruit_GFX5writeEh
                0x000016ec       0xf6 C:\Users\javie\AppData\Local\Temp\arduino\sketches\6828EBF2BE727A3E1C33E62790822746\libraries\0008.Adafruit_GFX_Library\Adafruit_GFX.cpp.o
                0x000016ec                Adafruit_GFX::write(unsigned char)
 .text._ZN12Adafruit_GFX11setTextSizeEh
                0x000017e2        0xe C:\Users\javie\AppData\Local\Temp\arduino\sketches\6828EBF2BE727A3E1C33E62790822746\libraries\0008.Adafruit_GFX_Library\Adafruit_GFX.cpp.o
                0x000017e2                Adafruit_GFX::setTextSize(unsigned char)
 .text._ZN8SPIClass11dmaCallbackEP16Adafruit_ZeroDMA
                0x000017f0       0x18 C:\Users\javie\AppData\Local\Temp\arduino\sketches\6828EBF2BE727A3E1C33E62790822746\libraries\SPI\SPI.cpp.o
                0x000017f0                SPIClass::dmaCallback(Adafruit_ZeroDMA*)
 .text._ZN8SPIClassC2EP6SERCOMhhh14SercomSpiTXPad11SercomRXPad
                0x00001808       0x74 C:\Users\javie\AppData\Local\Temp\arduino\sketches\6828EBF2BE727A3E1C33E62790822746\libraries\SPI\SPI.cpp.o
                0x00001808                SPIClass::SPIClass(SERCOM*, unsigned char, unsigned char, unsigned char, SercomSpiTXPad, SercomRXPad)
                0x00001808                SPIClass::SPIClass(SERCOM*, unsigned char, unsigned char, unsigned char, SercomSpiTXPad, SercomRXPad)
 .text._ZN8SPIClass6configE11SPISettings
                0x0000187c       0x36 C:\Users\javie\AppData\Local\Temp\arduino\sketches\6828EBF2BE727A3E1C33E62790822746\libraries\SPI\SPI.cpp.o
                0x0000187c                SPIClass::config(SPISettings)
 *fill*         0x000018b2        0x2 
 .text._ZN8SPIClass16beginTransactionE11SPISettings
                0x000018b4       0x38 C:\Users\javie\AppData\Local\Temp\arduino\sketches\6828EBF2BE727A3E1C33E62790822746\libraries\SPI\SPI.cpp.o
                0x000018b4                SPIClass::beginTransaction(SPISettings)
 .text._ZN8SPIClass8transferEh
                0x000018ec        0xa C:\Users\javie\AppData\Local\Temp\arduino\sketches\6828EBF2BE727A3E1C33E62790822746\libraries\SPI\SPI.cpp.o
                0x000018ec                SPIClass::transfer(unsigned char)
 *fill*         0x000018f6        0x2 
 .text._ZN8SPIClass15getDataRegisterEv
                0x000018f8       0x20 C:\Users\javie\AppData\Local\Temp\arduino\sketches\6828EBF2BE727A3E1C33E62790822746\libraries\SPI\SPI.cpp.o
                0x000018f8                SPIClass::getDataRegister()
 .text._ZN8SPIClass13getDMAC_ID_TXEv
                0x00001918       0x24 C:\Users\javie\AppData\Local\Temp\arduino\sketches\6828EBF2BE727A3E1C33E62790822746\libraries\SPI\SPI.cpp.o
                0x00001918                SPIClass::getDMAC_ID_TX()
 .text._ZN8SPIClass13getDMAC_ID_RXEv
                0x0000193c       0x24 C:\Users\javie\AppData\Local\Temp\arduino\sketches\6828EBF2BE727A3E1C33E62790822746\libraries\SPI\SPI.cpp.o
                0x0000193c                SPIClass::getDMAC_ID_RX()
 .text._ZN8SPIClass11dmaAllocateEv
                0x00001960       0xfc C:\Users\javie\AppData\Local\Temp\arduino\sketches\6828EBF2BE727A3E1C33E62790822746\libraries\SPI\SPI.cpp.o
                0x00001960                SPIClass::dmaAllocate()
 .text._ZN8SPIClass5beginEv
                0x00001a5c       0x68 C:\Users\javie\AppData\Local\Temp\arduino\sketches\6828EBF2BE727A3E1C33E62790822746\libraries\SPI\SPI.cpp.o
                0x00001a5c                SPIClass::begin()
 .text.startup._GLOBAL__sub_I__ZN8SPIClassC2EP6SERCOMhhh14SercomSpiTXPad11SercomRXPad
                0x00001ac4       0x38 C:\Users\javie\AppData\Local\Temp\arduino\sketches\6828EBF2BE727A3E1C33E62790822746\libraries\SPI\SPI.cpp.o
 .text._ZL22cpu_irq_enter_criticalv
                0x00001afc       0x2c C:\Users\javie\AppData\Local\Temp\arduino\sketches\6828EBF2BE727A3E1C33E62790822746\libraries\Adafruit_ZeroDMA\Adafruit_ZeroDMA.cpp.o
 .text._ZL22cpu_irq_leave_criticalv
                0x00001b28       0x2c C:\Users\javie\AppData\Local\Temp\arduino\sketches\6828EBF2BE727A3E1C33E62790822746\libraries\Adafruit_ZeroDMA\Adafruit_ZeroDMA.cpp.o
 .text._ZN16Adafruit_ZeroDMAC2Ev
                0x00001b54       0x20 C:\Users\javie\AppData\Local\Temp\arduino\sketches\6828EBF2BE727A3E1C33E62790822746\libraries\Adafruit_ZeroDMA\Adafruit_ZeroDMA.cpp.o
                0x00001b54                Adafruit_ZeroDMA::Adafruit_ZeroDMA()
                0x00001b54                Adafruit_ZeroDMA::Adafruit_ZeroDMA()
 .text._ZN16Adafruit_ZeroDMA11_IRQhandlerEh
                0x00001b74       0x44 C:\Users\javie\AppData\Local\Temp\arduino\sketches\6828EBF2BE727A3E1C33E62790822746\libraries\Adafruit_ZeroDMA\Adafruit_ZeroDMA.cpp.o
                0x00001b74                Adafruit_ZeroDMA::_IRQhandler(unsigned char)
 .text.DMAC_Handler
                0x00001bb8       0x48 C:\Users\javie\AppData\Local\Temp\arduino\sketches\6828EBF2BE727A3E1C33E62790822746\libraries\Adafruit_ZeroDMA\Adafruit_ZeroDMA.cpp.o
                0x00001bb8                DMAC_Handler
 .text._ZN16Adafruit_ZeroDMA8allocateEv
                0x00001c00      0x134 C:\Users\javie\AppData\Local\Temp\arduino\sketches\6828EBF2BE727A3E1C33E62790822746\libraries\Adafruit_ZeroDMA\Adafruit_ZeroDMA.cpp.o
                0x00001c00                Adafruit_ZeroDMA::allocate()
 .text._ZN16Adafruit_ZeroDMA4freeEv
                0x00001d34       0x84 C:\Users\javie\AppData\Local\Temp\arduino\sketches\6828EBF2BE727A3E1C33E62790822746\libraries\Adafruit_ZeroDMA\Adafruit_ZeroDMA.cpp.o
                0x00001d34                Adafruit_ZeroDMA::free()
 .text._ZN16Adafruit_ZeroDMA11setCallbackEPFvPS_E17dma_callback_type
                0x00001db8        0x8 C:\Users\javie\AppData\Local\Temp\arduino\sketches\6828EBF2BE727A3E1C33E62790822746\libraries\Adafruit_ZeroDMA\Adafruit_ZeroDMA.cpp.o
                0x00001db8                Adafruit_ZeroDMA::setCallback(void (*)(Adafruit_ZeroDMA*), dma_callback_type)
 .text._ZN16Adafruit_ZeroDMA10setTriggerEh
                0x00001dc0       0x48 C:\Users\javie\AppData\Local\Temp\arduino\sketches\6828EBF2BE727A3E1C33E62790822746\libraries\Adafruit_ZeroDMA\Adafruit_ZeroDMA.cpp.o
                0x00001dc0                Adafruit_ZeroDMA::setTrigger(unsigned char)
 .text._ZN16Adafruit_ZeroDMA9setActionE27dma_transfer_trigger_action
                0x00001e08       0x48 C:\Users\javie\AppData\Local\Temp\arduino\sketches\6828EBF2BE727A3E1C33E62790822746\libraries\Adafruit_ZeroDMA\Adafruit_ZeroDMA.cpp.o
                0x00001e08                Adafruit_ZeroDMA::setAction(dma_transfer_trigger_action)
 .text._ZN16Adafruit_ZeroDMA10getChannelEv
                0x00001e50        0x4 C:\Users\javie\AppData\Local\Temp\arduino\sketches\6828EBF2BE727A3E1C33E62790822746\libraries\Adafruit_ZeroDMA\Adafruit_ZeroDMA.cpp.o
                0x00001e50                Adafruit_ZeroDMA::getChannel()
 .text._ZN16Adafruit_ZeroDMA13addDescriptorEPvS0_m13dma_beat_sizebbmb
                0x00001e54      0x14c C:\Users\javie\AppData\Local\Temp\arduino\sketches\6828EBF2BE727A3E1C33E62790822746\libraries\Adafruit_ZeroDMA\Adafruit_ZeroDMA.cpp.o
                0x00001e54                Adafruit_ZeroDMA::addDescriptor(void*, void*, unsigned long, dma_beat_size, bool, bool, unsigned long, bool)
 .text._ZN16Adafruit_SSD130613drawFastHLineEssst
                0x00001fa0      0x1d8 C:\Users\javie\AppData\Local\Temp\arduino\sketches\6828EBF2BE727A3E1C33E62790822746\libraries\0016-Adafruit_SSD1306-049\Adafruit_SSD1306_049.cpp.o
                0x00001fa0                Adafruit_SSD1306::drawFastHLine(short, short, short, unsigned short)
 .text._ZN16Adafruit_SSD130613drawFastVLineEssst
                0x00002178      0x1d8 C:\Users\javie\AppData\Local\Temp\arduino\sketches\6828EBF2BE727A3E1C33E62790822746\libraries\0016-Adafruit_SSD1306-049\Adafruit_SSD1306_049.cpp.o
                0x00002178                Adafruit_SSD1306::drawFastVLine(short, short, short, unsigned short)
 .text._ZN16Adafruit_SSD13069drawPixelEsst
                0x00002350       0xb8 C:\Users\javie\AppData\Local\Temp\arduino\sketches\6828EBF2BE727A3E1C33E62790822746\libraries\0016-Adafruit_SSD1306-049\Adafruit_SSD1306_049.cpp.o
                0x00002350                Adafruit_SSD1306::drawPixel(short, short, unsigned short)
 .text._ZN16Adafruit_SSD1306C2Ea
                0x00002408       0x38 C:\Users\javie\AppData\Local\Temp\arduino\sketches\6828EBF2BE727A3E1C33E62790822746\libraries\0016-Adafruit_SSD1306-049\Adafruit_SSD1306_049.cpp.o
                0x00002408                Adafruit_SSD1306::Adafruit_SSD1306(signed char)
                0x00002408                Adafruit_SSD1306::Adafruit_SSD1306(signed char)
 .text._ZN16Adafruit_SSD130612clearDisplayEv
                0x00002440       0x14 C:\Users\javie\AppData\Local\Temp\arduino\sketches\6828EBF2BE727A3E1C33E62790822746\libraries\0016-Adafruit_SSD1306-049\Adafruit_SSD1306_049.cpp.o
                0x00002440                Adafruit_SSD1306::clearDisplay()
 .text._ZN16Adafruit_SSD130612fastSPIwriteEh
                0x00002454       0x64 C:\Users\javie\AppData\Local\Temp\arduino\sketches\6828EBF2BE727A3E1C33E62790822746\libraries\0016-Adafruit_SSD1306-049\Adafruit_SSD1306_049.cpp.o
                0x00002454                Adafruit_SSD1306::fastSPIwrite(unsigned char)
 .text._ZN16Adafruit_SSD130615ssd1306_commandEh
                0x000024b8       0x70 C:\Users\javie\AppData\Local\Temp\arduino\sketches\6828EBF2BE727A3E1C33E62790822746\libraries\0016-Adafruit_SSD1306-049\Adafruit_SSD1306_049.cpp.o
                0x000024b8                Adafruit_SSD1306::ssd1306_command(unsigned char)
 .text._ZN16Adafruit_SSD13065beginEhhb
                0x00002528      0x1d8 C:\Users\javie\AppData\Local\Temp\arduino\sketches\6828EBF2BE727A3E1C33E62790822746\libraries\0016-Adafruit_SSD1306-049\Adafruit_SSD1306_049.cpp.o
                0x00002528                Adafruit_SSD1306::begin(unsigned char, unsigned char, bool)
 .text._ZN16Adafruit_SSD13067displayEv
                0x00002700       0xcc C:\Users\javie\AppData\Local\Temp\arduino\sketches\6828EBF2BE727A3E1C33E62790822746\libraries\0016-Adafruit_SSD1306-049\Adafruit_SSD1306_049.cpp.o
                0x00002700                Adafruit_SSD1306::display()
 .text.SERCOM0_Handler
                0x000027cc       0x10 C:\Users\javie\AppData\Local\Temp\arduino\sketches\6828EBF2BE727A3E1C33E62790822746\core\variant.cpp.o
                0x000027cc                SERCOM0_Handler
 .text.SERCOM5_Handler
                0x000027dc       0x10 C:\Users\javie\AppData\Local\Temp\arduino\sketches\6828EBF2BE727A3E1C33E62790822746\core\variant.cpp.o
                0x000027dc                SERCOM5_Handler
 .text.startup._GLOBAL__sub_I_g_APinDescription
                0x000027ec       0x94 C:\Users\javie\AppData\Local\Temp\arduino\sketches\6828EBF2BE727A3E1C33E62790822746\core\variant.cpp.o
 .text._ZN5Print5writeEPKhj
                0x00002880       0x24 C:\Users\javie\AppData\Local\Temp\arduino\sketches\6828EBF2BE727A3E1C33E62790822746/..\..\cores\adafruit_samd_adafruit_feather_m0_04638c499635d2f6f962c4c8703bc7da\core.a(Print.cpp.o)
                0x00002880                Print::write(unsigned char const*, unsigned int)
 .text._ZN5Print5writeEPKc
                0x000028a4       0x1c C:\Users\javie\AppData\Local\Temp\arduino\sketches\6828EBF2BE727A3E1C33E62790822746/..\..\cores\adafruit_samd_adafruit_feather_m0_04638c499635d2f6f962c4c8703bc7da\core.a(Print.cpp.o)
                0x000028a4                Print::write(char const*)
 .text._ZN5Print5printEPKc
                0x000028c0        0x8 C:\Users\javie\AppData\Local\Temp\arduino\sketches\6828EBF2BE727A3E1C33E62790822746/..\..\cores\adafruit_samd_adafruit_feather_m0_04638c499635d2f6f962c4c8703bc7da\core.a(Print.cpp.o)
                0x000028c0                Print::print(char const*)
 .text._ZN5Print5printEc
                0x000028c8        0xa C:\Users\javie\AppData\Local\Temp\arduino\sketches\6828EBF2BE727A3E1C33E62790822746/..\..\cores\adafruit_samd_adafruit_feather_m0_04638c499635d2f6f962c4c8703bc7da\core.a(Print.cpp.o)
                0x000028c8                Print::print(char)
 .text._ZN5Print11printNumberEmh
                0x000028d2       0x50 C:\Users\javie\AppData\Local\Temp\arduino\sketches\6828EBF2BE727A3E1C33E62790822746/..\..\cores\adafruit_samd_adafruit_feather_m0_04638c499635d2f6f962c4c8703bc7da\core.a(Print.cpp.o)
                0x000028d2                Print::printNumber(unsigned long, unsigned char)
 .text._ZN5Print5printEli
                0x00002922       0x3e C:\Users\javie\AppData\Local\Temp\arduino\sketches\6828EBF2BE727A3E1C33E62790822746/..\..\cores\adafruit_samd_adafruit_feather_m0_04638c499635d2f6f962c4c8703bc7da\core.a(Print.cpp.o)
                0x00002922                Print::print(long, int)
 .text._ZN5Print5printEii
                0x00002960        0x8 C:\Users\javie\AppData\Local\Temp\arduino\sketches\6828EBF2BE727A3E1C33E62790822746/..\..\cores\adafruit_samd_adafruit_feather_m0_04638c499635d2f6f962c4c8703bc7da\core.a(Print.cpp.o)
                0x00002960                Print::print(int, int)
 .text._ZN6SERCOMC2EP6Sercom
                0x00002968        0x4 C:\Users\javie\AppData\Local\Temp\arduino\sketches\6828EBF2BE727A3E1C33E62790822746/..\..\cores\adafruit_samd_adafruit_feather_m0_04638c499635d2f6f962c4c8703bc7da\core.a(SERCOM.cpp.o)
                0x00002968                SERCOM::SERCOM(Sercom*)
                0x00002968                SERCOM::SERCOM(Sercom*)
 .text._ZN6SERCOM9initFrameE18SercomUartCharSize15SercomDataOrder16SercomParityMode19SercomNumberStopBit
                0x0000296c       0x3a C:\Users\javie\AppData\Local\Temp\arduino\sketches\6828EBF2BE727A3E1C33E62790822746/..\..\cores\adafruit_samd_adafruit_feather_m0_04638c499635d2f6f962c4c8703bc7da\core.a(SERCOM.cpp.o)
                0x0000296c                SERCOM::initFrame(SercomUartCharSize, SercomDataOrder, SercomParityMode, SercomNumberStopBit)
 .text._ZN6SERCOM8initPadsE15SercomUartTXPad11SercomRXPad
                0x000029a6       0x26 C:\Users\javie\AppData\Local\Temp\arduino\sketches\6828EBF2BE727A3E1C33E62790822746/..\..\cores\adafruit_samd_adafruit_feather_m0_04638c499635d2f6f962c4c8703bc7da\core.a(SERCOM.cpp.o)
                0x000029a6                SERCOM::initPads(SercomUartTXPad, SercomRXPad)
 .text._ZN6SERCOM9resetUARTEv
                0x000029cc       0x1a C:\Users\javie\AppData\Local\Temp\arduino\sketches\6828EBF2BE727A3E1C33E62790822746/..\..\cores\adafruit_samd_adafruit_feather_m0_04638c499635d2f6f962c4c8703bc7da\core.a(SERCOM.cpp.o)
                0x000029cc                SERCOM::resetUART()
 .text._ZN6SERCOM10enableUARTEv
                0x000029e6       0x14 C:\Users\javie\AppData\Local\Temp\arduino\sketches\6828EBF2BE727A3E1C33E62790822746/..\..\cores\adafruit_samd_adafruit_feather_m0_04638c499635d2f6f962c4c8703bc7da\core.a(SERCOM.cpp.o)
                0x000029e6                SERCOM::enableUART()
 .text._ZN6SERCOM9flushUARTEv
                0x000029fa       0x10 C:\Users\javie\AppData\Local\Temp\arduino\sketches\6828EBF2BE727A3E1C33E62790822746/..\..\cores\adafruit_samd_adafruit_feather_m0_04638c499635d2f6f962c4c8703bc7da\core.a(SERCOM.cpp.o)
                0x000029fa                SERCOM::flushUART()
 .text._ZN6SERCOM15clearStatusUARTEv
                0x00002a0a        0x8 C:\Users\javie\AppData\Local\Temp\arduino\sketches\6828EBF2BE727A3E1C33E62790822746/..\..\cores\adafruit_samd_adafruit_feather_m0_04638c499635d2f6f962c4c8703bc7da\core.a(SERCOM.cpp.o)
                0x00002a0a                SERCOM::clearStatusUART()
 .text._ZN6SERCOM17availableDataUARTEv
                0x00002a12        0xa C:\Users\javie\AppData\Local\Temp\arduino\sketches\6828EBF2BE727A3E1C33E62790822746/..\..\cores\adafruit_samd_adafruit_feather_m0_04638c499635d2f6f962c4c8703bc7da\core.a(SERCOM.cpp.o)
                0x00002a12                SERCOM::availableDataUART()
 .text._ZN6SERCOM11isUARTErrorEv
                0x00002a1c        0x8 C:\Users\javie\AppData\Local\Temp\arduino\sketches\6828EBF2BE727A3E1C33E62790822746/..\..\cores\adafruit_samd_adafruit_feather_m0_04638c499635d2f6f962c4c8703bc7da\core.a(SERCOM.cpp.o)
                0x00002a1c                SERCOM::isUARTError()
 .text._ZN6SERCOM20acknowledgeUARTErrorEv
                0x00002a24        0xe C:\Users\javie\AppData\Local\Temp\arduino\sketches\6828EBF2BE727A3E1C33E62790822746/..\..\cores\adafruit_samd_adafruit_feather_m0_04638c499635d2f6f962c4c8703bc7da\core.a(SERCOM.cpp.o)
                0x00002a24                SERCOM::acknowledgeUARTError()
 .text._ZN6SERCOM16isFrameErrorUARTEv
                0x00002a32        0xa C:\Users\javie\AppData\Local\Temp\arduino\sketches\6828EBF2BE727A3E1C33E62790822746/..\..\cores\adafruit_samd_adafruit_feather_m0_04638c499635d2f6f962c4c8703bc7da\core.a(SERCOM.cpp.o)
                0x00002a32                SERCOM::isFrameErrorUART()
 .text._ZN6SERCOM19clearFrameErrorUARTEv
                0x00002a3c        0xc C:\Users\javie\AppData\Local\Temp\arduino\sketches\6828EBF2BE727A3E1C33E62790822746/..\..\cores\adafruit_samd_adafruit_feather_m0_04638c499635d2f6f962c4c8703bc7da\core.a(SERCOM.cpp.o)
                0x00002a3c                SERCOM::clearFrameErrorUART()
 .text._ZN6SERCOM23isDataRegisterEmptyUARTEv
                0x00002a48        0xa C:\Users\javie\AppData\Local\Temp\arduino\sketches\6828EBF2BE727A3E1C33E62790822746/..\..\cores\adafruit_samd_adafruit_feather_m0_04638c499635d2f6f962c4c8703bc7da\core.a(SERCOM.cpp.o)
                0x00002a48                SERCOM::isDataRegisterEmptyUART()
 .text._ZN6SERCOM12readDataUARTEv
                0x00002a52        0x8 C:\Users\javie\AppData\Local\Temp\arduino\sketches\6828EBF2BE727A3E1C33E62790822746/..\..\cores\adafruit_samd_adafruit_feather_m0_04638c499635d2f6f962c4c8703bc7da\core.a(SERCOM.cpp.o)
                0x00002a52                SERCOM::readDataUART()
 .text._ZN6SERCOM13writeDataUARTEh
                0x00002a5a       0x10 C:\Users\javie\AppData\Local\Temp\arduino\sketches\6828EBF2BE727A3E1C33E62790822746/..\..\cores\adafruit_samd_adafruit_feather_m0_04638c499635d2f6f962c4c8703bc7da\core.a(SERCOM.cpp.o)
                0x00002a5a                SERCOM::writeDataUART(unsigned char)
 .text._ZN6SERCOM36enableDataRegisterEmptyInterruptUARTEv
                0x00002a6a        0x8 C:\Users\javie\AppData\Local\Temp\arduino\sketches\6828EBF2BE727A3E1C33E62790822746/..\..\cores\adafruit_samd_adafruit_feather_m0_04638c499635d2f6f962c4c8703bc7da\core.a(SERCOM.cpp.o)
                0x00002a6a                SERCOM::enableDataRegisterEmptyInterruptUART()
 .text._ZN6SERCOM37disableDataRegisterEmptyInterruptUARTEv
                0x00002a72        0x8 C:\Users\javie\AppData\Local\Temp\arduino\sketches\6828EBF2BE727A3E1C33E62790822746/..\..\cores\adafruit_samd_adafruit_feather_m0_04638c499635d2f6f962c4c8703bc7da\core.a(SERCOM.cpp.o)
                0x00002a72                SERCOM::disableDataRegisterEmptyInterruptUART()
 .text._ZN6SERCOM8resetSPIEv
                0x00002a7a       0x1a C:\Users\javie\AppData\Local\Temp\arduino\sketches\6828EBF2BE727A3E1C33E62790822746/..\..\cores\adafruit_samd_adafruit_feather_m0_04638c499635d2f6f962c4c8703bc7da\core.a(SERCOM.cpp.o)
                0x00002a7a                SERCOM::resetSPI()
 .text._ZN6SERCOM9enableSPIEv
                0x00002a94       0x14 C:\Users\javie\AppData\Local\Temp\arduino\sketches\6828EBF2BE727A3E1C33E62790822746/..\..\cores\adafruit_samd_adafruit_feather_m0_04638c499635d2f6f962c4c8703bc7da\core.a(SERCOM.cpp.o)
                0x00002a94                SERCOM::enableSPI()
 .text._ZN6SERCOM10disableSPIEv
                0x00002aa8       0x12 C:\Users\javie\AppData\Local\Temp\arduino\sketches\6828EBF2BE727A3E1C33E62790822746/..\..\cores\adafruit_samd_adafruit_feather_m0_04638c499635d2f6f962c4c8703bc7da\core.a(SERCOM.cpp.o)
                0x00002aa8                SERCOM::disableSPI()
 .text._ZN6SERCOM15transferDataSPIEh
                0x00002aba       0x1a C:\Users\javie\AppData\Local\Temp\arduino\sketches\6828EBF2BE727A3E1C33E62790822746/..\..\cores\adafruit_samd_adafruit_feather_m0_04638c499635d2f6f962c4c8703bc7da\core.a(SERCOM.cpp.o)
                0x00002aba                SERCOM::transferDataSPI(unsigned char)
 .text._ZN6SERCOM28calculateBaudrateSynchronousEm
                0x00002ad4       0x1c C:\Users\javie\AppData\Local\Temp\arduino\sketches\6828EBF2BE727A3E1C33E62790822746/..\..\cores\adafruit_samd_adafruit_feather_m0_04638c499635d2f6f962c4c8703bc7da\core.a(SERCOM.cpp.o)
                0x00002ad4                SERCOM::calculateBaudrateSynchronous(unsigned long)
 .text._ZN6SERCOM12initSPIClockE18SercomSpiClockModem
                0x00002af0       0x26 C:\Users\javie\AppData\Local\Temp\arduino\sketches\6828EBF2BE727A3E1C33E62790822746/..\..\cores\adafruit_samd_adafruit_feather_m0_04638c499635d2f6f962c4c8703bc7da\core.a(SERCOM.cpp.o)
                0x00002af0                SERCOM::initSPIClock(SercomSpiClockMode, unsigned long)
 .text._ZN6SERCOM9resetWIREEv
                0x00002b16       0x1a C:\Users\javie\AppData\Local\Temp\arduino\sketches\6828EBF2BE727A3E1C33E62790822746/..\..\cores\adafruit_samd_adafruit_feather_m0_04638c499635d2f6f962c4c8703bc7da\core.a(SERCOM.cpp.o)
                0x00002b16                SERCOM::resetWIRE()
 .text._ZN6SERCOM10enableWIREEv
                0x00002b30       0x2a C:\Users\javie\AppData\Local\Temp\arduino\sketches\6828EBF2BE727A3E1C33E62790822746/..\..\cores\adafruit_samd_adafruit_feather_m0_04638c499635d2f6f962c4c8703bc7da\core.a(SERCOM.cpp.o)
                0x00002b30                SERCOM::enableWIRE()
 .text._ZN6SERCOM11disableWIREEv
                0x00002b5a       0x14 C:\Users\javie\AppData\Local\Temp\arduino\sketches\6828EBF2BE727A3E1C33E62790822746/..\..\cores\adafruit_samd_adafruit_feather_m0_04638c499635d2f6f962c4c8703bc7da\core.a(SERCOM.cpp.o)
                0x00002b5a                SERCOM::disableWIRE()
 .text._ZN6SERCOM18prepareNackBitWIREEv
                0x00002b6e       0x10 C:\Users\javie\AppData\Local\Temp\arduino\sketches\6828EBF2BE727A3E1C33E62790822746/..\..\cores\adafruit_samd_adafruit_feather_m0_04638c499635d2f6f962c4c8703bc7da\core.a(SERCOM.cpp.o)
                0x00002b6e                SERCOM::prepareNackBitWIRE()
 *fill*         0x00002b7e        0x2 
 .text._ZN6SERCOM17prepareAckBitWIREEv
                0x00002b80       0x14 C:\Users\javie\AppData\Local\Temp\arduino\sketches\6828EBF2BE727A3E1C33E62790822746/..\..\cores\adafruit_samd_adafruit_feather_m0_04638c499635d2f6f962c4c8703bc7da\core.a(SERCOM.cpp.o)
                0x00002b80                SERCOM::prepareAckBitWIRE()
 .text._ZN6SERCOM22prepareCommandBitsWireEh
                0x00002b94       0x2c C:\Users\javie\AppData\Local\Temp\arduino\sketches\6828EBF2BE727A3E1C33E62790822746/..\..\cores\adafruit_samd_adafruit_feather_m0_04638c499635d2f6f962c4c8703bc7da\core.a(SERCOM.cpp.o)
                0x00002b94                SERCOM::prepareCommandBitsWire(unsigned char)
 .text._ZN6SERCOM21startTransmissionWIREEh23SercomWireReadWriteFlag
                0x00002bc0       0x7c C:\Users\javie\AppData\Local\Temp\arduino\sketches\6828EBF2BE727A3E1C33E62790822746/..\..\cores\adafruit_samd_adafruit_feather_m0_04638c499635d2f6f962c4c8703bc7da\core.a(SERCOM.cpp.o)
                0x00002bc0                SERCOM::startTransmissionWIRE(unsigned char, SercomWireReadWriteFlag)
 .text._ZN6SERCOM18sendDataMasterWIREEh
                0x00002c3c       0x26 C:\Users\javie\AppData\Local\Temp\arduino\sketches\6828EBF2BE727A3E1C33E62790822746/..\..\cores\adafruit_samd_adafruit_feather_m0_04638c499635d2f6f962c4c8703bc7da\core.a(SERCOM.cpp.o)
                0x00002c3c                SERCOM::sendDataMasterWIRE(unsigned char)
 .text._ZN6SERCOM17sendDataSlaveWIREEh
                0x00002c62       0x1e C:\Users\javie\AppData\Local\Temp\arduino\sketches\6828EBF2BE727A3E1C33E62790822746/..\..\cores\adafruit_samd_adafruit_feather_m0_04638c499635d2f6f962c4c8703bc7da\core.a(SERCOM.cpp.o)
                0x00002c62                SERCOM::sendDataSlaveWIRE(unsigned char)
 .text._ZN6SERCOM11isSlaveWIREEv
                0x00002c80       0x12 C:\Users\javie\AppData\Local\Temp\arduino\sketches\6828EBF2BE727A3E1C33E62790822746/..\..\cores\adafruit_samd_adafruit_feather_m0_04638c499635d2f6f962c4c8703bc7da\core.a(SERCOM.cpp.o)
                0x00002c80                SERCOM::isSlaveWIRE()
 .text._ZN6SERCOM15isDataReadyWIREEv
                0x00002c92        0xa C:\Users\javie\AppData\Local\Temp\arduino\sketches\6828EBF2BE727A3E1C33E62790822746/..\..\cores\adafruit_samd_adafruit_feather_m0_04638c499635d2f6f962c4c8703bc7da\core.a(SERCOM.cpp.o)
                0x00002c92                SERCOM::isDataReadyWIRE()
 .text._ZN6SERCOM18isStopDetectedWIREEv
                0x00002c9c        0xa C:\Users\javie\AppData\Local\Temp\arduino\sketches\6828EBF2BE727A3E1C33E62790822746/..\..\cores\adafruit_samd_adafruit_feather_m0_04638c499635d2f6f962c4c8703bc7da\core.a(SERCOM.cpp.o)
                0x00002c9c                SERCOM::isStopDetectedWIRE()
 .text._ZN6SERCOM21isRestartDetectedWIREEv
                0x00002ca6        0xa C:\Users\javie\AppData\Local\Temp\arduino\sketches\6828EBF2BE727A3E1C33E62790822746/..\..\cores\adafruit_samd_adafruit_feather_m0_04638c499635d2f6f962c4c8703bc7da\core.a(SERCOM.cpp.o)
                0x00002ca6                SERCOM::isRestartDetectedWIRE()
 .text._ZN6SERCOM14isAddressMatchEv
                0x00002cb0        0xa C:\Users\javie\AppData\Local\Temp\arduino\sketches\6828EBF2BE727A3E1C33E62790822746/..\..\cores\adafruit_samd_adafruit_feather_m0_04638c499635d2f6f962c4c8703bc7da\core.a(SERCOM.cpp.o)
                0x00002cb0                SERCOM::isAddressMatch()
 .text._ZN6SERCOM25isMasterReadOperationWIREEv
                0x00002cba        0xa C:\Users\javie\AppData\Local\Temp\arduino\sketches\6828EBF2BE727A3E1C33E62790822746/..\..\cores\adafruit_samd_adafruit_feather_m0_04638c499635d2f6f962c4c8703bc7da\core.a(SERCOM.cpp.o)
                0x00002cba                SERCOM::isMasterReadOperationWIRE()
 .text._ZN6SERCOM12readDataWIREEv
                0x00002cc4       0x1a C:\Users\javie\AppData\Local\Temp\arduino\sketches\6828EBF2BE727A3E1C33E62790822746/..\..\cores\adafruit_samd_adafruit_feather_m0_04638c499635d2f6f962c4c8703bc7da\core.a(SERCOM.cpp.o)
                0x00002cc4                SERCOM::readDataWIRE()
 *fill*         0x00002cde        0x2 
 .text._ZN6SERCOM14getSercomIndexEv
                0x00002ce0       0x5c C:\Users\javie\AppData\Local\Temp\arduino\sketches\6828EBF2BE727A3E1C33E62790822746/..\..\cores\adafruit_samd_adafruit_feather_m0_04638c499635d2f6f962c4c8703bc7da\core.a(SERCOM.cpp.o)
                0x00002ce0                SERCOM::getSercomIndex()
 .text._ZN6SERCOM13initClockNVICEv
                0x00002d3c       0x90 C:\Users\javie\AppData\Local\Temp\arduino\sketches\6828EBF2BE727A3E1C33E62790822746/..\..\cores\adafruit_samd_adafruit_feather_m0_04638c499635d2f6f962c4c8703bc7da\core.a(SERCOM.cpp.o)
                0x00002d3c                SERCOM::initClockNVIC()
 .text._ZN6SERCOM8initUARTE14SercomUartMode20SercomUartSampleRatem
                0x00002dcc       0x6c C:\Users\javie\AppData\Local\Temp\arduino\sketches\6828EBF2BE727A3E1C33E62790822746/..\..\cores\adafruit_samd_adafruit_feather_m0_04638c499635d2f6f962c4c8703bc7da\core.a(SERCOM.cpp.o)
                0x00002dcc                SERCOM::initUART(SercomUartMode, SercomUartSampleRate, unsigned long)
 .text._ZN6SERCOM7initSPIE14SercomSpiTXPad11SercomRXPad17SercomSpiCharSize15SercomDataOrder
                0x00002e38       0x52 C:\Users\javie\AppData\Local\Temp\arduino\sketches\6828EBF2BE727A3E1C33E62790822746/..\..\cores\adafruit_samd_adafruit_feather_m0_04638c499635d2f6f962c4c8703bc7da\core.a(SERCOM.cpp.o)
                0x00002e38                SERCOM::initSPI(SercomSpiTXPad, SercomRXPad, SercomSpiCharSize, SercomDataOrder)
 *fill*         0x00002e8a        0x2 
 .text._ZN6SERCOM14initMasterWIREEm
                0x00002e8c       0x54 C:\Users\javie\AppData\Local\Temp\arduino\sketches\6828EBF2BE727A3E1C33E62790822746/..\..\cores\adafruit_samd_adafruit_feather_m0_04638c499635d2f6f962c4c8703bc7da\core.a(SERCOM.cpp.o)
                0x00002e8c                SERCOM::initMasterWIRE(unsigned long)
 .text._ZN7Serial_17availableForWriteEv
                0x00002ee0        0x4 C:\Users\javie\AppData\Local\Temp\arduino\sketches\6828EBF2BE727A3E1C33E62790822746/..\..\cores\adafruit_samd_adafruit_feather_m0_04638c499635d2f6f962c4c8703bc7da\core.a(CDC.cpp.o)
                0x00002ee0                Serial_::availableForWrite()
 .text._ZN7Serial_5writeEh
                0x00002ee4       0x14 C:\Users\javie\AppData\Local\Temp\arduino\sketches\6828EBF2BE727A3E1C33E62790822746/..\..\cores\adafruit_samd_adafruit_feather_m0_04638c499635d2f6f962c4c8703bc7da\core.a(CDC.cpp.o)
                0x00002ee4                Serial_::write(unsigned char)
 .text._ZN7Serial_9availableEv
                0x00002ef8        0xc C:\Users\javie\AppData\Local\Temp\arduino\sketches\6828EBF2BE727A3E1C33E62790822746/..\..\cores\adafruit_samd_adafruit_feather_m0_04638c499635d2f6f962c4c8703bc7da\core.a(CDC.cpp.o)
                0x00002ef8                Serial_::available()
 .text._ZN7Serial_5flushEv
                0x00002f04        0xc C:\Users\javie\AppData\Local\Temp\arduino\sketches\6828EBF2BE727A3E1C33E62790822746/..\..\cores\adafruit_samd_adafruit_feather_m0_04638c499635d2f6f962c4c8703bc7da\core.a(CDC.cpp.o)
                0x00002f04                Serial_::flush()
 .text._ZN7Serial_5writeEPKhj
                0x00002f10       0x2c C:\Users\javie\AppData\Local\Temp\arduino\sketches\6828EBF2BE727A3E1C33E62790822746/..\..\cores\adafruit_samd_adafruit_feather_m0_04638c499635d2f6f962c4c8703bc7da\core.a(CDC.cpp.o)
                0x00002f10                Serial_::write(unsigned char const*, unsigned int)
 .text._ZN7Serial_4peekEv
                0x00002f3c       0x1c C:\Users\javie\AppData\Local\Temp\arduino\sketches\6828EBF2BE727A3E1C33E62790822746/..\..\cores\adafruit_samd_adafruit_feather_m0_04638c499635d2f6f962c4c8703bc7da\core.a(CDC.cpp.o)
                0x00002f3c                Serial_::peek()
 .text._ZN7Serial_4readEv
                0x00002f58       0x24 C:\Users\javie\AppData\Local\Temp\arduino\sketches\6828EBF2BE727A3E1C33E62790822746/..\..\cores\adafruit_samd_adafruit_feather_m0_04638c499635d2f6f962c4c8703bc7da\core.a(CDC.cpp.o)
                0x00002f58                Serial_::read()
 .text._Z16CDC_GetInterfacePh
                0x00002f7c       0x1c C:\Users\javie\AppData\Local\Temp\arduino\sketches\6828EBF2BE727A3E1C33E62790822746/..\..\cores\adafruit_samd_adafruit_feather_m0_04638c499635d2f6f962c4c8703bc7da\core.a(CDC.cpp.o)
                0x00002f7c                CDC_GetInterface(unsigned char*)
 .text._Z9CDC_SetupR8USBSetup
                0x00002f98       0x7c C:\Users\javie\AppData\Local\Temp\arduino\sketches\6828EBF2BE727A3E1C33E62790822746/..\..\cores\adafruit_samd_adafruit_feather_m0_04638c499635d2f6f962c4c8703bc7da\core.a(CDC.cpp.o)
                0x00002f98                CDC_Setup(USBSetup&)
 .text.startup._GLOBAL__sub_I__Z17_CDC_GetInterfacev
                0x00003014       0x28 C:\Users\javie\AppData\Local\Temp\arduino\sketches\6828EBF2BE727A3E1C33E62790822746/..\..\cores\adafruit_samd_adafruit_feather_m0_04638c499635d2f6f962c4c8703bc7da\core.a(CDC.cpp.o)
 .text._ZN26DoubleBufferedEPOutHandler4initEv
                0x0000303c        0x2 C:\Users\javie\AppData\Local\Temp\arduino\sketches\6828EBF2BE727A3E1C33E62790822746/..\..\cores\adafruit_samd_adafruit_feather_m0_04638c499635d2f6f962c4c8703bc7da\core.a(USBCore.cpp.o)
                0x0000303c                DoubleBufferedEPOutHandler::init()
 .text._ZL5utox8mPc
                0x0000303e       0x26 C:\Users\javie\AppData\Local\Temp\arduino\sketches\6828EBF2BE727A3E1C33E62790822746/..\..\cores\adafruit_samd_adafruit_feather_m0_04638c499635d2f6f962c4c8703bc7da\core.a(USBCore.cpp.o)
 .text._ZN26DoubleBufferedEPOutHandlerD2Ev
                0x00003064       0x14 C:\Users\javie\AppData\Local\Temp\arduino\sketches\6828EBF2BE727A3E1C33E62790822746/..\..\cores\adafruit_samd_adafruit_feather_m0_04638c499635d2f6f962c4c8703bc7da\core.a(USBCore.cpp.o)
                0x00003064                DoubleBufferedEPOutHandler::~DoubleBufferedEPOutHandler()
                0x00003064                DoubleBufferedEPOutHandler::~DoubleBufferedEPOutHandler()
 .text._ZN26DoubleBufferedEPOutHandlerD0Ev
                0x00003078       0x12 C:\Users\javie\AppData\Local\Temp\arduino\sketches\6828EBF2BE727A3E1C33E62790822746/..\..\cores\adafruit_samd_adafruit_feather_m0_04638c499635d2f6f962c4c8703bc7da\core.a(USBCore.cpp.o)
                0x00003078                DoubleBufferedEPOutHandler::~DoubleBufferedEPOutHandler()
 *fill*         0x0000308a        0x2 
 .text._ZN14USBDeviceClass6initEPEmm.part.0
                0x0000308c       0xe8 C:\Users\javie\AppData\Local\Temp\arduino\sketches\6828EBF2BE727A3E1C33E62790822746/..\..\cores\adafruit_samd_adafruit_feather_m0_04638c499635d2f6f962c4c8703bc7da\core.a(USBCore.cpp.o)
 .text._ZN7__GuardC2Ev
                0x00003174        0xe C:\Users\javie\AppData\Local\Temp\arduino\sketches\6828EBF2BE727A3E1C33E62790822746/..\..\cores\adafruit_samd_adafruit_feather_m0_04638c499635d2f6f962c4c8703bc7da\core.a(USBCore.cpp.o)
                0x00003174                __Guard::__Guard()
                0x00003174                __Guard::__Guard()
 .text._ZN7__GuardD2Ev
                0x00003182        0xe C:\Users\javie\AppData\Local\Temp\arduino\sketches\6828EBF2BE727A3E1C33E62790822746/..\..\cores\adafruit_samd_adafruit_feather_m0_04638c499635d2f6f962c4c8703bc7da\core.a(USBCore.cpp.o)
                0x00003182                __Guard::~__Guard()
                0x00003182                __Guard::~__Guard()
 .text._ZNK26DoubleBufferedEPOutHandler9availableEv
                0x00003190       0x5e C:\Users\javie\AppData\Local\Temp\arduino\sketches\6828EBF2BE727A3E1C33E62790822746/..\..\cores\adafruit_samd_adafruit_feather_m0_04638c499635d2f6f962c4c8703bc7da\core.a(USBCore.cpp.o)
                0x00003190                DoubleBufferedEPOutHandler::available() const
 *fill*         0x000031ee        0x2 
 .text._ZN26DoubleBufferedEPOutHandler7releaseEv
                0x000031f0       0x54 C:\Users\javie\AppData\Local\Temp\arduino\sketches\6828EBF2BE727A3E1C33E62790822746/..\..\cores\adafruit_samd_adafruit_feather_m0_04638c499635d2f6f962c4c8703bc7da\core.a(USBCore.cpp.o)
                0x000031f0                DoubleBufferedEPOutHandler::release()
 .text._ZN26DoubleBufferedEPOutHandler4recvEPvm
                0x00003244      0x11a C:\Users\javie\AppData\Local\Temp\arduino\sketches\6828EBF2BE727A3E1C33E62790822746/..\..\cores\adafruit_samd_adafruit_feather_m0_04638c499635d2f6f962c4c8703bc7da\core.a(USBCore.cpp.o)
                0x00003244                DoubleBufferedEPOutHandler::recv(void*, unsigned long)
 .text._ZN26DoubleBufferedEPOutHandler14handleEndpointEv
                0x0000335e       0xc2 C:\Users\javie\AppData\Local\Temp\arduino\sketches\6828EBF2BE727A3E1C33E62790822746/..\..\cores\adafruit_samd_adafruit_feather_m0_04638c499635d2f6f962c4c8703bc7da\core.a(USBCore.cpp.o)
                0x0000335e                DoubleBufferedEPOutHandler::handleEndpoint()
 .text._ZN14USBDeviceClass14SendInterfacesEPm
                0x00003420       0x2e C:\Users\javie\AppData\Local\Temp\arduino\sketches\6828EBF2BE727A3E1C33E62790822746/..\..\cores\adafruit_samd_adafruit_feather_m0_04638c499635d2f6f962c4c8703bc7da\core.a(USBCore.cpp.o)
                0x00003420                USBDeviceClass::SendInterfaces(unsigned long*)
 *fill*         0x0000344e        0x2 
 .text._ZN14USBDeviceClass14handleEndpointEh
                0x00003450       0x44 C:\Users\javie\AppData\Local\Temp\arduino\sketches\6828EBF2BE727A3E1C33E62790822746/..\..\cores\adafruit_samd_adafruit_feather_m0_04638c499635d2f6f962c4c8703bc7da\core.a(USBCore.cpp.o)
                0x00003450                USBDeviceClass::handleEndpoint(unsigned char)
 .text._ZN14USBDeviceClass4initEv
                0x00003494       0xf0 C:\Users\javie\AppData\Local\Temp\arduino\sketches\6828EBF2BE727A3E1C33E62790822746/..\..\cores\adafruit_samd_adafruit_feather_m0_04638c499635d2f6f962c4c8703bc7da\core.a(USBCore.cpp.o)
                0x00003494                USBDeviceClass::init()
 .text._ZN14USBDeviceClass6attachEv
                0x00003584       0x34 C:\Users\javie\AppData\Local\Temp\arduino\sketches\6828EBF2BE727A3E1C33E62790822746/..\..\cores\adafruit_samd_adafruit_feather_m0_04638c499635d2f6f962c4c8703bc7da\core.a(USBCore.cpp.o)
                0x00003584                USBDeviceClass::attach()
 .text._ZN14USBDeviceClass10setAddressEm
                0x000035b8       0x44 C:\Users\javie\AppData\Local\Temp\arduino\sketches\6828EBF2BE727A3E1C33E62790822746/..\..\cores\adafruit_samd_adafruit_feather_m0_04638c499635d2f6f962c4c8703bc7da\core.a(USBCore.cpp.o)
                0x000035b8                USBDeviceClass::setAddress(unsigned long)
 .text._ZN14USBDeviceClass25handleClassInterfaceSetupER8USBSetup
                0x000035fc       0x44 C:\Users\javie\AppData\Local\Temp\arduino\sketches\6828EBF2BE727A3E1C33E62790822746/..\..\cores\adafruit_samd_adafruit_feather_m0_04638c499635d2f6f962c4c8703bc7da\core.a(USBCore.cpp.o)
                0x000035fc                USBDeviceClass::handleClassInterfaceSetup(USBSetup&)
 .text._ZN14USBDeviceClass6initEPEmm
                0x00003640       0xec C:\Users\javie\AppData\Local\Temp\arduino\sketches\6828EBF2BE727A3E1C33E62790822746/..\..\cores\adafruit_samd_adafruit_feather_m0_04638c499635d2f6f962c4c8703bc7da\core.a(USBCore.cpp.o)
                0x00003640                USBDeviceClass::initEP(unsigned long, unsigned long)
 .text._ZN14USBDeviceClass13initEndpointsEv
                0x0000372c       0x24 C:\Users\javie\AppData\Local\Temp\arduino\sketches\6828EBF2BE727A3E1C33E62790822746/..\..\cores\adafruit_samd_adafruit_feather_m0_04638c499635d2f6f962c4c8703bc7da\core.a(USBCore.cpp.o)
                0x0000372c                USBDeviceClass::initEndpoints()
 .text._ZN14USBDeviceClass9availableEm
                0x00003750       0x2c C:\Users\javie\AppData\Local\Temp\arduino\sketches\6828EBF2BE727A3E1C33E62790822746/..\..\cores\adafruit_samd_adafruit_feather_m0_04638c499635d2f6f962c4c8703bc7da\core.a(USBCore.cpp.o)
                0x00003750                USBDeviceClass::available(unsigned long)
 .text._ZN14USBDeviceClass5flushEm
                0x0000377c       0x2c C:\Users\javie\AppData\Local\Temp\arduino\sketches\6828EBF2BE727A3E1C33E62790822746/..\..\cores\adafruit_samd_adafruit_feather_m0_04638c499635d2f6f962c4c8703bc7da\core.a(USBCore.cpp.o)
                0x0000377c                USBDeviceClass::flush(unsigned long)
 .text._ZN14USBDeviceClass14armRecvCtrlOUTEm
                0x000037a8       0x5c C:\Users\javie\AppData\Local\Temp\arduino\sketches\6828EBF2BE727A3E1C33E62790822746/..\..\cores\adafruit_samd_adafruit_feather_m0_04638c499635d2f6f962c4c8703bc7da\core.a(USBCore.cpp.o)
                0x000037a8                USBDeviceClass::armRecvCtrlOUT(unsigned long)
 .text._ZN14USBDeviceClass11recvControlEPvm
                0x00003804       0x3c C:\Users\javie\AppData\Local\Temp\arduino\sketches\6828EBF2BE727A3E1C33E62790822746/..\..\cores\adafruit_samd_adafruit_feather_m0_04638c499635d2f6f962c4c8703bc7da\core.a(USBCore.cpp.o)
                0x00003804                USBDeviceClass::recvControl(void*, unsigned long)
 .text._ZN14USBDeviceClass7armRecvEm
                0x00003840       0x38 C:\Users\javie\AppData\Local\Temp\arduino\sketches\6828EBF2BE727A3E1C33E62790822746/..\..\cores\adafruit_samd_adafruit_feather_m0_04638c499635d2f6f962c4c8703bc7da\core.a(USBCore.cpp.o)
                0x00003840                USBDeviceClass::armRecv(unsigned long)
 .text._ZN14USBDeviceClass4recvEmPvm
                0x00003878       0xd8 C:\Users\javie\AppData\Local\Temp\arduino\sketches\6828EBF2BE727A3E1C33E62790822746/..\..\cores\adafruit_samd_adafruit_feather_m0_04638c499635d2f6f962c4c8703bc7da\core.a(USBCore.cpp.o)
                0x00003878                USBDeviceClass::recv(unsigned long, void*, unsigned long)
 .text._ZN14USBDeviceClass4recvEm
                0x00003950       0x1c C:\Users\javie\AppData\Local\Temp\arduino\sketches\6828EBF2BE727A3E1C33E62790822746/..\..\cores\adafruit_samd_adafruit_feather_m0_04638c499635d2f6f962c4c8703bc7da\core.a(USBCore.cpp.o)
                0x00003950                USBDeviceClass::recv(unsigned long)
 .text._ZN14USBDeviceClass4sendEmPKvm
                0x0000396c      0x110 C:\Users\javie\AppData\Local\Temp\arduino\sketches\6828EBF2BE727A3E1C33E62790822746/..\..\cores\adafruit_samd_adafruit_feather_m0_04638c499635d2f6f962c4c8703bc7da\core.a(USBCore.cpp.o)
                0x0000396c                USBDeviceClass::send(unsigned long, void const*, unsigned long)
 .text._ZN14USBDeviceClass7armSendEmPKvm
                0x00003a7c       0x48 C:\Users\javie\AppData\Local\Temp\arduino\sketches\6828EBF2BE727A3E1C33E62790822746/..\..\cores\adafruit_samd_adafruit_feather_m0_04638c499635d2f6f962c4c8703bc7da\core.a(USBCore.cpp.o)
                0x00003a7c                USBDeviceClass::armSend(unsigned long, void const*, unsigned long)
 .text._ZN14USBDeviceClass11sendControlEPKvm
                0x00003ac4       0x54 C:\Users\javie\AppData\Local\Temp\arduino\sketches\6828EBF2BE727A3E1C33E62790822746/..\..\cores\adafruit_samd_adafruit_feather_m0_04638c499635d2f6f962c4c8703bc7da\core.a(USBCore.cpp.o)
                0x00003ac4                USBDeviceClass::sendControl(void const*, unsigned long)
 .text._ZN14USBDeviceClass20sendStringDescriptorEPKhh
                0x00003b18       0x68 C:\Users\javie\AppData\Local\Temp\arduino\sketches\6828EBF2BE727A3E1C33E62790822746/..\..\cores\adafruit_samd_adafruit_feather_m0_04638c499635d2f6f962c4c8703bc7da\core.a(USBCore.cpp.o)
                0x00003b18                USBDeviceClass::sendStringDescriptor(unsigned char const*, unsigned char)
 .text._ZN14USBDeviceClass17sendConfigurationEm
                0x00003b80       0x80 C:\Users\javie\AppData\Local\Temp\arduino\sketches\6828EBF2BE727A3E1C33E62790822746/..\..\cores\adafruit_samd_adafruit_feather_m0_04638c499635d2f6f962c4c8703bc7da\core.a(USBCore.cpp.o)
                0x00003b80                USBDeviceClass::sendConfiguration(unsigned long)
 .text._ZN14USBDeviceClass14sendDescriptorER8USBSetup
                0x00003c00       0xe4 C:\Users\javie\AppData\Local\Temp\arduino\sketches\6828EBF2BE727A3E1C33E62790822746/..\..\cores\adafruit_samd_adafruit_feather_m0_04638c499635d2f6f962c4c8703bc7da\core.a(USBCore.cpp.o)
                0x00003c00                USBDeviceClass::sendDescriptor(USBSetup&)
 .text._ZN14USBDeviceClass19handleStandardSetupER8USBSetup
                0x00003ce4      0x118 C:\Users\javie\AppData\Local\Temp\arduino\sketches\6828EBF2BE727A3E1C33E62790822746/..\..\cores\adafruit_samd_adafruit_feather_m0_04638c499635d2f6f962c4c8703bc7da\core.a(USBCore.cpp.o)
                0x00003ce4                USBDeviceClass::handleStandardSetup(USBSetup&)
 .text._ZN14USBDeviceClass10ISRHandlerEv
                0x00003dfc      0x150 C:\Users\javie\AppData\Local\Temp\arduino\sketches\6828EBF2BE727A3E1C33E62790822746/..\..\cores\adafruit_samd_adafruit_feather_m0_04638c499635d2f6f962c4c8703bc7da\core.a(USBCore.cpp.o)
                0x00003dfc                USBDeviceClass::ISRHandler()
 .text.UDD_Handler
                0x00003f4c       0x10 C:\Users\javie\AppData\Local\Temp\arduino\sketches\6828EBF2BE727A3E1C33E62790822746/..\..\cores\adafruit_samd_adafruit_feather_m0_04638c499635d2f6f962c4c8703bc7da\core.a(USBCore.cpp.o)
                0x00003f4c                UDD_Handler
 .text.startup._GLOBAL__sub_I_usbd
                0x00003f5c       0x10 C:\Users\javie\AppData\Local\Temp\arduino\sketches\6828EBF2BE727A3E1C33E62790822746/..\..\cores\adafruit_samd_adafruit_feather_m0_04638c499635d2f6f962c4c8703bc7da\core.a(USBCore.cpp.o)
 .text._ZN4UartcvbEv
                0x00003f6c        0x4 C:\Users\javie\AppData\Local\Temp\arduino\sketches\6828EBF2BE727A3E1C33E62790822746/..\..\cores\adafruit_samd_adafruit_feather_m0_04638c499635d2f6f962c4c8703bc7da\core.a(Uart.cpp.o)
                0x00003f6c                Uart::operator bool()
 .text._ZN4Uart5beginEm
                0x00003f70       0x10 C:\Users\javie\AppData\Local\Temp\arduino\sketches\6828EBF2BE727A3E1C33E62790822746/..\..\cores\adafruit_samd_adafruit_feather_m0_04638c499635d2f6f962c4c8703bc7da\core.a(Uart.cpp.o)
                0x00003f70                Uart::begin(unsigned long)
 .text._ZN4Uart4peekEv
                0x00003f80       0x1a C:\Users\javie\AppData\Local\Temp\arduino\sketches\6828EBF2BE727A3E1C33E62790822746/..\..\cores\adafruit_samd_adafruit_feather_m0_04638c499635d2f6f962c4c8703bc7da\core.a(Uart.cpp.o)
                0x00003f80                Uart::peek()
 .text._ZN4Uart3endEv
                0x00003f9a       0x20 C:\Users\javie\AppData\Local\Temp\arduino\sketches\6828EBF2BE727A3E1C33E62790822746/..\..\cores\adafruit_samd_adafruit_feather_m0_04638c499635d2f6f962c4c8703bc7da\core.a(Uart.cpp.o)
                0x00003f9a                Uart::end()
 .text._ZN4Uart15extractCharSizeEt
                0x00003fba       0x28 C:\Users\javie\AppData\Local\Temp\arduino\sketches\6828EBF2BE727A3E1C33E62790822746/..\..\cores\adafruit_samd_adafruit_feather_m0_04638c499635d2f6f962c4c8703bc7da\core.a(Uart.cpp.o)
                0x00003fba                Uart::extractCharSize(unsigned short)
 .text._ZN4Uart13extractParityEt
                0x00003fe2       0x14 C:\Users\javie\AppData\Local\Temp\arduino\sketches\6828EBF2BE727A3E1C33E62790822746/..\..\cores\adafruit_samd_adafruit_feather_m0_04638c499635d2f6f962c4c8703bc7da\core.a(Uart.cpp.o)
                0x00003fe2                Uart::extractParity(unsigned short)
 *fill*         0x00003ff6        0x2 
 .text._ZN4Uart5beginEmt
                0x00003ff8       0xf8 C:\Users\javie\AppData\Local\Temp\arduino\sketches\6828EBF2BE727A3E1C33E62790822746/..\..\cores\adafruit_samd_adafruit_feather_m0_04638c499635d2f6f962c4c8703bc7da\core.a(Uart.cpp.o)
                0x00003ff8                Uart::begin(unsigned long, unsigned short)
 .text._ZN11RingBufferNILi350EEC2Ev
                0x000040f0       0x1c C:\Users\javie\AppData\Local\Temp\arduino\sketches\6828EBF2BE727A3E1C33E62790822746/..\..\cores\adafruit_samd_adafruit_feather_m0_04638c499635d2f6f962c4c8703bc7da\core.a(Uart.cpp.o)
                0x000040f0                RingBufferN<350>::RingBufferN()
                0x000040f0                RingBufferN<350>::RingBufferN()
 .text._ZN4UartC2EP6SERCOMhh11SercomRXPad15SercomUartTXPad
                0x0000410c       0x70 C:\Users\javie\AppData\Local\Temp\arduino\sketches\6828EBF2BE727A3E1C33E62790822746/..\..\cores\adafruit_samd_adafruit_feather_m0_04638c499635d2f6f962c4c8703bc7da\core.a(Uart.cpp.o)
                0x0000410c                Uart::Uart(SERCOM*, unsigned char, unsigned char, SercomRXPad, SercomUartTXPad)
                0x0000410c                Uart::Uart(SERCOM*, unsigned char, unsigned char, SercomRXPad, SercomUartTXPad)
 .text._ZN11RingBufferNILi350EE9availableEv
                0x0000417c       0x12 C:\Users\javie\AppData\Local\Temp\arduino\sketches\6828EBF2BE727A3E1C33E62790822746/..\..\cores\adafruit_samd_adafruit_feather_m0_04638c499635d2f6f962c4c8703bc7da\core.a(Uart.cpp.o)
                0x0000417c                RingBufferN<350>::available()
 .text._ZN4Uart5flushEv
                0x0000418e       0x1a C:\Users\javie\AppData\Local\Temp\arduino\sketches\6828EBF2BE727A3E1C33E62790822746/..\..\cores\adafruit_samd_adafruit_feather_m0_04638c499635d2f6f962c4c8703bc7da\core.a(Uart.cpp.o)
                0x0000418e                Uart::flush()
 .text._ZN4Uart9availableEv
                0x000041a8        0xa C:\Users\javie\AppData\Local\Temp\arduino\sketches\6828EBF2BE727A3E1C33E62790822746/..\..\cores\adafruit_samd_adafruit_feather_m0_04638c499635d2f6f962c4c8703bc7da\core.a(Uart.cpp.o)
                0x000041a8                Uart::available()
 .text._ZN11RingBufferNILi350EE17availableForStoreEv
                0x000041b2       0x22 C:\Users\javie\AppData\Local\Temp\arduino\sketches\6828EBF2BE727A3E1C33E62790822746/..\..\cores\adafruit_samd_adafruit_feather_m0_04638c499635d2f6f962c4c8703bc7da\core.a(Uart.cpp.o)
                0x000041b2                RingBufferN<350>::availableForStore()
 .text._ZN4Uart17availableForWriteEv
                0x000041d4        0xc C:\Users\javie\AppData\Local\Temp\arduino\sketches\6828EBF2BE727A3E1C33E62790822746/..\..\cores\adafruit_samd_adafruit_feather_m0_04638c499635d2f6f962c4c8703bc7da\core.a(Uart.cpp.o)
                0x000041d4                Uart::availableForWrite()
 .text._ZN4Uart10IrqHandlerEv
                0x000041e0       0xda C:\Users\javie\AppData\Local\Temp\arduino\sketches\6828EBF2BE727A3E1C33E62790822746/..\..\cores\adafruit_samd_adafruit_feather_m0_04638c499635d2f6f962c4c8703bc7da\core.a(Uart.cpp.o)
                0x000041e0                Uart::IrqHandler()
 *fill*         0x000042ba        0x2 
 .text._ZN4Uart5writeEh
                0x000042bc       0xc4 C:\Users\javie\AppData\Local\Temp\arduino\sketches\6828EBF2BE727A3E1C33E62790822746/..\..\cores\adafruit_samd_adafruit_feather_m0_04638c499635d2f6f962c4c8703bc7da\core.a(Uart.cpp.o)
                0x000042bc                Uart::write(unsigned char)
 .text._ZN4Uart4readEv
                0x00004380       0x52 C:\Users\javie\AppData\Local\Temp\arduino\sketches\6828EBF2BE727A3E1C33E62790822746/..\..\cores\adafruit_samd_adafruit_feather_m0_04638c499635d2f6f962c4c8703bc7da\core.a(Uart.cpp.o)
                0x00004380                Uart::read()
 .text.__cxa_pure_virtual
                0x000043d2        0x2 C:\Users\javie\AppData\Local\Temp\arduino\sketches\6828EBF2BE727A3E1C33E62790822746/..\..\cores\adafruit_samd_adafruit_feather_m0_04638c499635d2f6f962c4c8703bc7da\core.a(abi.cpp.o)
                0x000043d2                __cxa_pure_virtual
 .text.Dummy_Handler
                0x000043d4        0x2 C:\Users\javie\AppData\Local\Temp\arduino\sketches\6828EBF2BE727A3E1C33E62790822746/..\..\cores\adafruit_samd_adafruit_feather_m0_04638c499635d2f6f962c4c8703bc7da\core.a(cortex_handlers.c.o)
                0x000043d4                HardFault_Handler
                0x000043d4                AC_Handler
                0x000043d4                PendSV_Handler
                0x000043d4                NMI_Handler
                0x000043d4                TC7_Handler
                0x000043d4                SERCOM1_Handler
                0x000043d4                ADC_Handler
                0x000043d4                TCC1_Handler
                0x000043d4                SERCOM2_Handler
                0x000043d4                TCC0_Handler
                0x000043d4                RTC_Handler
                0x000043d4                EIC_Handler
                0x000043d4                TC6_Handler
                0x000043d4                WDT_Handler
                0x000043d4                TC4_Handler
                0x000043d4                TC3_Handler
                0x000043d4                Dummy_Handler
                0x000043d4                PM_Handler
                0x000043d4                SVC_Handler
                0x000043d4                TCC2_Handler
                0x000043d4                EVSYS_Handler
                0x000043d4                SERCOM4_Handler
                0x000043d4                I2S_Handler
                0x000043d4                NVMCTRL_Handler
                0x000043d4                DAC_Handler
                0x000043d4                PTC_Handler
                0x000043d4                SYSCTRL_Handler
 *fill*         0x000043d6        0x2 
 .text.USB_Handler
                0x000043d8       0x14 C:\Users\javie\AppData\Local\Temp\arduino\sketches\6828EBF2BE727A3E1C33E62790822746/..\..\cores\adafruit_samd_adafruit_feather_m0_04638c499635d2f6f962c4c8703bc7da\core.a(cortex_handlers.c.o)
                0x000043d8                USB_Handler
 .text.Reset_Handler
                0x000043ec       0x54 C:\Users\javie\AppData\Local\Temp\arduino\sketches\6828EBF2BE727A3E1C33E62790822746/..\..\cores\adafruit_samd_adafruit_feather_m0_04638c499635d2f6f962c4c8703bc7da\core.a(cortex_handlers.c.o)
                0x000043ec                Reset_Handler
 .text.SysTick_Handler
                0x00004440       0x10 C:\Users\javie\AppData\Local\Temp\arduino\sketches\6828EBF2BE727A3E1C33E62790822746/..\..\cores\adafruit_samd_adafruit_feather_m0_04638c499635d2f6f962c4c8703bc7da\core.a(cortex_handlers.c.o)
                0x00004440                SysTick_Handler
 .text.USB_SetHandler
                0x00004450        0xc C:\Users\javie\AppData\Local\Temp\arduino\sketches\6828EBF2BE727A3E1C33E62790822746/..\..\cores\adafruit_samd_adafruit_feather_m0_04638c499635d2f6f962c4c8703bc7da\core.a(cortex_handlers.c.o)
                0x00004450                USB_SetHandler
 .text.millis   0x0000445c        0xc C:\Users\javie\AppData\Local\Temp\arduino\sketches\6828EBF2BE727A3E1C33E62790822746/..\..\cores\adafruit_samd_adafruit_feather_m0_04638c499635d2f6f962c4c8703bc7da\core.a(delay.c.o)
                0x0000445c                millis
 .text.micros   0x00004468       0x60 C:\Users\javie\AppData\Local\Temp\arduino\sketches\6828EBF2BE727A3E1C33E62790822746/..\..\cores\adafruit_samd_adafruit_feather_m0_04638c499635d2f6f962c4c8703bc7da\core.a(delay.c.o)
                0x00004468                micros
 .text.delay    0x000044c8       0x2c C:\Users\javie\AppData\Local\Temp\arduino\sketches\6828EBF2BE727A3E1C33E62790822746/..\..\cores\adafruit_samd_adafruit_feather_m0_04638c499635d2f6f962c4c8703bc7da\core.a(delay.c.o)
                0x000044c8                delay
 .text.SysTick_DefaultHandler
                0x000044f4       0x14 C:\Users\javie\AppData\Local\Temp\arduino\sketches\6828EBF2BE727A3E1C33E62790822746/..\..\cores\adafruit_samd_adafruit_feather_m0_04638c499635d2f6f962c4c8703bc7da\core.a(delay.c.o)
                0x000044f4                SysTick_DefaultHandler
 .text.__empty  0x00004508        0x2 C:\Users\javie\AppData\Local\Temp\arduino\sketches\6828EBF2BE727A3E1C33E62790822746/..\..\cores\adafruit_samd_adafruit_feather_m0_04638c499635d2f6f962c4c8703bc7da\core.a(hooks.c.o)
                0x00004508                yield
 .text.__false  0x0000450a        0x4 C:\Users\javie\AppData\Local\Temp\arduino\sketches\6828EBF2BE727A3E1C33E62790822746/..\..\cores\adafruit_samd_adafruit_feather_m0_04638c499635d2f6f962c4c8703bc7da\core.a(hooks.c.o)
                0x0000450a                sysTickHook
 .text._Z11initVariantv
                0x0000450e        0x2 C:\Users\javie\AppData\Local\Temp\arduino\sketches\6828EBF2BE727A3E1C33E62790822746/..\..\cores\adafruit_samd_adafruit_feather_m0_04638c499635d2f6f962c4c8703bc7da\core.a(main.cpp.o)
                0x0000450e                initVariant()
 .text.startup.main
                0x00004510       0x44 C:\Users\javie\AppData\Local\Temp\arduino\sketches\6828EBF2BE727A3E1C33E62790822746/..\..\cores\adafruit_samd_adafruit_feather_m0_04638c499635d2f6f962c4c8703bc7da\core.a(main.cpp.o)
                0x00004510                main
 .text._Znwj    0x00004554        0x8 C:\Users\javie\AppData\Local\Temp\arduino\sketches\6828EBF2BE727A3E1C33E62790822746/..\..\cores\adafruit_samd_adafruit_feather_m0_04638c499635d2f6f962c4c8703bc7da\core.a(new.cpp.o)
                0x00004554                operator new(unsigned int)
 .text._ZdlPv   0x0000455c        0x8 C:\Users\javie\AppData\Local\Temp\arduino\sketches\6828EBF2BE727A3E1C33E62790822746/..\..\cores\adafruit_samd_adafruit_feather_m0_04638c499635d2f6f962c4c8703bc7da\core.a(new.cpp.o)
                0x0000455c                operator delete(void*)
 .text.SystemInit
                0x00004564      0x160 C:\Users\javie\AppData\Local\Temp\arduino\sketches\6828EBF2BE727A3E1C33E62790822746/..\..\cores\adafruit_samd_adafruit_feather_m0_04638c499635d2f6f962c4c8703bc7da\core.a(startup.c.o)
                0x00004564                SystemInit
 .text.init     0x000046c4       0xe0 C:\Users\javie\AppData\Local\Temp\arduino\sketches\6828EBF2BE727A3E1C33E62790822746/..\..\cores\adafruit_samd_adafruit_feather_m0_04638c499635d2f6f962c4c8703bc7da\core.a(wiring.c.o)
                0x000046c4                init
 .text.analogReference
                0x000047a4       0x88 C:\Users\javie\AppData\Local\Temp\arduino\sketches\6828EBF2BE727A3E1C33E62790822746/..\..\cores\adafruit_samd_adafruit_feather_m0_04638c499635d2f6f962c4c8703bc7da\core.a(wiring_analog.c.o)
                0x000047a4                analogReference
 .text.analogWrite
                0x0000482c      0x1cc C:\Users\javie\AppData\Local\Temp\arduino\sketches\6828EBF2BE727A3E1C33E62790822746/..\..\cores\adafruit_samd_adafruit_feather_m0_04638c499635d2f6f962c4c8703bc7da\core.a(wiring_analog.c.o)
                0x0000482c                analogWrite
 .text.pinMode  0x000049f8       0x60 C:\Users\javie\AppData\Local\Temp\arduino\sketches\6828EBF2BE727A3E1C33E62790822746/..\..\cores\adafruit_samd_adafruit_feather_m0_04638c499635d2f6f962c4c8703bc7da\core.a(wiring_digital.c.o)
                0x000049f8                pinMode
 .text.digitalWrite
                0x00004a58       0x58 C:\Users\javie\AppData\Local\Temp\arduino\sketches\6828EBF2BE727A3E1C33E62790822746/..\..\cores\adafruit_samd_adafruit_feather_m0_04638c499635d2f6f962c4c8703bc7da\core.a(wiring_digital.c.o)
                0x00004a58                digitalWrite
 .text.digitalRead
                0x00004ab0       0x30 C:\Users\javie\AppData\Local\Temp\arduino\sketches\6828EBF2BE727A3E1C33E62790822746/..\..\cores\adafruit_samd_adafruit_feather_m0_04638c499635d2f6f962c4c8703bc7da\core.a(wiring_digital.c.o)
                0x00004ab0                digitalRead
 .text.pinPeripheral
                0x00004ae0       0xbc C:\Users\javie\AppData\Local\Temp\arduino\sketches\6828EBF2BE727A3E1C33E62790822746/..\..\cores\adafruit_samd_adafruit_feather_m0_04638c499635d2f6f962c4c8703bc7da\core.a(wiring_private.c.o)
                0x00004ae0                pinPeripheral
 .text.initiateReset
                0x00004b9c        0xc C:\Users\javie\AppData\Local\Temp\arduino\sketches\6828EBF2BE727A3E1C33E62790822746/..\..\cores\adafruit_samd_adafruit_feather_m0_04638c499635d2f6f962c4c8703bc7da\core.a(Reset.cpp.o)
                0x00004b9c                initiateReset
 .text.cancelReset
                0x00004ba8       0x10 C:\Users\javie\AppData\Local\Temp\arduino\sketches\6828EBF2BE727A3E1C33E62790822746/..\..\cores\adafruit_samd_adafruit_feather_m0_04638c499635d2f6f962c4c8703bc7da\core.a(Reset.cpp.o)
                0x00004ba8                cancelReset
 .text.tickReset
                0x00004bb8       0x74 C:\Users\javie\AppData\Local\Temp\arduino\sketches\6828EBF2BE727A3E1C33E62790822746/..\..\cores\adafruit_samd_adafruit_feather_m0_04638c499635d2f6f962c4c8703bc7da\core.a(Reset.cpp.o)
                0x00004bb8                tickReset
 .text._ZN13PluggableUSB_12getInterfaceEPh
                0x00004c2c       0x28 C:\Users\javie\AppData\Local\Temp\arduino\sketches\6828EBF2BE727A3E1C33E62790822746/..\..\cores\adafruit_samd_adafruit_feather_m0_04638c499635d2f6f962c4c8703bc7da\core.a(PluggableUSB.cpp.o)
                0x00004c2c                PluggableUSB_::getInterface(unsigned char*)
 .text._ZN13PluggableUSB_13getDescriptorER8USBSetup
                0x00004c54       0x20 C:\Users\javie\AppData\Local\Temp\arduino\sketches\6828EBF2BE727A3E1C33E62790822746/..\..\cores\adafruit_samd_adafruit_feather_m0_04638c499635d2f6f962c4c8703bc7da\core.a(PluggableUSB.cpp.o)
                0x00004c54                PluggableUSB_::getDescriptor(USBSetup&)
 .text._ZN13PluggableUSB_5setupER8USBSetup
                0x00004c74       0x20 C:\Users\javie\AppData\Local\Temp\arduino\sketches\6828EBF2BE727A3E1C33E62790822746/..\..\cores\adafruit_samd_adafruit_feather_m0_04638c499635d2f6f962c4c8703bc7da\core.a(PluggableUSB.cpp.o)
                0x00004c74                PluggableUSB_::setup(USBSetup&)
 .text._Z12PluggableUSBv
                0x00004c94       0x28 C:\Users\javie\AppData\Local\Temp\arduino\sketches\6828EBF2BE727A3E1C33E62790822746/..\..\cores\adafruit_samd_adafruit_feather_m0_04638c499635d2f6f962c4c8703bc7da\core.a(PluggableUSB.cpp.o)
                0x00004c94                PluggableUSB()
 .text._ZN20USBDevice_SAMD21G18x5resetEv
                0x00004cbc       0x2a C:\Users\javie\AppData\Local\Temp\arduino\sketches\6828EBF2BE727A3E1C33E62790822746/..\..\cores\adafruit_samd_adafruit_feather_m0_04638c499635d2f6f962c4c8703bc7da\core.a(SAMD21_USBDevice.cpp.o)
                0x00004cbc                USBDevice_SAMD21G18x::reset()
 *fill*         0x00004ce6        0x2 
 .text._ZN20USBDevice_SAMD21G18x9calibrateEv
                0x00004ce8       0x60 C:\Users\javie\AppData\Local\Temp\arduino\sketches\6828EBF2BE727A3E1C33E62790822746/..\..\cores\adafruit_samd_adafruit_feather_m0_04638c499635d2f6f962c4c8703bc7da\core.a(SAMD21_USBDevice.cpp.o)
                0x00004ce8                USBDevice_SAMD21G18x::calibrate()
 .text          0x00004d48       0x14 c:/users/javie/appdata/local/arduino15/packages/adafruit/tools/arm-none-eabi-gcc/9-2019q4/bin/../lib/gcc/arm-none-eabi/9.2.1/thumb/v6-m/nofp\libgcc.a(_thumb1_case_uqi.o)
                0x00004d48                __gnu_thumb1_case_uqi
 .text          0x00004d5c      0x114 c:/users/javie/appdata/local/arduino15/packages/adafruit/tools/arm-none-eabi-gcc/9-2019q4/bin/../lib/gcc/arm-none-eabi/9.2.1/thumb/v6-m/nofp\libgcc.a(_udivsi3.o)
                0x00004d5c                __aeabi_uidiv
                0x00004d5c                __udivsi3
                0x00004e68                __aeabi_uidivmod
 .text          0x00004e70      0x1d4 c:/users/javie/appdata/local/arduino15/packages/adafruit/tools/arm-none-eabi-gcc/9-2019q4/bin/../lib/gcc/arm-none-eabi/9.2.1/thumb/v6-m/nofp\libgcc.a(_divsi3.o)
                0x00004e70                __divsi3
                0x00004e70                __aeabi_idiv
                0x0000503c                __aeabi_idivmod
 .text          0x00005044        0x4 c:/users/javie/appdata/local/arduino15/packages/adafruit/tools/arm-none-eabi-gcc/9-2019q4/bin/../lib/gcc/arm-none-eabi/9.2.1/thumb/v6-m/nofp\libgcc.a(_dvmd_tls.o)
                0x00005044                __aeabi_idiv0
                0x00005044                __aeabi_ldiv0
 .text          0x00005048       0x40 c:/users/javie/appdata/local/arduino15/packages/adafruit/tools/arm-none-eabi-gcc/9-2019q4/bin/../lib/gcc/arm-none-eabi/9.2.1/thumb/v6-m/nofp\libgcc.a(_aeabi_uldivmod.o)
                0x00005048                __aeabi_uldivmod
 .text          0x00005088       0x50 c:/users/javie/appdata/local/arduino15/packages/adafruit/tools/arm-none-eabi-gcc/9-2019q4/bin/../lib/gcc/arm-none-eabi/9.2.1/thumb/v6-m/nofp\libgcc.a(_muldi3.o)
                0x00005088                __muldi3
                0x00005088                __aeabi_lmul
 .text          0x000050d8      0x198 c:/users/javie/appdata/local/arduino15/packages/adafruit/tools/arm-none-eabi-gcc/9-2019q4/bin/../lib/gcc/arm-none-eabi/9.2.1/thumb/v6-m/nofp\libgcc.a(_udivmoddi4.o)
                0x000050d8                __udivmoddi4
 .text          0x00005270       0x3c c:/users/javie/appdata/local/arduino15/packages/adafruit/tools/arm-none-eabi-gcc/9-2019q4/bin/../lib/gcc/arm-none-eabi/9.2.1/thumb/v6-m/nofp\libgcc.a(_clzsi2.o)
                0x00005270                __clzsi2
 .text          0x000052ac       0x18 c:/users/javie/appdata/local/arduino15/packages/adafruit/tools/arm-none-eabi-gcc/9-2019q4/bin/../lib/gcc/arm-none-eabi/9.2.1/thumb/v6-m/nofp\libgcc.a(_clzdi2.o)
                0x000052ac                __clzdi2
 .text.__assert_func
                0x000052c4       0x3c c:/users/javie/appdata/local/arduino15/packages/adafruit/tools/arm-none-eabi-gcc/9-2019q4/bin/../lib/gcc/arm-none-eabi/9.2.1/../../../../arm-none-eabi/lib/thumb/v6-m/nofp\libc_nano.a(lib_a-assert.o)
                0x000052c4                __assert_func
 .text.fprintf  0x00005300       0x20 c:/users/javie/appdata/local/arduino15/packages/adafruit/tools/arm-none-eabi-gcc/9-2019q4/bin/../lib/gcc/arm-none-eabi/9.2.1/../../../../arm-none-eabi/lib/thumb/v6-m/nofp\libc_nano.a(lib_a-fprintf.o)
                0x00005300                fiprintf
                0x00005300                fprintf
 .text.__libc_init_array
                0x00005320       0x48 c:/users/javie/appdata/local/arduino15/packages/adafruit/tools/arm-none-eabi-gcc/9-2019q4/bin/../lib/gcc/arm-none-eabi/9.2.1/../../../../arm-none-eabi/lib/thumb/v6-m/nofp\libc_nano.a(lib_a-init.o)
                0x00005320                __libc_init_array
 .text.memalign
                0x00005368       0x14 c:/users/javie/appdata/local/arduino15/packages/adafruit/tools/arm-none-eabi-gcc/9-2019q4/bin/../lib/gcc/arm-none-eabi/9.2.1/../../../../arm-none-eabi/lib/thumb/v6-m/nofp\libc_nano.a(lib_a-malign.o)
                0x00005368                memalign
 .text.malloc   0x0000537c       0x14 c:/users/javie/appdata/local/arduino15/packages/adafruit/tools/arm-none-eabi-gcc/9-2019q4/bin/../lib/gcc/arm-none-eabi/9.2.1/../../../../arm-none-eabi/lib/thumb/v6-m/nofp\libc_nano.a(lib_a-malloc.o)
                0x0000537c                malloc
 .text.free     0x00005390       0x14 c:/users/javie/appdata/local/arduino15/packages/adafruit/tools/arm-none-eabi-gcc/9-2019q4/bin/../lib/gcc/arm-none-eabi/9.2.1/../../../../arm-none-eabi/lib/thumb/v6-m/nofp\libc_nano.a(lib_a-malloc.o)
                0x00005390                free
 .text.memcpy   0x000053a4       0x12 c:/users/javie/appdata/local/arduino15/packages/adafruit/tools/arm-none-eabi-gcc/9-2019q4/bin/../lib/gcc/arm-none-eabi/9.2.1/../../../../arm-none-eabi/lib/thumb/v6-m/nofp\libc_nano.a(lib_a-memcpy-stub.o)
                0x000053a4                memcpy
 .text.memset   0x000053b6       0x10 c:/users/javie/appdata/local/arduino15/packages/adafruit/tools/arm-none-eabi-gcc/9-2019q4/bin/../lib/gcc/arm-none-eabi/9.2.1/../../../../arm-none-eabi/lib/thumb/v6-m/nofp\libc_nano.a(lib_a-memset.o)
                0x000053b6                memset
 *fill*         0x000053c6        0x2 
 .text._free_r  0x000053c8       0x94 c:/users/javie/appdata/local/arduino15/packages/adafruit/tools/arm-none-eabi-gcc/9-2019q4/bin/../lib/gcc/arm-none-eabi/9.2.1/../../../../arm-none-eabi/lib/thumb/v6-m/nofp\libc_nano.a(lib_a-nano-freer.o)
                0x000053c8                _free_r
 .text._memalign_r
                0x0000545c       0x8c c:/users/javie/appdata/local/arduino15/packages/adafruit/tools/arm-none-eabi-gcc/9-2019q4/bin/../lib/gcc/arm-none-eabi/9.2.1/../../../../arm-none-eabi/lib/thumb/v6-m/nofp\libc_nano.a(lib_a-nano-malignr.o)
                0x0000545c                _memalign_r
 .text._malloc_r
                0x000054e8       0xbc c:/users/javie/appdata/local/arduino15/packages/adafruit/tools/arm-none-eabi-gcc/9-2019q4/bin/../lib/gcc/arm-none-eabi/9.2.1/../../../../arm-none-eabi/lib/thumb/v6-m/nofp\libc_nano.a(lib_a-nano-mallocr.o)
                0x000054e8                _malloc_r
 .text.__sfputc_r
                0x000055a4       0x2a c:/users/javie/appdata/local/arduino15/packages/adafruit/tools/arm-none-eabi-gcc/9-2019q4/bin/../lib/gcc/arm-none-eabi/9.2.1/../../../../arm-none-eabi/lib/thumb/v6-m/nofp\libc_nano.a(lib_a-nano-vfprintf.o)
 .text.__sfputs_r
                0x000055ce       0x24 c:/users/javie/appdata/local/arduino15/packages/adafruit/tools/arm-none-eabi-gcc/9-2019q4/bin/../lib/gcc/arm-none-eabi/9.2.1/../../../../arm-none-eabi/lib/thumb/v6-m/nofp\libc_nano.a(lib_a-nano-vfprintf.o)
                0x000055ce                __sfputs_r
 *fill*         0x000055f2        0x2 
 .text._vfprintf_r
                0x000055f4      0x274 c:/users/javie/appdata/local/arduino15/packages/adafruit/tools/arm-none-eabi-gcc/9-2019q4/bin/../lib/gcc/arm-none-eabi/9.2.1/../../../../arm-none-eabi/lib/thumb/v6-m/nofp\libc_nano.a(lib_a-nano-vfprintf.o)
                0x000055f4                _vfprintf_r
                0x000055f4                _vfiprintf_r
 .text._printf_common
                0x00005868       0xde c:/users/javie/appdata/local/arduino15/packages/adafruit/tools/arm-none-eabi-gcc/9-2019q4/bin/../lib/gcc/arm-none-eabi/9.2.1/../../../../arm-none-eabi/lib/thumb/v6-m/nofp\libc_nano.a(lib_a-nano-vfprintf_i.o)
                0x00005868                _printf_common
 *fill*         0x00005946        0x2 
 .text._printf_i
                0x00005948      0x224 c:/users/javie/appdata/local/arduino15/packages/adafruit/tools/arm-none-eabi-gcc/9-2019q4/bin/../lib/gcc/arm-none-eabi/9.2.1/../../../../arm-none-eabi/lib/thumb/v6-m/nofp\libc_nano.a(lib_a-nano-vfprintf_i.o)
                0x00005948                _printf_i
 .text._sbrk_r  0x00005b6c       0x24 c:/users/javie/appdata/local/arduino15/packages/adafruit/tools/arm-none-eabi-gcc/9-2019q4/bin/../lib/gcc/arm-none-eabi/9.2.1/../../../../arm-none-eabi/lib/thumb/v6-m/nofp\libc_nano.a(lib_a-sbrkr.o)
                0x00005b6c                _sbrk_r
 .text          0x00005b90        0xe c:/users/javie/appdata/local/arduino15/packages/adafruit/tools/arm-none-eabi-gcc/9-2019q4/bin/../lib/gcc/arm-none-eabi/9.2.1/../../../../arm-none-eabi/lib/thumb/v6-m/nofp\libc_nano.a(lib_a-strlen.o)
                0x00005b90                strlen
 *fill*         0x00005b9e        0x2 
 .text.__swbuf_r
                0x00005ba0       0xac c:/users/javie/appdata/local/arduino15/packages/adafruit/tools/arm-none-eabi-gcc/9-2019q4/bin/../lib/gcc/arm-none-eabi/9.2.1/../../../../arm-none-eabi/lib/thumb/v6-m/nofp\libc_nano.a(lib_a-wbuf.o)
                0x00005ba0                __swbuf_r
 .text.__swsetup_r
                0x00005c4c       0xf0 c:/users/javie/appdata/local/arduino15/packages/adafruit/tools/arm-none-eabi-gcc/9-2019q4/bin/../lib/gcc/arm-none-eabi/9.2.1/../../../../arm-none-eabi/lib/thumb/v6-m/nofp\libc_nano.a(lib_a-wsetup.o)
                0x00005c4c                __swsetup_r
 .text.abort    0x00005d3c        0xe c:/users/javie/appdata/local/arduino15/packages/adafruit/tools/arm-none-eabi-gcc/9-2019q4/bin/../lib/gcc/arm-none-eabi/9.2.1/../../../../arm-none-eabi/lib/thumb/v6-m/nofp\libc_nano.a(lib_a-abort.o)
                0x00005d3c                abort
 *fill*         0x00005d4a        0x2 
 .text.__sflush_r
                0x00005d4c      0x118 c:/users/javie/appdata/local/arduino15/packages/adafruit/tools/arm-none-eabi-gcc/9-2019q4/bin/../lib/gcc/arm-none-eabi/9.2.1/../../../../arm-none-eabi/lib/thumb/v6-m/nofp\libc_nano.a(lib_a-fflush.o)
                0x00005d4c                __sflush_r
 .text._fflush_r
                0x00005e64       0x80 c:/users/javie/appdata/local/arduino15/packages/adafruit/tools/arm-none-eabi-gcc/9-2019q4/bin/../lib/gcc/arm-none-eabi/9.2.1/../../../../arm-none-eabi/lib/thumb/v6-m/nofp\libc_nano.a(lib_a-fflush.o)
                0x00005e64                _fflush_r
 .text.std      0x00005ee4       0x48 c:/users/javie/appdata/local/arduino15/packages/adafruit/tools/arm-none-eabi-gcc/9-2019q4/bin/../lib/gcc/arm-none-eabi/9.2.1/../../../../arm-none-eabi/lib/thumb/v6-m/nofp\libc_nano.a(lib_a-findfp.o)
 .text._cleanup_r
                0x00005f2c       0x10 c:/users/javie/appdata/local/arduino15/packages/adafruit/tools/arm-none-eabi-gcc/9-2019q4/bin/../lib/gcc/arm-none-eabi/9.2.1/../../../../arm-none-eabi/lib/thumb/v6-m/nofp\libc_nano.a(lib_a-findfp.o)
                0x00005f2c                _cleanup_r
 .text.__sfmoreglue
                0x00005f3c       0x2c c:/users/javie/appdata/local/arduino15/packages/adafruit/tools/arm-none-eabi-gcc/9-2019q4/bin/../lib/gcc/arm-none-eabi/9.2.1/../../../../arm-none-eabi/lib/thumb/v6-m/nofp\libc_nano.a(lib_a-findfp.o)
                0x00005f3c                __sfmoreglue
 .text.__sfp_lock_acquire
                0x00005f68       0x10 c:/users/javie/appdata/local/arduino15/packages/adafruit/tools/arm-none-eabi-gcc/9-2019q4/bin/../lib/gcc/arm-none-eabi/9.2.1/../../../../arm-none-eabi/lib/thumb/v6-m/nofp\libc_nano.a(lib_a-findfp.o)
                0x00005f68                __sfp_lock_acquire
 .text.__sfp_lock_release
                0x00005f78       0x10 c:/users/javie/appdata/local/arduino15/packages/adafruit/tools/arm-none-eabi-gcc/9-2019q4/bin/../lib/gcc/arm-none-eabi/9.2.1/../../../../arm-none-eabi/lib/thumb/v6-m/nofp\libc_nano.a(lib_a-findfp.o)
                0x00005f78                __sfp_lock_release
 .text.__sinit_lock_acquire
                0x00005f88       0x10 c:/users/javie/appdata/local/arduino15/packages/adafruit/tools/arm-none-eabi-gcc/9-2019q4/bin/../lib/gcc/arm-none-eabi/9.2.1/../../../../arm-none-eabi/lib/thumb/v6-m/nofp\libc_nano.a(lib_a-findfp.o)
                0x00005f88                __sinit_lock_acquire
 .text.__sinit_lock_release
                0x00005f98       0x10 c:/users/javie/appdata/local/arduino15/packages/adafruit/tools/arm-none-eabi-gcc/9-2019q4/bin/../lib/gcc/arm-none-eabi/9.2.1/../../../../arm-none-eabi/lib/thumb/v6-m/nofp\libc_nano.a(lib_a-findfp.o)
                0x00005f98                __sinit_lock_release
 .text.__sinit  0x00005fa8       0x70 c:/users/javie/appdata/local/arduino15/packages/adafruit/tools/arm-none-eabi-gcc/9-2019q4/bin/../lib/gcc/arm-none-eabi/9.2.1/../../../../arm-none-eabi/lib/thumb/v6-m/nofp\libc_nano.a(lib_a-findfp.o)
                0x00005fa8                __sinit
 .text.__sfp    0x00006018       0x90 c:/users/javie/appdata/local/arduino15/packages/adafruit/tools/arm-none-eabi-gcc/9-2019q4/bin/../lib/gcc/arm-none-eabi/9.2.1/../../../../arm-none-eabi/lib/thumb/v6-m/nofp\libc_nano.a(lib_a-findfp.o)
                0x00006018                __sfp
 .text._fwalk_reent
                0x000060a8       0x40 c:/users/javie/appdata/local/arduino15/packages/adafruit/tools/arm-none-eabi-gcc/9-2019q4/bin/../lib/gcc/arm-none-eabi/9.2.1/../../../../arm-none-eabi/lib/thumb/v6-m/nofp\libc_nano.a(lib_a-fwalk.o)
                0x000060a8                _fwalk_reent
 .text.__retarget_lock_init_recursive
                0x000060e8        0x2 c:/users/javie/appdata/local/arduino15/packages/adafruit/tools/arm-none-eabi-gcc/9-2019q4/bin/../lib/gcc/arm-none-eabi/9.2.1/../../../../arm-none-eabi/lib/thumb/v6-m/nofp\libc_nano.a(lib_a-lock.o)